/Users/tedd/dev/lpc860/hello_p3t1755_i2c_lpcxpresso860max/drivers/fsl_clock.h:458:20:CLOCK_Select	16	static
/Users/tedd/dev/lpc860/hello_p3t1755_i2c_lpcxpresso860max/drivers/fsl_clock.h:469:20:CLOCK_SetClkDivider	16	static
/Users/tedd/dev/lpc860/hello_p3t1755_i2c_lpcxpresso860max/drivers/fsl_clock.h:490:20:CLOCK_SetCoreSysClkDiv	16	static
/Users/tedd/dev/lpc860/hello_p3t1755_i2c_lpcxpresso860max/drivers/fsl_clock.h:743:20:CLOCK_SetFroOscFreq	16	static
/Users/tedd/dev/lpc860/hello_p3t1755_i2c_lpcxpresso860max/drivers/fsl_power.h:147:20:POWER_DisablePD	16	static
../board/clock_config.c:45:6:BOARD_InitBootClocks	8	static
../board/clock_config.c:75:6:BOARD_BootClockFRO18M	8	static
../board/clock_config.c:115:6:BOARD_BootClockFRO24M	8	static
../board/clock_config.c:153:6:BOARD_BootClockFRO30M	8	static
../board/clock_config.c:194:6:BOARD_BootClockFRO36M	8	static
../board/clock_config.c:235:6:BOARD_BootClockFRO48M	8	static
../board/clock_config.c:277:6:BOARD_BootClockFRO60M	8	static
../board/clock_config.c:322:6:BOARD_BootClockPll48M	16	static
