Archive member included to satisfy reference by file (symbol)

/Applications/MCUXpressoIDE_11.8.0_1165/ide/plugins/com.nxp.mcuxpresso.tools.macosx_11.8.0.202306131047/tools/bin/../lib/gcc/arm-none-eabi/12.2.1/../../../../arm-none-eabi/lib/thumb/v6-m/nofp/libcr_semihost_nf.a(_cr__main.o)
                              ./startup/startup_lpc865.o (__main)
/Applications/MCUXpressoIDE_11.8.0_1165/ide/plugins/com.nxp.mcuxpresso.tools.macosx_11.8.0.202306131047/tools/bin/../lib/gcc/arm-none-eabi/12.2.1/../../../../arm-none-eabi/lib/thumb/v6-m/nofp/libcr_c.a(memcpy.o)
                              ./utilities/fsl_str.o (memcpy)
/Applications/MCUXpressoIDE_11.8.0_1165/ide/plugins/com.nxp.mcuxpresso.tools.macosx_11.8.0.202306131047/tools/bin/../lib/gcc/arm-none-eabi/12.2.1/../../../../arm-none-eabi/lib/thumb/v6-m/nofp/libcr_c.a(memset.o)
                              ./drivers/fsl_i2c.o (memset)
/Applications/MCUXpressoIDE_11.8.0_1165/ide/plugins/com.nxp.mcuxpresso.tools.macosx_11.8.0.202306131047/tools/bin/../lib/gcc/arm-none-eabi/12.2.1/../../../../arm-none-eabi/lib/thumb/v6-m/nofp/libcr_c.a(alloc.o)
                              ./drivers/fsl_common.o (malloc)
/Applications/MCUXpressoIDE_11.8.0_1165/ide/plugins/com.nxp.mcuxpresso.tools.macosx_11.8.0.202306131047/tools/bin/../lib/gcc/arm-none-eabi/12.2.1/../../../../arm-none-eabi/lib/thumb/v6-m/nofp/libcr_c.a(errno.o)
                              ./utilities/fsl_str.o (errno)
/Applications/MCUXpressoIDE_11.8.0_1165/ide/plugins/com.nxp.mcuxpresso.tools.macosx_11.8.0.202306131047/tools/bin/../lib/gcc/arm-none-eabi/12.2.1/../../../../arm-none-eabi/lib/thumb/v6-m/nofp/libcr_c.a(fpprintf.o)
                              ./utilities/fsl_assert.o (printf)
/Applications/MCUXpressoIDE_11.8.0_1165/ide/plugins/com.nxp.mcuxpresso.tools.macosx_11.8.0.202306131047/tools/bin/../lib/gcc/arm-none-eabi/12.2.1/../../../../arm-none-eabi/lib/thumb/v6-m/nofp/libcr_c.a(initio.o)
                              /Applications/MCUXpressoIDE_11.8.0_1165/ide/plugins/com.nxp.mcuxpresso.tools.macosx_11.8.0.202306131047/tools/bin/../lib/gcc/arm-none-eabi/12.2.1/../../../../arm-none-eabi/lib/thumb/v6-m/nofp/libcr_semihost_nf.a(_cr__main.o) (_initio)
/Applications/MCUXpressoIDE_11.8.0_1165/ide/plugins/com.nxp.mcuxpresso.tools.macosx_11.8.0.202306131047/tools/bin/../lib/gcc/arm-none-eabi/12.2.1/../../../../arm-none-eabi/lib/thumb/v6-m/nofp/libcr_c.a(modf.o)
                              ./utilities/fsl_str.o (modf)
/Applications/MCUXpressoIDE_11.8.0_1165/ide/plugins/com.nxp.mcuxpresso.tools.macosx_11.8.0.202306131047/tools/bin/../lib/gcc/arm-none-eabi/12.2.1/../../../../arm-none-eabi/lib/thumb/v6-m/nofp/libcr_c.a(pow.o)
                              ./utilities/fsl_str.o (pow)
/Applications/MCUXpressoIDE_11.8.0_1165/ide/plugins/com.nxp.mcuxpresso.tools.macosx_11.8.0.202306131047/tools/bin/../lib/gcc/arm-none-eabi/12.2.1/../../../../arm-none-eabi/lib/thumb/v6-m/nofp/libcr_c.a(printf.o)
                              /Applications/MCUXpressoIDE_11.8.0_1165/ide/plugins/com.nxp.mcuxpresso.tools.macosx_11.8.0.202306131047/tools/bin/../lib/gcc/arm-none-eabi/12.2.1/../../../../arm-none-eabi/lib/thumb/v6-m/nofp/libcr_c.a(fpprintf.o) (__vfprintf)
/Applications/MCUXpressoIDE_11.8.0_1165/ide/plugins/com.nxp.mcuxpresso.tools.macosx_11.8.0.202306131047/tools/bin/../lib/gcc/arm-none-eabi/12.2.1/../../../../arm-none-eabi/lib/thumb/v6-m/nofp/libcr_c.a(scanf.o)
                              ./utilities/fsl_str.o (strtod)
/Applications/MCUXpressoIDE_11.8.0_1165/ide/plugins/com.nxp.mcuxpresso.tools.macosx_11.8.0.202306131047/tools/bin/../lib/gcc/arm-none-eabi/12.2.1/../../../../arm-none-eabi/lib/thumb/v6-m/nofp/libcr_c.a(setvbuf.o)
                              /Applications/MCUXpressoIDE_11.8.0_1165/ide/plugins/com.nxp.mcuxpresso.tools.macosx_11.8.0.202306131047/tools/bin/../lib/gcc/arm-none-eabi/12.2.1/../../../../arm-none-eabi/lib/thumb/v6-m/nofp/libcr_c.a(initio.o) (setvbuf)
/Applications/MCUXpressoIDE_11.8.0_1165/ide/plugins/com.nxp.mcuxpresso.tools.macosx_11.8.0.202306131047/tools/bin/../lib/gcc/arm-none-eabi/12.2.1/../../../../arm-none-eabi/lib/thumb/v6-m/nofp/libcr_c.a(strlen.o)
                              ./utilities/fsl_str.o (strlen)
/Applications/MCUXpressoIDE_11.8.0_1165/ide/plugins/com.nxp.mcuxpresso.tools.macosx_11.8.0.202306131047/tools/bin/../lib/gcc/arm-none-eabi/12.2.1/../../../../arm-none-eabi/lib/thumb/v6-m/nofp/libcr_c.a(ungetc.o)
                              /Applications/MCUXpressoIDE_11.8.0_1165/ide/plugins/com.nxp.mcuxpresso.tools.macosx_11.8.0.202306131047/tools/bin/../lib/gcc/arm-none-eabi/12.2.1/../../../../arm-none-eabi/lib/thumb/v6-m/nofp/libcr_c.a(scanf.o) (ungetc)
/Applications/MCUXpressoIDE_11.8.0_1165/ide/plugins/com.nxp.mcuxpresso.tools.macosx_11.8.0.202306131047/tools/bin/../lib/gcc/arm-none-eabi/12.2.1/../../../../arm-none-eabi/lib/thumb/v6-m/nofp/libcr_c.a(__fillbuf.o)
[...]
Memory Configuration

Name             Origin             Length             Attributes
PROGRAM_FLASH    0x0000000000000000 0x0000000000010000 xr
SRAM             0x0000000010000000 0x0000000000001fe0 xrw
IAP_SRAM         0x0000000010001fe0 0x0000000000000020 xrw
*default*        0x0000000000000000 0xffffffffffffffff

Linker script and memory map

LOAD ./utilities/fsl_assert.o
LOAD ./utilities/fsl_debug_console.o
LOAD ./utilities/fsl_str.o
LOAD ./startup/startup_lpc865.o
LOAD ./source/hello_p3t1755.o
LOAD ./source/i2c.o
LOAD ./source/mtb.o
LOAD ./source/semihost_hardfault.o
LOAD ./source/wait.o
LOAD ./drivers/fsl_clock.o
LOAD ./drivers/fsl_common.o
LOAD ./drivers/fsl_common_arm.o
LOAD ./drivers/fsl_gpio.o
LOAD ./drivers/fsl_i2c.o
LOAD ./drivers/fsl_inputmux.o
LOAD ./drivers/fsl_power.o
LOAD ./drivers/fsl_reset.o
LOAD ./drivers/fsl_swm.o
LOAD ./drivers/fsl_syscon.o
LOAD ./drivers/fsl_usart.o
LOAD ./device/system_LPC865.o
LOAD ./component/uart/fsl_adapter_miniusart.o
LOAD ./board/board.o
LOAD ./board/clock_config.o
LOAD ./board/pin_mux.o
START GROUP
LOAD /Applications/MCUXpressoIDE_11.8.0_1165/ide/plugins/com.nxp.mcuxpresso.tools.macosx_11.8.0.202306131047/tools/bin/../lib/gcc/arm-none-eabi/12.2.1/../../../../arm-none-eabi/lib/thumb/v6-m/nofp/libcr_semihost_nf.a
LOAD /Applications/MCUXpressoIDE_11.8.0_1165/ide/plugins/com.nxp.mcuxpresso.tools.macosx_11.8.0.202306131047/tools/bin/../lib/gcc/arm-none-eabi/12.2.1/../../../../arm-none-eabi/lib/thumb/v6-m/nofp/libcr_c.a
LOAD /Applications/MCUXpressoIDE_11.8.0_1165/ide/plugins/com.nxp.mcuxpresso.tools.macosx_11.8.0.202306131047/tools/bin/../lib/gcc/arm-none-eabi/12.2.1/thumb/v6-m/nofp/libcr_eabihelpers.a
LOAD /Applications/MCUXpressoIDE_11.8.0_1165/ide/plugins/com.nxp.mcuxpresso.tools.macosx_11.8.0.202306131047/tools/bin/../lib/gcc/arm-none-eabi/12.2.1/thumb/v6-m/nofp/libgcc.a
END GROUP
                0x0000000000000000                __base_PROGRAM_FLASH = 0x0
                0x0000000000000000                __base_Flash = 0x0
                0x0000000000010000                __top_PROGRAM_FLASH = 0x10000
                0x0000000000010000                __top_Flash = 0x10000
                0x0000000010000000                __base_SRAM = 0x10000000
                0x0000000010000000                __base_RAM = 0x10000000
                0x0000000010001fe0                __top_SRAM = 0x10001fe0
                0x0000000010001fe0                __top_RAM = 0x10001fe0
                0x0000000010001fe0                __base_IAP_SRAM = 0x10001fe0
                0x0000000010001fe0                __base_RAM2 = 0x10001fe0
                0x0000000010002000                __top_IAP_SRAM = 0x10002000
                0x0000000010002000                __top_RAM2 = 0x10002000

.text           0x0000000000000000     0x4254
 FILL mask 0xff
                0x0000000000000000                __vectors_start__ = ABSOLUTE (.)
 *(SORT_BY_ALIGNMENT(.isr_vector))
 .isr_vector    0x0000000000000000       0xc0 ./startup/startup_lpc865.o
                0x0000000000000000                __Vectors
                0x0000000000000000                g_pfnVectors
                0x00000000000000c0                . = ALIGN (0x4)
                0x00000000000000c0                __section_table_start = .
                0x00000000000000c0                __data_section_table = .
                0x00000000000000c0        0x4 LONG 0x4254 LOADADDR (.data)
                0x00000000000000c4        0x4 LONG 0x10000080 ADDR (.data)
                0x00000000000000c8        0x4 LONG 0x4 SIZEOF (.data)
                0x00000000000000cc        0x4 LONG 0x4254 LOADADDR (.data_RAM2)
                0x00000000000000d0        0x4 LONG 0x10001fe0 ADDR (.data_RAM2)
                0x00000000000000d4        0x4 LONG 0x0 SIZEOF (.data_RAM2)
                0x00000000000000d8                __data_section_table_end = .
                0x00000000000000d8                __bss_section_table = .
                0x00000000000000d8        0x4 LONG 0x10000084 ADDR (.bss)
                0x00000000000000dc        0x4 LONG 0xd8 SIZEOF (.bss)
                0x00000000000000e0        0x4 LONG 0x10001fe0 ADDR (.bss_RAM2)
                0x00000000000000e4        0x4 LONG 0x0 SIZEOF (.bss_RAM2)
                0x00000000000000e8                __bss_section_table_end = .
                0x00000000000000e8                __section_table_end = .
 *(SORT_BY_ALIGNMENT(.after_vectors*))
 .after_vectors.reset
                0x00000000000000e8       0x54 ./startup/startup_lpc865.o
                0x00000000000000e8                ResetISR
 .after_vectors.init_data
                0x000000000000013c       0x12 ./startup/startup_lpc865.o
                0x000000000000013c                data_init
 .after_vectors.init_bss
                0x000000000000014e       0x10 ./startup/startup_lpc865.o
                0x000000000000014e                bss_init
 .after_vectors
                0x000000000000015e      0x10c ./startup/startup_lpc865.o
                0x000000000000015e                NMI_Handler
                0x0000000000000162                SVC_Handler
                0x0000000000000164                PendSV_Handler
                0x0000000000000168                I2C0_DriverIRQHandler
                0x0000000000000168                ADC0_OVR_DriverIRQHandler
                0x0000000000000168                DMA0_DriverIRQHandler
                0x0000000000000168                ACMP_DriverIRQHandler
                0x0000000000000168                SPI1_DriverIRQHandler
                0x0000000000000168                Reserved18_DriverIRQHandler
                0x0000000000000168                I3C0_DriverIRQHandler
                0x0000000000000168                GPIO_HS_IRQ1_DriverIRQHandler
                0x0000000000000168                WDT_DriverIRQHandler
                0x0000000000000168                PIN_INT7_DriverIRQHandler
                0x0000000000000168                FLASH_DriverIRQHandler
                0x0000000000000168                ADC0_SEQB_DriverIRQHandler
                0x0000000000000168                PIN_INT6_DriverIRQHandler
                0x0000000000000168                FTM1_DriverIRQHandler
                0x0000000000000168                PIN_INT3_DriverIRQHandler
                0x0000000000000168                PIN_INT2_DriverIRQHandler
                0x0000000000000168                SPI0_DriverIRQHandler
                0x0000000000000168                PIN_INT0_DriverIRQHandler
                0x0000000000000168                ADC0_SEQA_DriverIRQHandler
                0x0000000000000168                GPIO_HS_IRQ0_DriverIRQHandler
                0x0000000000000168                FTM0_DriverIRQHandler
                0x0000000000000168                BOD_DriverIRQHandler
                0x0000000000000168                IntDefaultHandler
                0x0000000000000168                Reserved25_DriverIRQHandler
                0x0000000000000168                WKT_DriverIRQHandler
                0x0000000000000168                PIN_INT1_DriverIRQHandler
                0x0000000000000168                MRT0_DriverIRQHandler
                0x0000000000000168                PIN_INT4_DriverIRQHandler
                0x0000000000000168                PIN_INT5_DriverIRQHandler
                0x0000000000000168                ADC0_THCMP_DriverIRQHandler
                0x000000000000016a                SPI0_IRQHandler
                0x0000000000000172                SPI1_IRQHandler
                0x000000000000017a                Reserved18_IRQHandler
                0x0000000000000182                USART0_IRQHandler
                0x000000000000018a                USART1_IRQHandler
                0x0000000000000192                USART2_IRQHandler
                0x000000000000019a                FTM0_IRQHandler
                0x00000000000001a2                FTM1_IRQHandler
                0x00000000000001aa                I2C0_IRQHandler
                0x00000000000001b2                Reserved25_IRQHandler
                0x00000000000001ba                MRT0_IRQHandler
                0x00000000000001c2                ACMP_IRQHandler
                0x00000000000001ca                WDT_IRQHandler
                0x00000000000001d2                BOD_IRQHandler
                0x00000000000001da                FLASH_IRQHandler
                0x00000000000001e2                WKT_IRQHandler
                0x00000000000001ea                ADC0_SEQA_IRQHandler
                0x00000000000001f2                ADC0_SEQB_IRQHandler
                0x00000000000001fa                ADC0_THCMP_IRQHandler
                0x0000000000000202                ADC0_OVR_IRQHandler
                0x000000000000020a                DMA0_IRQHandler
                0x0000000000000212                I3C0_IRQHandler
                0x000000000000021a                GPIO_HS_IRQ0_IRQHandler
                0x0000000000000222                GPIO_HS_IRQ1_IRQHandler
                0x000000000000022a                PIN_INT0_IRQHandler
                0x0000000000000232                PIN_INT1_IRQHandler
                0x000000000000023a                PIN_INT2_IRQHandler
                0x0000000000000242                PIN_INT3_IRQHandler
                0x000000000000024a                PIN_INT4_IRQHandler
                0x0000000000000252                PIN_INT5_IRQHandler
                0x000000000000025a                PIN_INT6_IRQHandler
                0x0000000000000262                PIN_INT7_IRQHandler
                0x00000000000002fc                . = 0x2fc
 *fill*         0x000000000000026a       0x92 ff
                0x00000000000002fc                PROVIDE (__CRP_WORD_START__ = .)
 *(SORT_BY_ALIGNMENT(.crp))
 .crp           0x00000000000002fc        0x4 ./startup/startup_lpc865.o
                0x00000000000002fc                CRP_WORD
                0x0000000000000300                PROVIDE (__CRP_WORD_END__ = .)
                0x0000000000000001                ASSERT (! ((__CRP_WORD_START__ == __CRP_WORD_END__)), Linker CRP Enabled, but no CRP_WORD provided within application)
 *(SORT_BY_ALIGNMENT(.text*))
 .text.__assertion_failed
                0x0000000000000300       0x1c ./utilities/fsl_assert.o
                0x0000000000000300                __assertion_failed
 .text.__NVIC_SetPriority
                0x000000000000031c       0xdc ./source/hello_p3t1755.o
 .text.SysTick_Config
                0x00000000000003f8       0x48 ./source/hello_p3t1755.o
 .text.CLOCK_Select
                0x0000000000000440       0x38 ./source/hello_p3t1755.o
 .text.main     0x0000000000000478       0xcc ./source/hello_p3t1755.o
                0x0000000000000478                main
 .text.mcu_init
                0x0000000000000544       0x5c ./source/hello_p3t1755.o
                0x0000000000000544                mcu_init
 .text.i2c_init
                0x00000000000005a0       0x34 ./source/i2c.o
                0x00000000000005a0                i2c_init
 .text.i2c_send
                0x00000000000005d4       0x74 ./source/i2c.o
                0x00000000000005d4                i2c_send
 .text.i2c_receive
                0x0000000000000648       0x5c ./source/i2c.o
                0x0000000000000648                i2c_receive
 .text.HardFault_Handler
                0x00000000000006a4       0x38 ./source/semihost_hardfault.o
                0x00000000000006a4                HardFault_Handler
 .text.SysTick_Handler
                0x00000000000006dc       0x20 ./source/wait.o
                0x00000000000006dc                SysTick_Handler
 .text.wait_ms  0x00000000000006fc       0x28 ./source/wait.o
                0x00000000000006fc                wait_ms
 .text.CLOCK_GetSystemPLLFreq
                0x0000000000000724       0x20 ./drivers/fsl_clock.o
 .text.CLOCK_GetLpOscFreq
                0x0000000000000744       0x10 ./drivers/fsl_clock.o
 .text.CLOCK_GetExtClkFreq
                0x0000000000000754       0x14 ./drivers/fsl_clock.o
 .text.CLOCK_UpdateClkSrc
                0x0000000000000768       0x4c ./drivers/fsl_clock.o
 .text.CLOCK_GetMainClkFreq
                0x00000000000007b4       0x78 ./drivers/fsl_clock.o
                0x00000000000007b4                CLOCK_GetMainClkFreq
 .text.CLOCK_GetFroFreq
                0x000000000000082c       0x5c ./drivers/fsl_clock.o
                0x000000000000082c                CLOCK_GetFroFreq
 .text.CLOCK_GetSystemPLLInClockRate
                0x0000000000000888       0x64 ./drivers/fsl_clock.o
                0x0000000000000888                CLOCK_GetSystemPLLInClockRate
 .text.CLOCK_SetMainClkSrc
                0x00000000000008ec       0x9c ./drivers/fsl_clock.o
                0x00000000000008ec                CLOCK_SetMainClkSrc
 .text.CLOCK_SetFroOutClkSrc
                0x0000000000000988       0x48 ./drivers/fsl_clock.o
                0x0000000000000988                CLOCK_SetFroOutClkSrc
 .text.CLOCK_EnableClock
                0x00000000000009d0       0x2c ./drivers/fsl_i2c.o
 .text.I2C_GetInstance
                0x00000000000009fc       0x48 ./drivers/fsl_i2c.o
                0x00000000000009fc                I2C_GetInstance
 .text.I2C_MasterGetDefaultConfig
                0x0000000000000a44       0x34 ./drivers/fsl_i2c.o
                0x0000000000000a44                I2C_MasterGetDefaultConfig
 .text.I2C_MasterStart
                0x0000000000000a78       0x54 ./drivers/fsl_i2c.o
                0x0000000000000a78                I2C_MasterStart
 .text.I2C_MasterWriteBlocking
                0x0000000000000acc      0x114 ./drivers/fsl_i2c.o
                0x0000000000000acc                I2C_MasterWriteBlocking
 .text.I2C_MasterReadBlocking
                0x0000000000000be0       0xf4 ./drivers/fsl_i2c.o
                0x0000000000000be0                I2C_MasterReadBlocking
 .text.RESET_SetPeripheralReset
                0x0000000000000cd4       0x70 ./drivers/fsl_reset.o
 .text.RESET_ClearPeripheralReset
                0x0000000000000d44       0x6c ./drivers/fsl_reset.o
 .text.SWM_SetMovablePinSelect
                0x0000000000000db0       0x98 ./drivers/fsl_swm.o
                0x0000000000000db0                SWM_SetMovablePinSelect
 .text.USART0_DriverIRQHandler
                0x0000000000000e48       0x24 ./drivers/fsl_usart.o
                0x0000000000000e48                USART0_DriverIRQHandler
 .text.USART1_DriverIRQHandler
                0x0000000000000e6c       0x24 ./drivers/fsl_usart.o
                0x0000000000000e6c                USART1_DriverIRQHandler
 .text.USART2_DriverIRQHandler
                0x0000000000000e90       0x24 ./drivers/fsl_usart.o
                0x0000000000000e90                USART2_DriverIRQHandler
 .text.SystemInit
                0x0000000000000eb4       0x2c ./device/system_LPC865.o
                0x0000000000000eb4                SystemInit
 .text.CLOCK_Select
                0x0000000000000ee0       0x38 ./board/clock_config.o
 .text.CLOCK_SetCoreSysClkDiv
                0x0000000000000f18       0x3c ./board/clock_config.o
 .text.CLOCK_SetFroOscFreq
                0x0000000000000f54       0x24 ./board/clock_config.o
 .text.POWER_DisablePD
                0x0000000000000f78       0x2c ./board/clock_config.o
 .text.BOARD_BootClockFRO48M
                0x0000000000000fa4       0x50 ./board/clock_config.o
                0x0000000000000fa4                BOARD_BootClockFRO48M
 .text.CLOCK_EnableClock
                0x0000000000000ff4       0x2c ./board/pin_mux.o
 .text.CLOCK_DisableClock
                0x0000000000001020       0x30 ./board/pin_mux.o
 .text.BOARD_InitPins
                0x0000000000001050       0x98 ./board/pin_mux.o
                0x0000000000001050                BOARD_InitPins
 .text.malloc   0x00000000000010e8       0xdc /Applications/MCUXpressoIDE_11.8.0_1165/ide/plugins/com.nxp.mcuxpresso.tools.macosx_11.8.0.202306131047/tools/bin/../lib/gcc/arm-none-eabi/12.2.1/../../../../arm-none-eabi/lib/thumb/v6-m/nofp/libcr_c.a(alloc.o)
                0x00000000000010e8                malloc
 .text._Csys_alloc
                0x00000000000011c4       0x20 /Applications/MCUXpressoIDE_11.8.0_1165/ide/plugins/com.nxp.mcuxpresso.tools.macosx_11.8.0.202306131047/tools/bin/../lib/gcc/arm-none-eabi/12.2.1/../../../../arm-none-eabi/lib/thumb/v6-m/nofp/libcr_c.a(alloc.o)
                0x00000000000011c4                _Csys_alloc
 .text.sprintf  0x00000000000011e4       0x68 /Applications/MCUXpressoIDE_11.8.0_1165/ide/plugins/com.nxp.mcuxpresso.tools.macosx_11.8.0.202306131047/tools/bin/../lib/gcc/arm-none-eabi/12.2.1/../../../../arm-none-eabi/lib/thumb/v6-m/nofp/libcr_c.a(fpprintf.o)
                0x00000000000011e4                sprintf
 .text.fp_display
                0x000000000000124c      0xa10 /Applications/MCUXpressoIDE_11.8.0_1165/ide/plugins/com.nxp.mcuxpresso.tools.macosx_11.8.0.202306131047/tools/bin/../lib/gcc/arm-none-eabi/12.2.1/../../../../arm-none-eabi/lib/thumb/v6-m/nofp/libcr_c.a(fpprintf.o)
 .text.vsnprintf
                0x0000000000001c5c       0x70 /Applications/MCUXpressoIDE_11.8.0_1165/ide/plugins/com.nxp.mcuxpresso.tools.macosx_11.8.0.202306131047/tools/bin/../lib/gcc/arm-none-eabi/12.2.1/../../../../arm-none-eabi/lib/thumb/v6-m/nofp/libcr_c.a(fpprintf.o)
                0x0000000000001c5c                vsnprintf
 .text.printf   0x0000000000001ccc       0x50 /Applications/MCUXpressoIDE_11.8.0_1165/ide/plugins/com.nxp.mcuxpresso.tools.macosx_11.8.0.202306131047/tools/bin/../lib/gcc/arm-none-eabi/12.2.1/../../../../arm-none-eabi/lib/thumb/v6-m/nofp/libcr_c.a(fpprintf.o)
                0x0000000000001ccc                printf
 .text._initio  0x0000000000001d1c       0x7c /Applications/MCUXpressoIDE_11.8.0_1165/ide/plugins/com.nxp.mcuxpresso.tools.macosx_11.8.0.202306131047/tools/bin/../lib/gcc/arm-none-eabi/12.2.1/../../../../arm-none-eabi/lib/thumb/v6-m/nofp/libcr_c.a(initio.o)
                0x0000000000001d1c                _initio
 .text.__vfprintf
                0x0000000000001d98      0xd88 /Applications/MCUXpressoIDE_11.8.0_1165/ide/plugins/com.nxp.mcuxpresso.tools.macosx_11.8.0.202306131047/tools/bin/../lib/gcc/arm-none-eabi/12.2.1/../../../../arm-none-eabi/lib/thumb/v6-m/nofp/libcr_c.a(printf.o)
                0x0000000000001d98                __vfprintf
 .text.setvbuf  0x0000000000002b20       0x4c /Applications/MCUXpressoIDE_11.8.0_1165/ide/plugins/com.nxp.mcuxpresso.tools.macosx_11.8.0.202306131047/tools/bin/../lib/gcc/arm-none-eabi/12.2.1/../../../../arm-none-eabi/lib/thumb/v6-m/nofp/libcr_c.a(setvbuf.o)
                0x0000000000002b20                setvbuf
 .text.strlen   0x0000000000002b6c       0x5c /Applications/MCUXpressoIDE_11.8.0_1165/ide/plugins/com.nxp.mcuxpresso.tools.macosx_11.8.0.202306131047/tools/bin/../lib/gcc/arm-none-eabi/12.2.1/../../../../arm-none-eabi/lib/thumb/v6-m/nofp/libcr_c.a(strlen.o)
                0x0000000000002b6c                strlen
 .text._sbrk    0x0000000000002bc8       0x44 /Applications/MCUXpressoIDE_11.8.0_1165/ide/plugins/com.nxp.mcuxpresso.tools.macosx_11.8.0.202306131047/tools/bin/../lib/gcc/arm-none-eabi/12.2.1/../../../../arm-none-eabi/lib/thumb/v6-m/nofp/libcr_c.a(_cr_sbrk.o)
                0x0000000000002bc8                _sbrk
 .text._deferredlazyseek
                0x0000000000002c0c       0x40 /Applications/MCUXpressoIDE_11.8.0_1165/ide/plugins/com.nxp.mcuxpresso.tools.macosx_11.8.0.202306131047/tools/bin/../lib/gcc/arm-none-eabi/12.2.1/../../../../arm-none-eabi/lib/thumb/v6-m/nofp/libcr_c.a(_deferredlazyseek.o)
                0x0000000000002c0c                _deferredlazyseek
 .text.__flsbuf
                0x0000000000002c4c      0x150 /Applications/MCUXpressoIDE_11.8.0_1165/ide/plugins/com.nxp.mcuxpresso.tools.macosx_11.8.0.202306131047/tools/bin/../lib/gcc/arm-none-eabi/12.2.1/../../../../arm-none-eabi/lib/thumb/v6-m/nofp/libcr_c.a(_deferredlazyseek.o)
                0x0000000000002c4c                __flsbuf
 .text._fdopen  0x0000000000002d9c       0x74 /Applications/MCUXpressoIDE_11.8.0_1165/ide/plugins/com.nxp.mcuxpresso.tools.macosx_11.8.0.202306131047/tools/bin/../lib/gcc/arm-none-eabi/12.2.1/../../../../arm-none-eabi/lib/thumb/v6-m/nofp/libcr_c.a(_fdopen.o)
                0x0000000000002d9c                _fdopen
 .text._fflush  0x0000000000002e10       0x5c /Applications/MCUXpressoIDE_11.8.0_1165/ide/plugins/com.nxp.mcuxpresso.tools.macosx_11.8.0.202306131047/tools/bin/../lib/gcc/arm-none-eabi/12.2.1/../../../../arm-none-eabi/lib/thumb/v6-m/nofp/libcr_c.a(_fflush.o)
                0x0000000000002e10                _fflush
 .text._frexpl  0x0000000000002e6c       0x80 /Applications/MCUXpressoIDE_11.8.0_1165/ide/plugins/com.nxp.mcuxpresso.tools.macosx_11.8.0.202306131047/tools/bin/../lib/gcc/arm-none-eabi/12.2.1/../../../../arm-none-eabi/lib/thumb/v6-m/nofp/libcr_c.a(_frexpl.o)
                0x0000000000002e6c                _frexpl
 .text._ldexpl  0x0000000000002eec       0x58 /Applications/MCUXpressoIDE_11.8.0_1165/ide/plugins/com.nxp.mcuxpresso.tools.macosx_11.8.0.202306131047/tools/bin/../lib/gcc/arm-none-eabi/12.2.1/../../../../arm-none-eabi/lib/thumb/v6-m/nofp/libcr_c.a(_ldexpl.o)
                0x0000000000002eec                _ldexpl
 .text._Cwritebuf
                0x0000000000002f44       0x68 /Applications/MCUXpressoIDE_11.8.0_1165/ide/plugins/com.nxp.mcuxpresso.tools.macosx_11.8.0.202306131047/tools/bin/../lib/gcc/arm-none-eabi/12.2.1/../../../../arm-none-eabi/lib/thumb/v6-m/nofp/libcr_c.a(_writebuf.o)
                0x0000000000002f44                _Cwritebuf
 .text.fclose   0x0000000000002fac       0x5c /Applications/MCUXpressoIDE_11.8.0_1165/ide/plugins/com.nxp.mcuxpresso.tools.macosx_11.8.0.202306131047/tools/bin/../lib/gcc/arm-none-eabi/12.2.1/../../../../arm-none-eabi/lib/thumb/v6-m/nofp/libcr_c.a(fclose.o)
                0x0000000000002fac                fclose
 .text.fflush   0x0000000000003008       0x40 /Applications/MCUXpressoIDE_11.8.0_1165/ide/plugins/com.nxp.mcuxpresso.tools.macosx_11.8.0.202306131047/tools/bin/../lib/gcc/arm-none-eabi/12.2.1/../../../../arm-none-eabi/lib/thumb/v6-m/nofp/libcr_c.a(fflush.o)
                0x0000000000003008                fflush
 .text.fseek    0x0000000000003048       0xec /Applications/MCUXpressoIDE_11.8.0_1165/ide/plugins/com.nxp.mcuxpresso.tools.macosx_11.8.0.202306131047/tools/bin/../lib/gcc/arm-none-eabi/12.2.1/../../../../arm-none-eabi/lib/thumb/v6-m/nofp/libcr_c.a(fseek.o)
                0x0000000000003048                fseek
 .text.ftell    0x0000000000003134       0x4c /Applications/MCUXpressoIDE_11.8.0_1165/ide/plugins/com.nxp.mcuxpresso.tools.macosx_11.8.0.202306131047/tools/bin/../lib/gcc/arm-none-eabi/12.2.1/../../../../arm-none-eabi/lib/thumb/v6-m/nofp/libcr_c.a(ftell.o)
                0x0000000000003134                ftell
 .text.__check_heap_overflow
                0x0000000000003180       0x18 /Applications/MCUXpressoIDE_11.8.0_1165/ide/plugins/com.nxp.mcuxpresso.tools.macosx_11.8.0.202306131047/tools/bin/../lib/gcc/arm-none-eabi/12.2.1/../../../../arm-none-eabi/lib/thumb/v6-m/nofp/libcr_c.a(_cr_check_heap.o)
                0x0000000000003180                __check_heap_overflow
 .text._do_fflush
                0x0000000000003198       0x48 /Applications/MCUXpressoIDE_11.8.0_1165/ide/plugins/com.nxp.mcuxpresso.tools.macosx_11.8.0.202306131047/tools/bin/../lib/gcc/arm-none-eabi/12.2.1/../../../../arm-none-eabi/lib/thumb/v6-m/nofp/libcr_c.a(_do_fflush.o)
                0x0000000000003198                _do_fflush
 .text.__aeabi_dmul
                0x00000000000031e0      0x194 /Applications/MCUXpressoIDE_11.8.0_1165/ide/plugins/com.nxp.mcuxpresso.tools.macosx_11.8.0.202306131047/tools/bin/../lib/gcc/arm-none-eabi/12.2.1/thumb/v6-m/nofp/libcr_eabihelpers.a(double.o)
                0x00000000000031e0                __aeabi_dmul
 .text.__aeabi_ddiv
                0x0000000000003374      0x164 /Applications/MCUXpressoIDE_11.8.0_1165/ide/plugins/com.nxp.mcuxpresso.tools.macosx_11.8.0.202306131047/tools/bin/../lib/gcc/arm-none-eabi/12.2.1/thumb/v6-m/nofp/libcr_eabihelpers.a(double.o)
                0x0000000000003374                __aeabi_ddiv
 .text.__aeabi_dsub
                0x00000000000034d8      0x1d4 /Applications/MCUXpressoIDE_11.8.0_1165/ide/plugins/com.nxp.mcuxpresso.tools.macosx_11.8.0.202306131047/tools/bin/../lib/gcc/arm-none-eabi/12.2.1/thumb/v6-m/nofp/libcr_eabihelpers.a(double.o)
                0x00000000000034d8                __aeabi_dsub
 .text.__aeabi_dadd
                0x00000000000036ac      0x150 /Applications/MCUXpressoIDE_11.8.0_1165/ide/plugins/com.nxp.mcuxpresso.tools.macosx_11.8.0.202306131047/tools/bin/../lib/gcc/arm-none-eabi/12.2.1/thumb/v6-m/nofp/libcr_eabihelpers.a(double.o)
                0x00000000000036ac                __aeabi_dadd
 .text.__aeabi_d2iz
                0x00000000000037fc       0x50 /Applications/MCUXpressoIDE_11.8.0_1165/ide/plugins/com.nxp.mcuxpresso.tools.macosx_11.8.0.202306131047/tools/bin/../lib/gcc/arm-none-eabi/12.2.1/thumb/v6-m/nofp/libcr_eabihelpers.a(double.o)
                0x00000000000037fc                __aeabi_d2iz
 .text.__aeabi_dcmpeq
                0x000000000000384c       0x40 /Applications/MCUXpressoIDE_11.8.0_1165/ide/plugins/com.nxp.mcuxpresso.tools.macosx_11.8.0.202306131047/tools/bin/../lib/gcc/arm-none-eabi/12.2.1/thumb/v6-m/nofp/libcr_eabihelpers.a(double.o)
                0x000000000000384c                __aeabi_dcmpeq
 .text.__aeabi_dcmplt
                0x000000000000388c       0x74 /Applications/MCUXpressoIDE_11.8.0_1165/ide/plugins/com.nxp.mcuxpresso.tools.macosx_11.8.0.202306131047/tools/bin/../lib/gcc/arm-none-eabi/12.2.1/thumb/v6-m/nofp/libcr_eabihelpers.a(double.o)
                0x000000000000388c                __aeabi_dcmplt
 .text.__aeabi_dcmple
                0x0000000000003900       0x70 /Applications/MCUXpressoIDE_11.8.0_1165/ide/plugins/com.nxp.mcuxpresso.tools.macosx_11.8.0.202306131047/tools/bin/../lib/gcc/arm-none-eabi/12.2.1/thumb/v6-m/nofp/libcr_eabihelpers.a(double.o)
                0x0000000000003900                __aeabi_dcmple
 .text.__aeabi_dcmpge
                0x0000000000003970       0x68 /Applications/MCUXpressoIDE_11.8.0_1165/ide/plugins/com.nxp.mcuxpresso.tools.macosx_11.8.0.202306131047/tools/bin/../lib/gcc/arm-none-eabi/12.2.1/thumb/v6-m/nofp/libcr_eabihelpers.a(double.o)
                0x0000000000003970                __aeabi_dcmpge
 .text.__sys_appexit
                0x00000000000039d8        0xc /Applications/MCUXpressoIDE_11.8.0_1165/ide/plugins/com.nxp.mcuxpresso.tools.macosx_11.8.0.202306131047/tools/bin/../lib/gcc/arm-none-eabi/12.2.1/../../../../arm-none-eabi/lib/thumb/v6-m/nofp/libcr_semihost_nf.a(__sys_appexit.o)
                0x00000000000039d8                __exit
                0x00000000000039d8                __sys_appexit
 .text.I2C_MasterRepeatedStart
                0x00000000000039e4       0x32 ./source/i2c.o
 .text.i2c_reg_r8
                0x0000000000003a16       0x44 ./source/i2c.o
                0x0000000000003a16                i2c_reg_r8
 .text.i2c_reg_r16
                0x0000000000003a5a       0x5c ./source/i2c.o
                0x0000000000003a5a                i2c_reg_r16
 .text.I2C_MasterEnable
                0x0000000000003ab6       0x3c ./drivers/fsl_i2c.o
 .text.I2C_GetStatusFlags
                0x0000000000003af2       0x14 ./drivers/fsl_i2c.o
 .text.I2C_MasterClearStatusFlags
                0x0000000000003b06       0x1c ./drivers/fsl_i2c.o
 .text.I2C_MasterInit
                0x0000000000003b22       0x50 ./drivers/fsl_i2c.o
                0x0000000000003b22                I2C_MasterInit
 .text.I2C_MasterSetBaudRate
                0x0000000000003b72       0xcc ./drivers/fsl_i2c.o
                0x0000000000003b72                I2C_MasterSetBaudRate
 .text.I2C_PendingStatusWait
                0x0000000000003c3e       0x30 ./drivers/fsl_i2c.o
 .text.RESET_PeripheralReset
                0x0000000000003c6e       0x20 ./drivers/fsl_reset.o
                0x0000000000003c6e                RESET_PeripheralReset
 .text.SystemInitHook
                0x0000000000003c8e        0xa ./device/system_LPC865.o
                0x0000000000003c8e                SystemInitHook
 .text.BOARD_InitDebugConsole
                0x0000000000003c98        0xc ./board/board.o
                0x0000000000003c98                BOARD_InitDebugConsole
 .text.IOCON_PinMuxSet
                0x0000000000003ca4       0x26 ./board/pin_mux.o
 .text.BOARD_InitBootPins
                0x0000000000003cca        0xe ./board/pin_mux.o
                0x0000000000003cca                BOARD_InitBootPins
 .text.__main   0x0000000000003cd8        0xc /Applications/MCUXpressoIDE_11.8.0_1165/ide/plugins/com.nxp.mcuxpresso.tools.macosx_11.8.0.202306131047/tools/bin/../lib/gcc/arm-none-eabi/12.2.1/../../../../arm-none-eabi/lib/thumb/v6-m/nofp/libcr_semihost_nf.a(_cr__main.o)
                0x0000000000003cd8                __main
                0x0000000000003cd8                __CR_SEMIHOST
 .text.memset   0x0000000000003ce4        0x8 /Applications/MCUXpressoIDE_11.8.0_1165/ide/plugins/com.nxp.mcuxpresso.tools.macosx_11.8.0.202306131047/tools/bin/../lib/gcc/arm-none-eabi/12.2.1/../../../../arm-none-eabi/lib/thumb/v6-m/nofp/libcr_c.a(memset.o)
                0x0000000000003ce4                memset
 .text.free     0x0000000000003cec       0x2c /Applications/MCUXpressoIDE_11.8.0_1165/ide/plugins/com.nxp.mcuxpresso.tools.macosx_11.8.0.202306131047/tools/bin/../lib/gcc/arm-none-eabi/12.2.1/../../../../arm-none-eabi/lib/thumb/v6-m/nofp/libcr_c.a(alloc.o)
                0x0000000000003cec                free
 .text.fp_round
                0x0000000000003d18       0x4a /Applications/MCUXpressoIDE_11.8.0_1165/ide/plugins/com.nxp.mcuxpresso.tools.macosx_11.8.0.202306131047/tools/bin/../lib/gcc/arm-none-eabi/12.2.1/../../../../arm-none-eabi/lib/thumb/v6-m/nofp/libcr_c.a(fpprintf.o)
 .text.pr_dec.constprop.0
                0x0000000000003d62       0x24 /Applications/MCUXpressoIDE_11.8.0_1165/ide/plugins/com.nxp.mcuxpresso.tools.macosx_11.8.0.202306131047/tools/bin/../lib/gcc/arm-none-eabi/12.2.1/../../../../arm-none-eabi/lib/thumb/v6-m/nofp/libcr_c.a(fpprintf.o)
 .text.remove   0x0000000000003d86       0x12 /Applications/MCUXpressoIDE_11.8.0_1165/ide/plugins/com.nxp.mcuxpresso.tools.macosx_11.8.0.202306131047/tools/bin/../lib/gcc/arm-none-eabi/12.2.1/../../../../arm-none-eabi/lib/thumb/v6-m/nofp/libcr_c.a(remove.o)
                0x0000000000003d86                remove
 .text.__aeabi_division_idivmod
                0x0000000000003d98       0x78 /Applications/MCUXpressoIDE_11.8.0_1165/ide/plugins/com.nxp.mcuxpresso.tools.macosx_11.8.0.202306131047/tools/bin/../lib/gcc/arm-none-eabi/12.2.1/thumb/v6-m/nofp/libcr_eabihelpers.a(division_32.o)
                0x0000000000003d98                __aeabi_idiv
                0x0000000000003d98                __aeabi_idivmod
                0x0000000000003d9e                __aeabi_uidiv
                0x0000000000003d9e                __aeabi_uidivmod
 .text.__aeabi_division_idiv0
                0x0000000000003e10        0x2 /Applications/MCUXpressoIDE_11.8.0_1165/ide/plugins/com.nxp.mcuxpresso.tools.macosx_11.8.0.202306131047/tools/bin/../lib/gcc/arm-none-eabi/12.2.1/thumb/v6-m/nofp/libcr_eabihelpers.a(division_idiv0.o)
                0x0000000000003e10                __aeabi_idiv0
 .text.__bhs_ui2d
                0x0000000000003e12       0x5e /Applications/MCUXpressoIDE_11.8.0_1165/ide/plugins/com.nxp.mcuxpresso.tools.macosx_11.8.0.202306131047/tools/bin/../lib/gcc/arm-none-eabi/12.2.1/thumb/v6-m/nofp/libcr_eabihelpers.a(double.o)
                0x0000000000003e12                __bhs_ui2d
 .text.__aeabi_i2d
                0x0000000000003e70       0x18 /Applications/MCUXpressoIDE_11.8.0_1165/ide/plugins/com.nxp.mcuxpresso.tools.macosx_11.8.0.202306131047/tools/bin/../lib/gcc/arm-none-eabi/12.2.1/thumb/v6-m/nofp/libcr_eabihelpers.a(double.o)
                0x0000000000003e70                __aeabi_i2d
 .text.__aeabi_llong_lmul
                0x0000000000003e88       0x2e /Applications/MCUXpressoIDE_11.8.0_1165/ide/plugins/com.nxp.mcuxpresso.tools.macosx_11.8.0.202306131047/tools/bin/../lib/gcc/arm-none-eabi/12.2.1/thumb/v6-m/nofp/libcr_eabihelpers.a(llong.o)
                0x0000000000003e88                __aeabi_lmul
 .text.__aeabi_memset_lowlevel
                0x0000000000003eb6       0x2a /Applications/MCUXpressoIDE_11.8.0_1165/ide/plugins/com.nxp.mcuxpresso.tools.macosx_11.8.0.202306131047/tools/bin/../lib/gcc/arm-none-eabi/12.2.1/thumb/v6-m/nofp/libcr_eabihelpers.a(memcpy.o)
                0x0000000000003eb6                __aeabi_lowlevel_memset
 .text.__gnu_thumb1_case_uqi
                0x0000000000003ee0       0x10 /Applications/MCUXpressoIDE_11.8.0_1165/ide/plugins/com.nxp.mcuxpresso.tools.macosx_11.8.0.202306131047/tools/bin/../lib/gcc/arm-none-eabi/12.2.1/thumb/v6-m/nofp/libcr_eabihelpers.a(thumb1_switch_helpers.o)
                0x0000000000003ee0                __gnu_thumb1_case_uqi
 .text.__gnu_thumb1_case_shi
                0x0000000000003ef0       0x10 /Applications/MCUXpressoIDE_11.8.0_1165/ide/plugins/com.nxp.mcuxpresso.tools.macosx_11.8.0.202306131047/tools/bin/../lib/gcc/arm-none-eabi/12.2.1/thumb/v6-m/nofp/libcr_eabihelpers.a(thumb1_switch_helpers.o)
                0x0000000000003ef0                __gnu_thumb1_case_shi
 .text.__gnu_thumb1_case_uhi
                0x0000000000003f00       0x10 /Applications/MCUXpressoIDE_11.8.0_1165/ide/plugins/com.nxp.mcuxpresso.tools.macosx_11.8.0.202306131047/tools/bin/../lib/gcc/arm-none-eabi/12.2.1/thumb/v6-m/nofp/libcr_eabihelpers.a(thumb1_switch_helpers.o)
                0x0000000000003f00                __gnu_thumb1_case_uhi
 .text.__sys_close
                0x0000000000003f10        0xc /Applications/MCUXpressoIDE_11.8.0_1165/ide/plugins/com.nxp.mcuxpresso.tools.macosx_11.8.0.202306131047/tools/bin/../lib/gcc/arm-none-eabi/12.2.1/../../../../arm-none-eabi/lib/thumb/v6-m/nofp/libcr_semihost_nf.a(__sys_close.o)
                0x0000000000003f10                __sys_close
 .text.__sys_flen
                0x0000000000003f1c        0xc /Applications/MCUXpressoIDE_11.8.0_1165/ide/plugins/com.nxp.mcuxpresso.tools.macosx_11.8.0.202306131047/tools/bin/../lib/gcc/arm-none-eabi/12.2.1/../../../../arm-none-eabi/lib/thumb/v6-m/nofp/libcr_semihost_nf.a(__sys_flen.o)
                0x0000000000003f1c                __sys_flen
 .text.__sys_istty
                0x0000000000003f28        0xc /Applications/MCUXpressoIDE_11.8.0_1165/ide/plugins/com.nxp.mcuxpresso.tools.macosx_11.8.0.202306131047/tools/bin/../lib/gcc/arm-none-eabi/12.2.1/../../../../arm-none-eabi/lib/thumb/v6-m/nofp/libcr_semihost_nf.a(__sys_istty.o)
                0x0000000000003f28                __sys_istty
 .text.__sys_remove
                0x0000000000003f34        0xc /Applications/MCUXpressoIDE_11.8.0_1165/ide/plugins/com.nxp.mcuxpresso.tools.macosx_11.8.0.202306131047/tools/bin/../lib/gcc/arm-none-eabi/12.2.1/../../../../arm-none-eabi/lib/thumb/v6-m/nofp/libcr_semihost_nf.a(__sys_remove.o)
                0x0000000000003f34                __sys_remove
 .text.__sys_seek
                0x0000000000003f40        0xc /Applications/MCUXpressoIDE_11.8.0_1165/ide/plugins/com.nxp.mcuxpresso.tools.macosx_11.8.0.202306131047/tools/bin/../lib/gcc/arm-none-eabi/12.2.1/../../../../arm-none-eabi/lib/thumb/v6-m/nofp/libcr_semihost_nf.a(__sys_seek.o)
                0x0000000000003f40                __sys_seek
 .text.__sys_tmpnam
                0x0000000000003f4c        0xc /Applications/MCUXpressoIDE_11.8.0_1165/ide/plugins/com.nxp.mcuxpresso.tools.macosx_11.8.0.202306131047/tools/bin/../lib/gcc/arm-none-eabi/12.2.1/../../../../arm-none-eabi/lib/thumb/v6-m/nofp/libcr_semihost_nf.a(__sys_tmpnam.o)
                0x0000000000003f4c                __sys_tmpnam
 .text.__sys_write
                0x0000000000003f58        0xc /Applications/MCUXpressoIDE_11.8.0_1165/ide/plugins/com.nxp.mcuxpresso.tools.macosx_11.8.0.202306131047/tools/bin/../lib/gcc/arm-none-eabi/12.2.1/../../../../arm-none-eabi/lib/thumb/v6-m/nofp/libcr_semihost_nf.a(__sys_write.o)
                0x0000000000003f58                __sys_write
 *(SORT_BY_ALIGNMENT(.rodata) SORT_BY_ALIGNMENT(.rodata.*) SORT_BY_ALIGNMENT(.constdata) SORT_BY_ALIGNMENT(.constdata.*))
 .rodata.__assertion_failed.str1.4
                0x0000000000003f64       0x14 ./utilities/fsl_assert.o
 .rodata.main.str1.4
                0x0000000000003f78       0xbf ./source/hello_p3t1755.o
                                         0xc3 (size before relaxing)
 *fill*         0x0000000000004037        0x1 ff
 .rodata.mcu_init.str1.4
                0x0000000000004038       0x19 ./source/hello_p3t1755.o
 *fill*         0x0000000000004051        0x3 ff
 .rodata.CLOCK_UpdateClkSrc.str1.4
                0x0000000000004054       0x16 ./drivers/fsl_clock.o
 *fill*         0x000000000000406a        0x2 ff
 .rodata.I2C_GetInstance.str1.4
                0x000000000000406c       0x32 ./drivers/fsl_i2c.o
 *fill*         0x000000000000409e        0x2 ff
 .rodata.I2C_MasterWriteBlocking.str1.4
                0x00000000000040a0       0x1f ./drivers/fsl_i2c.o
 *fill*         0x00000000000040bf        0x1 ff
 .rodata.I2C_MasterReadBlocking.str1.4
                0x00000000000040c0       0x1f ./drivers/fsl_i2c.o
 *fill*         0x00000000000040df        0x1 ff
 .rodata.RESET_SetPeripheralReset.str1.4
                0x00000000000040e0       0x1f ./drivers/fsl_reset.o
 *fill*         0x00000000000040ff        0x1 ff
 .rodata.RESET_ClearPeripheralReset.str1.4
                0x0000000000004100       0x1f ./drivers/fsl_reset.o
 *fill*         0x000000000000411f        0x1 ff
 .rodata.SWM_SetMovablePinSelect.str1.4
                0x0000000000004120       0x49 ./drivers/fsl_swm.o
 *fill*         0x0000000000004169        0x3 ff
 .rodata.CLOCK_SetCoreSysClkDiv.str1.4
                0x000000000000416c       0x60 ./board/clock_config.o
 .rodata.__num_Ciob_streams
                0x00000000000041cc        0x4 /Applications/MCUXpressoIDE_11.8.0_1165/ide/plugins/com.nxp.mcuxpresso.tools.macosx_11.8.0.202306131047/tools/bin/../lib/gcc/arm-none-eabi/12.2.1/../../../../arm-none-eabi/lib/thumb/v6-m/nofp/libcr_semihost_nf.a(__ciob.o)
                0x00000000000041cc                __num_Ciob_streams
 .rodata._Csys_alloc.str1.1
                0x00000000000041d0       0x18 /Applications/MCUXpressoIDE_11.8.0_1165/ide/plugins/com.nxp.mcuxpresso.tools.macosx_11.8.0.202306131047/tools/bin/../lib/gcc/arm-none-eabi/12.2.1/../../../../arm-none-eabi/lib/thumb/v6-m/nofp/libcr_c.a(alloc.o)
 .rodata.fp_display.str1.1
                0x00000000000041e8       0x34 /Applications/MCUXpressoIDE_11.8.0_1165/ide/plugins/com.nxp.mcuxpresso.tools.macosx_11.8.0.202306131047/tools/bin/../lib/gcc/arm-none-eabi/12.2.1/../../../../arm-none-eabi/lib/thumb/v6-m/nofp/libcr_c.a(fpprintf.o)
                                         0x35 (size before relaxing)
 .rodata._initio.str1.1
                0x000000000000421c        0x4 /Applications/MCUXpressoIDE_11.8.0_1165/ide/plugins/com.nxp.mcuxpresso.tools.macosx_11.8.0.202306131047/tools/bin/../lib/gcc/arm-none-eabi/12.2.1/../../../../arm-none-eabi/lib/thumb/v6-m/nofp/libcr_c.a(initio.o)
 .rodata.__vfprintf.str1.1
                0x0000000000004220       0x31 /Applications/MCUXpressoIDE_11.8.0_1165/ide/plugins/com.nxp.mcuxpresso.tools.macosx_11.8.0.202306131047/tools/bin/../lib/gcc/arm-none-eabi/12.2.1/../../../../arm-none-eabi/lib/thumb/v6-m/nofp/libcr_c.a(printf.o)
                                         0x38 (size before relaxing)
                0x0000000000004254                . = ALIGN (0x4)
 *fill*         0x0000000000004251        0x3 ff

.glue_7         0x0000000000004254        0x0
 .glue_7        0x0000000000004254        0x0 linker stubs

.glue_7t        0x0000000000004254        0x0
 .glue_7t       0x0000000000004254        0x0 linker stubs

.vfp11_veneer   0x0000000000004254        0x0
 .vfp11_veneer  0x0000000000004254        0x0 linker stubs

.v4_bx          0x0000000000004254        0x0
 .v4_bx         0x0000000000004254        0x0 linker stubs

.iplt           0x0000000000004254        0x0
 .iplt          0x0000000000004254        0x0 ./utilities/fsl_assert.o

.rel.dyn        0x0000000000004254        0x0
 .rel.iplt      0x0000000000004254        0x0 ./utilities/fsl_assert.o

.ARM.extab
 *(SORT_BY_ALIGNMENT(.ARM.extab*) SORT_BY_ALIGNMENT(.gnu.linkonce.armextab.*))

.ARM.exidx      0x0000000000004254        0x0
                0x0000000000004254                __exidx_start = .
 *(SORT_BY_ALIGNMENT(.ARM.exidx*) SORT_BY_ALIGNMENT(.gnu.linkonce.armexidx.*))
                0x0000000000004254                __exidx_end = .
                0x0000000000004254                _etext = .

.mtb_buffer_RAM2
 *(SORT_BY_ALIGNMENT(.mtb.$RAM2*))
 *(SORT_BY_ALIGNMENT(.mtb.$IAP_SRAM*))

.data_RAM2      0x0000000010001fe0        0x0 load address 0x0000000000004254
 FILL mask 0xff
                [!provide]                        PROVIDE (__start_data_RAM2 = .)
                [!provide]                        PROVIDE (__start_data_IAP_SRAM = .)
 *(SORT_BY_ALIGNMENT(.ramfunc.$RAM2))
 *(SORT_BY_ALIGNMENT(.ramfunc.$IAP_SRAM))
 *(SORT_BY_ALIGNMENT(.data.$RAM2))
 *(SORT_BY_ALIGNMENT(.data.$IAP_SRAM))
 *(SORT_BY_ALIGNMENT(.data.$RAM2.*))
 *(SORT_BY_ALIGNMENT(.data.$IAP_SRAM.*))
                0x0000000010001fe0                . = ALIGN (0x4)
                [!provide]                        PROVIDE (__end_data_RAM2 = .)
                [!provide]                        PROVIDE (__end_data_IAP_SRAM = .)

.mtb_buffer_default
                0x0000000010000000       0x80
 *(SORT_BY_ALIGNMENT(.mtb*))
 .mtb.$RAM1     0x0000000010000000       0x80 ./source/mtb.o
                0x0000000010000000                __mtb_buffer__

.uninit_RESERVED
                0x0000000010000080        0x0
                0x0000000010000080                _start_uninit_RESERVED = .
 *(SORT_BY_ALIGNMENT(.bss.$RESERVED*))
                0x0000000010000080                . = ALIGN (0x4)
                0x0000000010000080                _end_uninit_RESERVED = .

.data           0x0000000010000080        0x4 load address 0x0000000000004254
 FILL mask 0xff
                0x0000000010000080                _data = .
                [!provide]                        PROVIDE (__start_data_RAM = .)
                [!provide]                        PROVIDE (__start_data_SRAM = .)
 *(SORT_BY_ALIGNMENT(vtable))
 *(SORT_BY_ALIGNMENT(.ramfunc*))
 *(SORT_BY_ALIGNMENT(CodeQuickAccess))
 *(SORT_BY_ALIGNMENT(DataQuickAccess))
 *(SORT_BY_ALIGNMENT(RamFunction))
 *(SORT_BY_ALIGNMENT(.data*))
 .data.SystemCoreClock
                0x0000000010000080        0x4 ./device/system_LPC865.o
                0x0000000010000080                SystemCoreClock
                0x0000000010000084                . = ALIGN (0x4)
                0x0000000010000084                _edata = .
                [!provide]                        PROVIDE (__end_data_RAM = .)
                [!provide]                        PROVIDE (__end_data_SRAM = .)

.igot.plt       0x0000000010000084        0x0 load address 0x0000000000004258
 .igot.plt      0x0000000010000084        0x0 ./utilities/fsl_assert.o

.bss_RAM2       0x0000000010001fe0        0x0
                [!provide]                        PROVIDE (__start_bss_RAM2 = .)
                [!provide]                        PROVIDE (__start_bss_IAP_SRAM = .)
 *(SORT_BY_ALIGNMENT(.bss.$RAM2))
 *(SORT_BY_ALIGNMENT(.bss.$IAP_SRAM))
 *(SORT_BY_ALIGNMENT(.bss.$RAM2.*))
 *(SORT_BY_ALIGNMENT(.bss.$IAP_SRAM.*))
                0x0000000010001fe0                . = ALIGN ((. != 0x0)?0x4:0x1)
                [!provide]                        PROVIDE (__end_bss_RAM2 = .)
                [!provide]                        PROVIDE (__end_bss_IAP_SRAM = .)

.bss            0x0000000010000084       0xd8
                0x0000000010000084                _bss = .
                [!provide]                        PROVIDE (__start_bss_RAM = .)
                [!provide]                        PROVIDE (__start_bss_SRAM = .)
 *(SORT_BY_ALIGNMENT(.bss*))
 .bss.g_systickCounter
                0x0000000010000084        0x4 ./source/wait.o
                0x0000000010000084                g_systickCounter
 .bss.g_Ext_Clk_Freq
                0x0000000010000088        0x4 ./drivers/fsl_clock.o
                0x0000000010000088                g_Ext_Clk_Freq
 .bss.s_usartHandle
                0x000000001000008c        0xc ./drivers/fsl_usart.o
 .bss.s_usartIsr
                0x0000000010000098        0x4 ./drivers/fsl_usart.o
 .bss.errno     0x000000001000009c        0x4 /Applications/MCUXpressoIDE_11.8.0_1165/ide/plugins/com.nxp.mcuxpresso.tools.macosx_11.8.0.202306131047/tools/bin/../lib/gcc/arm-none-eabi/12.2.1/../../../../arm-none-eabi/lib/thumb/v6-m/nofp/libcr_c.a(errno.o)
                0x000000001000009c                errno
 .bss.__end_of_heap
                0x00000000100000a0        0x4 /Applications/MCUXpressoIDE_11.8.0_1165/ide/plugins/com.nxp.mcuxpresso.tools.macosx_11.8.0.202306131047/tools/bin/../lib/gcc/arm-none-eabi/12.2.1/../../../../arm-none-eabi/lib/thumb/v6-m/nofp/libcr_c.a(__init_alloc.o)
                0x00000000100000a0                __end_of_heap
 .bss.__heaps   0x00000000100000a4        0x4 /Applications/MCUXpressoIDE_11.8.0_1165/ide/plugins/com.nxp.mcuxpresso.tools.macosx_11.8.0.202306131047/tools/bin/../lib/gcc/arm-none-eabi/12.2.1/../../../../arm-none-eabi/lib/thumb/v6-m/nofp/libcr_c.a(__init_alloc.o)
                0x00000000100000a4                __heaps
 .bss.__Ciob    0x00000000100000a8       0xb4 /Applications/MCUXpressoIDE_11.8.0_1165/ide/plugins/com.nxp.mcuxpresso.tools.macosx_11.8.0.202306131047/tools/bin/../lib/gcc/arm-none-eabi/12.2.1/../../../../arm-none-eabi/lib/thumb/v6-m/nofp/libcr_semihost_nf.a(__ciob.o)
                0x00000000100000a8                __Ciob
 *(SORT_BY_ALIGNMENT(COMMON))
                0x000000001000015c                . = ALIGN (0x4)
                0x000000001000015c                _ebss = .
                [!provide]                        PROVIDE (__end_bss_RAM = .)
                [!provide]                        PROVIDE (__end_bss_SRAM = .)
                [!provide]                        PROVIDE (end = .)

.noinit_RAM2    0x0000000010001fe0        0x0
                [!provide]                        PROVIDE (__start_noinit_RAM2 = .)
                [!provide]                        PROVIDE (__start_noinit_IAP_SRAM = .)
 *(SORT_BY_ALIGNMENT(.noinit.$RAM2))
 *(SORT_BY_ALIGNMENT(.noinit.$IAP_SRAM))
 *(SORT_BY_ALIGNMENT(.noinit.$RAM2.*))
 *(SORT_BY_ALIGNMENT(.noinit.$IAP_SRAM.*))
                0x0000000010001fe0                . = ALIGN (0x4)
                [!provide]                        PROVIDE (__end_noinit_RAM2 = .)
                [!provide]                        PROVIDE (__end_noinit_IAP_SRAM = .)

.noinit         0x000000001000015c        0x0
                0x000000001000015c                _noinit = .
                [!provide]                        PROVIDE (__start_noinit_RAM = .)
                [!provide]                        PROVIDE (__start_noinit_SRAM = .)
 *(SORT_BY_ALIGNMENT(.noinit*))
                0x000000001000015c                . = ALIGN (0x4)
                0x000000001000015c                _end_noinit = .
                [!provide]                        PROVIDE (__end_noinit_RAM = .)
                [!provide]                        PROVIDE (__end_noinit_SRAM = .)
                0x00000000000001f8                _HeapSize = 0x1f8

.heap           0x000000001000015c      0x1f8
                0x000000001000015c                _pvHeapStart = .
                0x0000000010000354                . = (. + _HeapSize)
 *fill*         0x000000001000015c      0x1f8 
                0x0000000010000354                . = ALIGN (0x4)
                0x0000000010000354                _pvHeapLimit = .
                0x00000000000001f8                _StackSize = 0x1f8

.heap2stackfill
                0x0000000010000354      0x1f8
                0x000000001000054c                . = (. + _StackSize)
 *fill*         0x0000000010000354      0x1f8 

.stack          0x0000000010001de8        0x0
                0x0000000010001de8                _vStackBase = .
                0x0000000010001de8                . = ALIGN (0x4)
                0x0000000010001fe0                _vStackTop = (. + _StackSize)
                0xffffffffefffd733                PROVIDE (__valid_user_code_checksum = (0x0 - (((_vStackTop + (ResetISR + 0x1)) + (DEFINED (NMI_Handler)?NMI_Handler:M0_NMI_Handler + 0x1)) + (DEFINED (HardFault_Handler)?HardFault_Handler:M0_HardFault_Handler + 0x1))))
                0x0000000000000000                _image_start = LOADADDR (.text)
                0x0000000000004258                _image_end = (LOADADDR (.data) + SIZEOF (.data))
                0x0000000000004258                _image_size = (_image_end - _image_start)
OUTPUT(hello_p3t1755_i2c_lpcxpresso860max.axf elf32-littlearm)
LOAD linker stubs

.debug_info     0x0000000000000000     0x93ff
 .debug_info    0x0000000000000000       0xd0 ./utilities/fsl_assert.o
 .debug_info    0x00000000000000d0      0x612 ./startup/startup_lpc865.o
 .debug_info    0x00000000000006e2      0xbd3 ./source/hello_p3t1755.o
 .debug_info    0x00000000000012b5      0x621 ./source/i2c.o
 .debug_info    0x00000000000018d6       0x54 ./source/mtb.o
 .debug_info    0x000000000000192a       0x3d ./source/semihost_hardfault.o
 .debug_info    0x0000000000001967       0xca ./source/wait.o
 .debug_info    0x0000000000001a31     0x10e8 ./drivers/fsl_clock.o
 .debug_info    0x0000000000002b19     0x1751 ./drivers/fsl_i2c.o
 .debug_info    0x000000000000426a      0x708 ./drivers/fsl_reset.o
 .debug_info    0x0000000000004972      0xee1 ./drivers/fsl_swm.o
 .debug_info    0x0000000000005853     0x1b7d ./drivers/fsl_usart.o
 .debug_info    0x00000000000073d0      0x19b ./device/system_LPC865.o
 .debug_info    0x000000000000756b      0x8f0 ./board/board.o
 .debug_info    0x0000000000007e5b      0xab5 ./board/clock_config.o
 .debug_info    0x0000000000008910      0xaef ./board/pin_mux.o

.debug_abbrev   0x0000000000000000     0x1b23
 .debug_abbrev  0x0000000000000000       0x96 ./utilities/fsl_assert.o
 .debug_abbrev  0x0000000000000096      0x175 ./startup/startup_lpc865.o
 .debug_abbrev  0x000000000000020b      0x240 ./source/hello_p3t1755.o
 .debug_abbrev  0x000000000000044b      0x202 ./source/i2c.o
 .debug_abbrev  0x000000000000064d       0x45 ./source/mtb.o
 .debug_abbrev  0x0000000000000692       0x2f ./source/semihost_hardfault.o
 .debug_abbrev  0x00000000000006c1       0x9a ./source/wait.o
 .debug_abbrev  0x000000000000075b      0x34c ./drivers/fsl_clock.o
 .debug_abbrev  0x0000000000000aa7      0x34e ./drivers/fsl_i2c.o
 .debug_abbrev  0x0000000000000df5      0x185 ./drivers/fsl_reset.o
 .debug_abbrev  0x0000000000000f7a      0x1af ./drivers/fsl_swm.o
 .debug_abbrev  0x0000000000001129      0x365 ./drivers/fsl_usart.o
 .debug_abbrev  0x000000000000148e      0x10b ./device/system_LPC865.o
 .debug_abbrev  0x0000000000001599      0x125 ./board/board.o
 .debug_abbrev  0x00000000000016be      0x274 ./board/clock_config.o
 .debug_abbrev  0x0000000000001932      0x1f1 ./board/pin_mux.o

.debug_aranges  0x0000000000000000      0x6f8
 .debug_aranges
                0x0000000000000000       0x20 ./utilities/fsl_assert.o
 .debug_aranges
                0x0000000000000020      0x160 ./startup/startup_lpc865.o
 .debug_aranges
                0x0000000000000180       0x40 ./source/hello_p3t1755.o
 .debug_aranges
                0x00000000000001c0       0x58 ./source/i2c.o
 .debug_aranges
                0x0000000000000218       0x18 ./source/mtb.o
 .debug_aranges
                0x0000000000000230       0x20 ./source/semihost_hardfault.o
 .debug_aranges
                0x0000000000000250       0x28 ./source/wait.o
 .debug_aranges
                0x0000000000000278      0x108 ./drivers/fsl_clock.o
 .debug_aranges
                0x0000000000000380       0xf0 ./drivers/fsl_i2c.o
 .debug_aranges
                0x0000000000000470       0x30 ./drivers/fsl_reset.o
 .debug_aranges
                0x00000000000004a0       0x30 ./drivers/fsl_swm.o
 .debug_aranges
                0x00000000000004d0      0x118 ./drivers/fsl_usart.o
 .debug_aranges
                0x00000000000005e8       0x30 ./device/system_LPC865.o
 .debug_aranges
                0x0000000000000618       0x20 ./board/board.o
 .debug_aranges
                0x0000000000000638       0x80 ./board/clock_config.o
 .debug_aranges
                0x00000000000006b8       0x40 ./board/pin_mux.o

.debug_rnglists
                0x0000000000000000      0x4f8
 .debug_rnglists
                0x0000000000000000       0x13 ./utilities/fsl_assert.o
 .debug_rnglists
                0x0000000000000013      0x103 ./startup/startup_lpc865.o
 .debug_rnglists
                0x0000000000000116       0x2d ./source/hello_p3t1755.o
 .debug_rnglists
                0x0000000000000143       0x3d ./source/i2c.o
 .debug_rnglists
                0x0000000000000180       0x13 ./source/semihost_hardfault.o
 .debug_rnglists
                0x0000000000000193       0x19 ./source/wait.o
 .debug_rnglists
                0x00000000000001ac       0xc8 ./drivers/fsl_clock.o
 .debug_rnglists
                0x0000000000000274       0xb7 ./drivers/fsl_i2c.o
 .debug_rnglists
                0x000000000000032b       0x1f ./drivers/fsl_reset.o
 .debug_rnglists
                0x000000000000034a       0x21 ./drivers/fsl_swm.o
 .debug_rnglists
                0x000000000000036b       0xd4 ./drivers/fsl_usart.o
 .debug_rnglists
                0x000000000000043f       0x1f ./device/system_LPC865.o
 .debug_rnglists
                0x000000000000045e       0x13 ./board/board.o
 .debug_rnglists
                0x0000000000000471       0x5b ./board/clock_config.o
 .debug_rnglists
                0x00000000000004cc       0x2c ./board/pin_mux.o

.debug_macro    0x0000000000000000     0x9845
 .debug_macro   0x0000000000000000      0x145 ./utilities/fsl_assert.o
 .debug_macro   0x0000000000000145      0xac0 ./utilities/fsl_assert.o
 .debug_macro   0x0000000000000c05       0x10 ./utilities/fsl_assert.o
 .debug_macro   0x0000000000000c15       0x1c ./utilities/fsl_assert.o
 .debug_macro   0x0000000000000c31       0x22 ./utilities/fsl_assert.o
 .debug_macro   0x0000000000000c53      0x12e ./utilities/fsl_assert.o
 .debug_macro   0x0000000000000d81      0x5b3 ./utilities/fsl_assert.o
 .debug_macro   0x0000000000001334       0x22 ./utilities/fsl_assert.o
 .debug_macro   0x0000000000001356       0x10 ./utilities/fsl_assert.o
 .debug_macro   0x0000000000001366       0x3f ./utilities/fsl_assert.o
 .debug_macro   0x00000000000013a5       0x1c ./utilities/fsl_assert.o
 .debug_macro   0x00000000000013c1       0x22 ./utilities/fsl_assert.o
 .debug_macro   0x00000000000013e3       0xd1 ./utilities/fsl_assert.o
 .debug_macro   0x00000000000014b4      0x3ad ./utilities/fsl_assert.o
 .debug_macro   0x0000000000001861       0x22 ./utilities/fsl_assert.o
 .debug_macro   0x0000000000001883     0x669c ./utilities/fsl_assert.o
 .debug_macro   0x0000000000007f1f      0x238 ./utilities/fsl_assert.o
 .debug_macro   0x0000000000008157       0x7a ./utilities/fsl_assert.o
 .debug_macro   0x00000000000081d1       0x9d ./utilities/fsl_assert.o
 .debug_macro   0x000000000000826e      0x116 ./utilities/fsl_assert.o
 .debug_macro   0x0000000000008384       0x16 ./utilities/fsl_assert.o
 .debug_macro   0x000000000000839a       0x72 ./utilities/fsl_assert.o
 .debug_macro   0x000000000000840c       0x1c ./utilities/fsl_assert.o
 .debug_macro   0x0000000000008428       0x9a ./utilities/fsl_assert.o
 .debug_macro   0x00000000000084c2       0x2e ./utilities/fsl_assert.o
 .debug_macro   0x00000000000084f0       0x50 ./startup/startup_lpc865.o
 .debug_macro   0x0000000000008540       0x34 ./startup/startup_lpc865.o
 .debug_macro   0x0000000000008574      0x183 ./source/hello_p3t1755.o
 .debug_macro   0x00000000000086f7       0xa0 ./source/hello_p3t1755.o
 .debug_macro   0x0000000000008797       0x34 ./source/hello_p3t1755.o
 .debug_macro   0x00000000000087cb       0x3d ./source/hello_p3t1755.o
 .debug_macro   0x0000000000008808       0x10 ./source/hello_p3t1755.o
 .debug_macro   0x0000000000008818       0xf4 ./source/hello_p3t1755.o
 .debug_macro   0x000000000000890c       0x46 ./source/hello_p3t1755.o
 .debug_macro   0x0000000000008952       0x22 ./source/hello_p3t1755.o
 .debug_macro   0x0000000000008974      0x1ae ./source/i2c.o
 .debug_macro   0x0000000000008b22       0x16 ./source/i2c.o
 .debug_macro   0x0000000000008b38       0x1c ./source/i2c.o
 .debug_macro   0x0000000000008b54       0x46 ./source/i2c.o
 .debug_macro   0x0000000000008b9a       0x2f ./source/mtb.o
 .debug_macro   0x0000000000008bc9       0x82 ./source/mtb.o
 .debug_macro   0x0000000000008c4b       0x10 ./source/mtb.o
 .debug_macro   0x0000000000008c5b       0x11 ./source/semihost_hardfault.o
 .debug_macro   0x0000000000008c6c       0x40 ./source/wait.o
 .debug_macro   0x0000000000008cac      0x14e ./drivers/fsl_clock.o
 .debug_macro   0x0000000000008dfa      0x138 ./drivers/fsl_i2c.o
 .debug_macro   0x0000000000008f32      0x12a ./drivers/fsl_reset.o
 .debug_macro   0x000000000000905c      0x144 ./drivers/fsl_swm.o
 .debug_macro   0x00000000000091a0      0x139 ./drivers/fsl_usart.o
 .debug_macro   0x00000000000092d9       0x1c ./drivers/fsl_usart.o
 .debug_macro   0x00000000000092f5       0x97 ./device/system_LPC865.o
 .debug_macro   0x000000000000938c      0x16c ./board/board.o
 .debug_macro   0x00000000000094f8       0x43 ./board/board.o
 .debug_macro   0x000000000000953b      0x14a ./board/clock_config.o
 .debug_macro   0x0000000000009685      0x150 ./board/pin_mux.o
 .debug_macro   0x00000000000097d5       0x70 ./board/pin_mux.o

.debug_line     0x0000000000000000     0x4e9a
 .debug_line    0x0000000000000000      0x38f ./utilities/fsl_assert.o
 .debug_line    0x000000000000038f      0x396 ./startup/startup_lpc865.o
 .debug_line    0x0000000000000725      0x588 ./source/hello_p3t1755.o
 .debug_line    0x0000000000000cad      0x55a ./source/i2c.o
 .debug_line    0x0000000000001207       0xd9 ./source/mtb.o
 .debug_line    0x00000000000012e0       0x59 ./source/semihost_hardfault.o
 .debug_line    0x0000000000001339      0x1b7 ./source/wait.o
 .debug_line    0x00000000000014f0      0xa5a ./drivers/fsl_clock.o
 .debug_line    0x0000000000001f4a      0xa81 ./drivers/fsl_i2c.o
 .debug_line    0x00000000000029cb      0x39d ./drivers/fsl_reset.o
 .debug_line    0x0000000000002d68      0x449 ./drivers/fsl_swm.o
 .debug_line    0x00000000000031b1      0xcdb ./drivers/fsl_usart.o
 .debug_line    0x0000000000003e8c      0x29e ./device/system_LPC865.o
 .debug_line    0x000000000000412a      0x3f3 ./board/board.o
 .debug_line    0x000000000000451d      0x52f ./board/clock_config.o
 .debug_line    0x0000000000004a4c      0x44e ./board/pin_mux.o

.debug_str      0x0000000000000000    0x448fa
 .debug_str     0x0000000000000000    0x3e5fb ./utilities/fsl_assert.o
                                      0x3e69e (size before relaxing)
 .debug_str     0x000000000003e5fb      0x575 ./startup/startup_lpc865.o
                                       0x338f (size before relaxing)
 .debug_str     0x000000000003eb70     0x182b ./source/hello_p3t1755.o
                                      0x3feed (size before relaxing)
 .debug_str     0x000000000004039b      0x45e ./source/i2c.o
                                      0x3f838 (size before relaxing)
 .debug_str     0x00000000000407f9      0x532 ./source/mtb.o
                                       0x331b (size before relaxing)
 .debug_str     0x0000000000040d2b       0x1f ./source/semihost_hardfault.o
                                       0x2e08 (size before relaxing)
 .debug_str     0x0000000000040d4a       0x22 ./source/wait.o
                                       0x44dc (size before relaxing)
 .debug_str     0x0000000000040d6c     0x1088 ./drivers/fsl_clock.o
                                      0x3f783 (size before relaxing)
 .debug_str     0x0000000000041df4      0xa21 ./drivers/fsl_i2c.o
                                      0x3fea4 (size before relaxing)
 .debug_str     0x0000000000042815       0x98 ./drivers/fsl_reset.o
                                      0x3e983 (size before relaxing)
 .debug_str     0x00000000000428ad      0xad0 ./drivers/fsl_swm.o
                                      0x3fc25 (size before relaxing)
 .debug_str     0x000000000004337d      0xd24 ./drivers/fsl_usart.o
                                      0x40505 (size before relaxing)
 .debug_str     0x00000000000440a1       0x3f ./device/system_LPC865.o
                                      0x3cb11 (size before relaxing)
 .debug_str     0x00000000000440e0       0x1c ./board/board.o
                                      0x3ffa6 (size before relaxing)
 .debug_str     0x00000000000440fc      0x403 ./board/clock_config.o
                                      0x3f2a7 (size before relaxing)
 .debug_str     0x00000000000444ff      0x3fb ./board/pin_mux.o
                                      0x3f46b (size before relaxing)

.comment        0x0000000000000000       0x85
 .comment       0x0000000000000000       0x40 ./utilities/fsl_assert.o
                                         0x41 (size before relaxing)
 .comment       0x0000000000000040       0x41 ./startup/startup_lpc865.o
 .comment       0x0000000000000040       0x41 ./source/hello_p3t1755.o
 .comment       0x0000000000000040       0x41 ./source/i2c.o
 .comment       0x0000000000000040       0x41 ./source/mtb.o
 .comment       0x0000000000000040       0x41 ./source/semihost_hardfault.o
 .comment       0x0000000000000040       0x41 ./source/wait.o
 .comment       0x0000000000000040       0x41 ./drivers/fsl_clock.o
 .comment       0x0000000000000040       0x41 ./drivers/fsl_i2c.o
 .comment       0x0000000000000040       0x41 ./drivers/fsl_reset.o
 .comment       0x0000000000000040       0x41 ./drivers/fsl_swm.o
 .comment       0x0000000000000040       0x41 ./drivers/fsl_usart.o
 .comment       0x0000000000000040       0x41 ./device/system_LPC865.o
 .comment       0x0000000000000040       0x41 ./board/board.o
 .comment       0x0000000000000040       0x41 ./board/clock_config.o
 .comment       0x0000000000000040       0x41 ./board/pin_mux.o
 .comment       0x0000000000000040       0x45 /Applications/MCUXpressoIDE_11.8.0_1165/ide/plugins/com.nxp.mcuxpresso.tools.macosx_11.8.0.202306131047/tools/bin/../lib/gcc/arm-none-eabi/12.2.1/../../../../arm-none-eabi/lib/thumb/v6-m/nofp/libcr_semihost_nf.a(_cr__main.o)
                                         0x46 (size before relaxing)
 .comment       0x0000000000000085       0x46 /Applications/MCUXpressoIDE_11.8.0_1165/ide/plugins/com.nxp.mcuxpresso.tools.macosx_11.8.0.202306131047/tools/bin/../lib/gcc/arm-none-eabi/12.2.1/../../../../arm-none-eabi/lib/thumb/v6-m/nofp/libcr_c.a(memset.o)
 .comment       0x0000000000000085       0x46 /Applications/MCUXpressoIDE_11.8.0_1165/ide/plugins/com.nxp.mcuxpresso.tools.macosx_11.8.0.202306131047/tools/bin/../lib/gcc/arm-none-eabi/12.2.1/../../../../arm-none-eabi/lib/thumb/v6-m/nofp/libcr_c.a(alloc.o)
 .comment       0x0000000000000085       0x46 /Applications/MCUXpressoIDE_11.8.0_1165/ide/plugins/com.nxp.mcuxpresso.tools.macosx_11.8.0.202306131047/tools/bin/../lib/gcc/arm-none-eabi/12.2.1/../../../../arm-none-eabi/lib/thumb/v6-m/nofp/libcr_c.a(errno.o)
 .comment       0x0000000000000085       0x46 /Applications/MCUXpressoIDE_11.8.0_1165/ide/plugins/com.nxp.mcuxpresso.tools.macosx_11.8.0.202306131047/tools/bin/../lib/gcc/arm-none-eabi/12.2.1/../../../../arm-none-eabi/lib/thumb/v6-m/nofp/libcr_c.a(fpprintf.o)
 .comment       0x0000000000000085       0x46 /Applications/MCUXpressoIDE_11.8.0_1165/ide/plugins/com.nxp.mcuxpresso.tools.macosx_11.8.0.202306131047/tools/bin/../lib/gcc/arm-none-eabi/12.2.1/../../../../arm-none-eabi/lib/thumb/v6-m/nofp/libcr_c.a(initio.o)
 .comment       0x0000000000000085       0x46 /Applications/MCUXpressoIDE_11.8.0_1165/ide/plugins/com.nxp.mcuxpresso.tools.macosx_11.8.0.202306131047/tools/bin/../lib/gcc/arm-none-eabi/12.2.1/../../../../arm-none-eabi/lib/thumb/v6-m/nofp/libcr_c.a(printf.o)
 .comment       0x0000000000000085       0x46 /Applications/MCUXpressoIDE_11.8.0_1165/ide/plugins/com.nxp.mcuxpresso.tools.macosx_11.8.0.202306131047/tools/bin/../lib/gcc/arm-none-eabi/12.2.1/../../../../arm-none-eabi/lib/thumb/v6-m/nofp/libcr_c.a(setvbuf.o)
 .comment       0x0000000000000085       0x46 /Applications/MCUXpressoIDE_11.8.0_1165/ide/plugins/com.nxp.mcuxpresso.tools.macosx_11.8.0.202306131047/tools/bin/../lib/gcc/arm-none-eabi/12.2.1/../../../../arm-none-eabi/lib/thumb/v6-m/nofp/libcr_c.a(strlen.o)
 .comment       0x0000000000000085       0x46 /Applications/MCUXpressoIDE_11.8.0_1165/ide/plugins/com.nxp.mcuxpresso.tools.macosx_11.8.0.202306131047/tools/bin/../lib/gcc/arm-none-eabi/12.2.1/../../../../arm-none-eabi/lib/thumb/v6-m/nofp/libcr_c.a(__init_alloc.o)
 .comment       0x0000000000000085       0x46 /Applications/MCUXpressoIDE_11.8.0_1165/ide/plugins/com.nxp.mcuxpresso.tools.macosx_11.8.0.202306131047/tools/bin/../lib/gcc/arm-none-eabi/12.2.1/../../../../arm-none-eabi/lib/thumb/v6-m/nofp/libcr_c.a(_cr_sbrk.o)
 .comment       0x0000000000000085       0x46 /Applications/MCUXpressoIDE_11.8.0_1165/ide/plugins/com.nxp.mcuxpresso.tools.macosx_11.8.0.202306131047/tools/bin/../lib/gcc/arm-none-eabi/12.2.1/../../../../arm-none-eabi/lib/thumb/v6-m/nofp/libcr_c.a(_deferredlazyseek.o)
 .comment       0x0000000000000085       0x46 /Applications/MCUXpressoIDE_11.8.0_1165/ide/plugins/com.nxp.mcuxpresso.tools.macosx_11.8.0.202306131047/tools/bin/../lib/gcc/arm-none-eabi/12.2.1/../../../../arm-none-eabi/lib/thumb/v6-m/nofp/libcr_c.a(_fdopen.o)
 .comment       0x0000000000000085       0x46 /Applications/MCUXpressoIDE_11.8.0_1165/ide/plugins/com.nxp.mcuxpresso.tools.macosx_11.8.0.202306131047/tools/bin/../lib/gcc/arm-none-eabi/12.2.1/../../../../arm-none-eabi/lib/thumb/v6-m/nofp/libcr_c.a(_fflush.o)
 .comment       0x0000000000000085       0x46 /Applications/MCUXpressoIDE_11.8.0_1165/ide/plugins/com.nxp.mcuxpresso.tools.macosx_11.8.0.202306131047/tools/bin/../lib/gcc/arm-none-eabi/12.2.1/../../../../arm-none-eabi/lib/thumb/v6-m/nofp/libcr_c.a(_frexpl.o)
 .comment       0x0000000000000085       0x46 /Applications/MCUXpressoIDE_11.8.0_1165/ide/plugins/com.nxp.mcuxpresso.tools.macosx_11.8.0.202306131047/tools/bin/../lib/gcc/arm-none-eabi/12.2.1/../../../../arm-none-eabi/lib/thumb/v6-m/nofp/libcr_c.a(_ldexpl.o)
 .comment       0x0000000000000085       0x46 /Applications/MCUXpressoIDE_11.8.0_1165/ide/plugins/com.nxp.mcuxpresso.tools.macosx_11.8.0.202306131047/tools/bin/../lib/gcc/arm-none-eabi/12.2.1/../../../../arm-none-eabi/lib/thumb/v6-m/nofp/libcr_c.a(_writebuf.o)
 .comment       0x0000000000000085       0x46 /Applications/MCUXpressoIDE_11.8.0_1165/ide/plugins/com.nxp.mcuxpresso.tools.macosx_11.8.0.202306131047/tools/bin/../lib/gcc/arm-none-eabi/12.2.1/../../../../arm-none-eabi/lib/thumb/v6-m/nofp/libcr_c.a(fclose.o)
 .comment       0x0000000000000085       0x46 /Applications/MCUXpressoIDE_11.8.0_1165/ide/plugins/com.nxp.mcuxpresso.tools.macosx_11.8.0.202306131047/tools/bin/../lib/gcc/arm-none-eabi/12.2.1/../../../../arm-none-eabi/lib/thumb/v6-m/nofp/libcr_c.a(fflush.o)
 .comment       0x0000000000000085       0x46 /Applications/MCUXpressoIDE_11.8.0_1165/ide/plugins/com.nxp.mcuxpresso.tools.macosx_11.8.0.202306131047/tools/bin/../lib/gcc/arm-none-eabi/12.2.1/../../../../arm-none-eabi/lib/thumb/v6-m/nofp/libcr_c.a(fseek.o)
 .comment       0x0000000000000085       0x46 /Applications/MCUXpressoIDE_11.8.0_1165/ide/plugins/com.nxp.mcuxpresso.tools.macosx_11.8.0.202306131047/tools/bin/../lib/gcc/arm-none-eabi/12.2.1/../../../../arm-none-eabi/lib/thumb/v6-m/nofp/libcr_c.a(ftell.o)
 .comment       0x0000000000000085       0x46 /Applications/MCUXpressoIDE_11.8.0_1165/ide/plugins/com.nxp.mcuxpresso.tools.macosx_11.8.0.202306131047/tools/bin/../lib/gcc/arm-none-eabi/12.2.1/../../../../arm-none-eabi/lib/thumb/v6-m/nofp/libcr_c.a(remove.o)
 .comment       0x0000000000000085       0x46 /Applications/MCUXpressoIDE_11.8.0_1165/ide/plugins/com.nxp.mcuxpresso.tools.macosx_11.8.0.202306131047/tools/bin/../lib/gcc/arm-none-eabi/12.2.1/../../../../arm-none-eabi/lib/thumb/v6-m/nofp/libcr_c.a(_cr_check_heap.o)
 .comment       0x0000000000000085       0x46 /Applications/MCUXpressoIDE_11.8.0_1165/ide/plugins/com.nxp.mcuxpresso.tools.macosx_11.8.0.202306131047/tools/bin/../lib/gcc/arm-none-eabi/12.2.1/../../../../arm-none-eabi/lib/thumb/v6-m/nofp/libcr_c.a(_do_fflush.o)
 .comment       0x0000000000000085       0x46 /Applications/MCUXpressoIDE_11.8.0_1165/ide/plugins/com.nxp.mcuxpresso.tools.macosx_11.8.0.202306131047/tools/bin/../lib/gcc/arm-none-eabi/12.2.1/thumb/v6-m/nofp/libcr_eabihelpers.a(double.o)
 .comment       0x0000000000000085       0x46 /Applications/MCUXpressoIDE_11.8.0_1165/ide/plugins/com.nxp.mcuxpresso.tools.macosx_11.8.0.202306131047/tools/bin/../lib/gcc/arm-none-eabi/12.2.1/../../../../arm-none-eabi/lib/thumb/v6-m/nofp/libcr_semihost_nf.a(__ciob.o)

.ARM.attributes
                0x0000000000000000       0x2a
 .ARM.attributes
                0x0000000000000000       0x2c ./utilities/fsl_assert.o
 .ARM.attributes
                0x000000000000002c       0x2c ./startup/startup_lpc865.o
 .ARM.attributes
                0x0000000000000058       0x2c ./source/hello_p3t1755.o
 .ARM.attributes
                0x0000000000000084       0x2c ./source/i2c.o
 .ARM.attributes
                0x00000000000000b0       0x2c ./source/mtb.o
 .ARM.attributes
                0x00000000000000dc       0x2c ./source/semihost_hardfault.o
 .ARM.attributes
                0x0000000000000108       0x2c ./source/wait.o
 .ARM.attributes
                0x0000000000000134       0x2c ./drivers/fsl_clock.o
 .ARM.attributes
                0x0000000000000160       0x2c ./drivers/fsl_i2c.o
 .ARM.attributes
                0x000000000000018c       0x2c ./drivers/fsl_reset.o
 .ARM.attributes
                0x00000000000001b8       0x2c ./drivers/fsl_swm.o
 .ARM.attributes
                0x00000000000001e4       0x2c ./drivers/fsl_usart.o
 .ARM.attributes
                0x0000000000000210       0x2c ./device/system_LPC865.o
 .ARM.attributes
                0x000000000000023c       0x2c ./board/board.o
 .ARM.attributes
                0x0000000000000268       0x2c ./board/clock_config.o
 .ARM.attributes
                0x0000000000000294       0x2c ./board/pin_mux.o
 .ARM.attributes
                0x00000000000002c0       0x2c /Applications/MCUXpressoIDE_11.8.0_1165/ide/plugins/com.nxp.mcuxpresso.tools.macosx_11.8.0.202306131047/tools/bin/../lib/gcc/arm-none-eabi/12.2.1/../../../../arm-none-eabi/lib/thumb/v6-m/nofp/libcr_semihost_nf.a(_cr__main.o)
 .ARM.attributes
                0x00000000000002ec       0x2c /Applications/MCUXpressoIDE_11.8.0_1165/ide/plugins/com.nxp.mcuxpresso.tools.macosx_11.8.0.202306131047/tools/bin/../lib/gcc/arm-none-eabi/12.2.1/../../../../arm-none-eabi/lib/thumb/v6-m/nofp/libcr_c.a(memset.o)
 .ARM.attributes
                0x0000000000000318       0x2c /Applications/MCUXpressoIDE_11.8.0_1165/ide/plugins/com.nxp.mcuxpresso.tools.macosx_11.8.0.202306131047/tools/bin/../lib/gcc/arm-none-eabi/12.2.1/../../../../arm-none-eabi/lib/thumb/v6-m/nofp/libcr_c.a(alloc.o)
 .ARM.attributes
                0x0000000000000344       0x2c /Applications/MCUXpressoIDE_11.8.0_1165/ide/plugins/com.nxp.mcuxpresso.tools.macosx_11.8.0.202306131047/tools/bin/../lib/gcc/arm-none-eabi/12.2.1/../../../../arm-none-eabi/lib/thumb/v6-m/nofp/libcr_c.a(errno.o)
 .ARM.attributes
                0x0000000000000370       0x2c /Applications/MCUXpressoIDE_11.8.0_1165/ide/plugins/com.nxp.mcuxpresso.tools.macosx_11.8.0.202306131047/tools/bin/../lib/gcc/arm-none-eabi/12.2.1/../../../../arm-none-eabi/lib/thumb/v6-m/nofp/libcr_c.a(fpprintf.o)
 .ARM.attributes
                0x000000000000039c       0x2c /Applications/MCUXpressoIDE_11.8.0_1165/ide/plugins/com.nxp.mcuxpresso.tools.macosx_11.8.0.202306131047/tools/bin/../lib/gcc/arm-none-eabi/12.2.1/../../../../arm-none-eabi/lib/thumb/v6-m/nofp/libcr_c.a(initio.o)
 .ARM.attributes
                0x00000000000003c8       0x2c /Applications/MCUXpressoIDE_11.8.0_1165/ide/plugins/com.nxp.mcuxpresso.tools.macosx_11.8.0.202306131047/tools/bin/../lib/gcc/arm-none-eabi/12.2.1/../../../../arm-none-eabi/lib/thumb/v6-m/nofp/libcr_c.a(printf.o)
 .ARM.attributes
                0x00000000000003f4       0x2c /Applications/MCUXpressoIDE_11.8.0_1165/ide/plugins/com.nxp.mcuxpresso.tools.macosx_11.8.0.202306131047/tools/bin/../lib/gcc/arm-none-eabi/12.2.1/../../../../arm-none-eabi/lib/thumb/v6-m/nofp/libcr_c.a(setvbuf.o)
 .ARM.attributes
                0x0000000000000420       0x2c /Applications/MCUXpressoIDE_11.8.0_1165/ide/plugins/com.nxp.mcuxpresso.tools.macosx_11.8.0.202306131047/tools/bin/../lib/gcc/arm-none-eabi/12.2.1/../../../../arm-none-eabi/lib/thumb/v6-m/nofp/libcr_c.a(strlen.o)
 .ARM.attributes
                0x000000000000044c       0x2c /Applications/MCUXpressoIDE_11.8.0_1165/ide/plugins/com.nxp.mcuxpresso.tools.macosx_11.8.0.202306131047/tools/bin/../lib/gcc/arm-none-eabi/12.2.1/../../../../arm-none-eabi/lib/thumb/v6-m/nofp/libcr_c.a(__init_alloc.o)
 .ARM.attributes
                0x0000000000000478       0x2c /Applications/MCUXpressoIDE_11.8.0_1165/ide/plugins/com.nxp.mcuxpresso.tools.macosx_11.8.0.202306131047/tools/bin/../lib/gcc/arm-none-eabi/12.2.1/../../../../arm-none-eabi/lib/thumb/v6-m/nofp/libcr_c.a(_cr_sbrk.o)
 .ARM.attributes
                0x00000000000004a4       0x2c /Applications/MCUXpressoIDE_11.8.0_1165/ide/plugins/com.nxp.mcuxpresso.tools.macosx_11.8.0.202306131047/tools/bin/../lib/gcc/arm-none-eabi/12.2.1/../../../../arm-none-eabi/lib/thumb/v6-m/nofp/libcr_c.a(_deferredlazyseek.o)
 .ARM.attributes
                0x00000000000004d0       0x2c /Applications/MCUXpressoIDE_11.8.0_1165/ide/plugins/com.nxp.mcuxpresso.tools.macosx_11.8.0.202306131047/tools/bin/../lib/gcc/arm-none-eabi/12.2.1/../../../../arm-none-eabi/lib/thumb/v6-m/nofp/libcr_c.a(_fdopen.o)
 .ARM.attributes
                0x00000000000004fc       0x2c /Applications/MCUXpressoIDE_11.8.0_1165/ide/plugins/com.nxp.mcuxpresso.tools.macosx_11.8.0.202306131047/tools/bin/../lib/gcc/arm-none-eabi/12.2.1/../../../../arm-none-eabi/lib/thumb/v6-m/nofp/libcr_c.a(_fflush.o)
 .ARM.attributes
                0x0000000000000528       0x2c /Applications/MCUXpressoIDE_11.8.0_1165/ide/plugins/com.nxp.mcuxpresso.tools.macosx_11.8.0.202306131047/tools/bin/../lib/gcc/arm-none-eabi/12.2.1/../../../../arm-none-eabi/lib/thumb/v6-m/nofp/libcr_c.a(_frexpl.o)
 .ARM.attributes
                0x0000000000000554       0x2c /Applications/MCUXpressoIDE_11.8.0_1165/ide/plugins/com.nxp.mcuxpresso.tools.macosx_11.8.0.202306131047/tools/bin/../lib/gcc/arm-none-eabi/12.2.1/../../../../arm-none-eabi/lib/thumb/v6-m/nofp/libcr_c.a(_ldexpl.o)
 .ARM.attributes
                0x0000000000000580       0x2c /Applications/MCUXpressoIDE_11.8.0_1165/ide/plugins/com.nxp.mcuxpresso.tools.macosx_11.8.0.202306131047/tools/bin/../lib/gcc/arm-none-eabi/12.2.1/../../../../arm-none-eabi/lib/thumb/v6-m/nofp/libcr_c.a(_writebuf.o)
 .ARM.attributes
                0x00000000000005ac       0x2c /Applications/MCUXpressoIDE_11.8.0_1165/ide/plugins/com.nxp.mcuxpresso.tools.macosx_11.8.0.202306131047/tools/bin/../lib/gcc/arm-none-eabi/12.2.1/../../../../arm-none-eabi/lib/thumb/v6-m/nofp/libcr_c.a(fclose.o)
 .ARM.attributes
                0x00000000000005d8       0x2c /Applications/MCUXpressoIDE_11.8.0_1165/ide/plugins/com.nxp.mcuxpresso.tools.macosx_11.8.0.202306131047/tools/bin/../lib/gcc/arm-none-eabi/12.2.1/../../../../arm-none-eabi/lib/thumb/v6-m/nofp/libcr_c.a(fflush.o)
 .ARM.attributes
                0x0000000000000604       0x2c /Applications/MCUXpressoIDE_11.8.0_1165/ide/plugins/com.nxp.mcuxpresso.tools.macosx_11.8.0.202306131047/tools/bin/../lib/gcc/arm-none-eabi/12.2.1/../../../../arm-none-eabi/lib/thumb/v6-m/nofp/libcr_c.a(fseek.o)
 .ARM.attributes
                0x0000000000000630       0x2c /Applications/MCUXpressoIDE_11.8.0_1165/ide/plugins/com.nxp.mcuxpresso.tools.macosx_11.8.0.202306131047/tools/bin/../lib/gcc/arm-none-eabi/12.2.1/../../../../arm-none-eabi/lib/thumb/v6-m/nofp/libcr_c.a(ftell.o)
 .ARM.attributes
                0x000000000000065c       0x2c /Applications/MCUXpressoIDE_11.8.0_1165/ide/plugins/com.nxp.mcuxpresso.tools.macosx_11.8.0.202306131047/tools/bin/../lib/gcc/arm-none-eabi/12.2.1/../../../../arm-none-eabi/lib/thumb/v6-m/nofp/libcr_c.a(remove.o)
 .ARM.attributes
                0x0000000000000688       0x2c /Applications/MCUXpressoIDE_11.8.0_1165/ide/plugins/com.nxp.mcuxpresso.tools.macosx_11.8.0.202306131047/tools/bin/../lib/gcc/arm-none-eabi/12.2.1/../../../../arm-none-eabi/lib/thumb/v6-m/nofp/libcr_c.a(_cr_check_heap.o)
 .ARM.attributes
                0x00000000000006b4       0x2c /Applications/MCUXpressoIDE_11.8.0_1165/ide/plugins/com.nxp.mcuxpresso.tools.macosx_11.8.0.202306131047/tools/bin/../lib/gcc/arm-none-eabi/12.2.1/../../../../arm-none-eabi/lib/thumb/v6-m/nofp/libcr_c.a(_do_fflush.o)
 .ARM.attributes
                0x00000000000006e0       0x1c /Applications/MCUXpressoIDE_11.8.0_1165/ide/plugins/com.nxp.mcuxpresso.tools.macosx_11.8.0.202306131047/tools/bin/../lib/gcc/arm-none-eabi/12.2.1/thumb/v6-m/nofp/libcr_eabihelpers.a(division_32.o)
 .ARM.attributes
                0x00000000000006fc       0x1c /Applications/MCUXpressoIDE_11.8.0_1165/ide/plugins/com.nxp.mcuxpresso.tools.macosx_11.8.0.202306131047/tools/bin/../lib/gcc/arm-none-eabi/12.2.1/thumb/v6-m/nofp/libcr_eabihelpers.a(division_idiv0.o)
 .ARM.attributes
                0x0000000000000718       0x2c /Applications/MCUXpressoIDE_11.8.0_1165/ide/plugins/com.nxp.mcuxpresso.tools.macosx_11.8.0.202306131047/tools/bin/../lib/gcc/arm-none-eabi/12.2.1/thumb/v6-m/nofp/libcr_eabihelpers.a(double.o)
 .ARM.attributes
                0x0000000000000744       0x1c /Applications/MCUXpressoIDE_11.8.0_1165/ide/plugins/com.nxp.mcuxpresso.tools.macosx_11.8.0.202306131047/tools/bin/../lib/gcc/arm-none-eabi/12.2.1/thumb/v6-m/nofp/libcr_eabihelpers.a(llong.o)
 .ARM.attributes
                0x0000000000000760       0x1c /Applications/MCUXpressoIDE_11.8.0_1165/ide/plugins/com.nxp.mcuxpresso.tools.macosx_11.8.0.202306131047/tools/bin/../lib/gcc/arm-none-eabi/12.2.1/thumb/v6-m/nofp/libcr_eabihelpers.a(memcpy.o)
 .ARM.attributes
                0x000000000000077c       0x1c /Applications/MCUXpressoIDE_11.8.0_1165/ide/plugins/com.nxp.mcuxpresso.tools.macosx_11.8.0.202306131047/tools/bin/../lib/gcc/arm-none-eabi/12.2.1/thumb/v6-m/nofp/libcr_eabihelpers.a(thumb1_switch_helpers.o)
 .ARM.attributes
                0x0000000000000798       0x2c /Applications/MCUXpressoIDE_11.8.0_1165/ide/plugins/com.nxp.mcuxpresso.tools.macosx_11.8.0.202306131047/tools/bin/../lib/gcc/arm-none-eabi/12.2.1/../../../../arm-none-eabi/lib/thumb/v6-m/nofp/libcr_semihost_nf.a(__ciob.o)
 .ARM.attributes
                0x00000000000007c4       0x1c /Applications/MCUXpressoIDE_11.8.0_1165/ide/plugins/com.nxp.mcuxpresso.tools.macosx_11.8.0.202306131047/tools/bin/../lib/gcc/arm-none-eabi/12.2.1/../../../../arm-none-eabi/lib/thumb/v6-m/nofp/libcr_semihost_nf.a(__sys_appexit.o)
 .ARM.attributes
                0x00000000000007e0       0x1c /Applications/MCUXpressoIDE_11.8.0_1165/ide/plugins/com.nxp.mcuxpresso.tools.macosx_11.8.0.202306131047/tools/bin/../lib/gcc/arm-none-eabi/12.2.1/../../../../arm-none-eabi/lib/thumb/v6-m/nofp/libcr_semihost_nf.a(__sys_close.o)
 .ARM.attributes
                0x00000000000007fc       0x1c /Applications/MCUXpressoIDE_11.8.0_1165/ide/plugins/com.nxp.mcuxpresso.tools.macosx_11.8.0.202306131047/tools/bin/../lib/gcc/arm-none-eabi/12.2.1/../../../../arm-none-eabi/lib/thumb/v6-m/nofp/libcr_semihost_nf.a(__sys_flen.o)
 .ARM.attributes
                0x0000000000000818       0x1c /Applications/MCUXpressoIDE_11.8.0_1165/ide/plugins/com.nxp.mcuxpresso.tools.macosx_11.8.0.202306131047/tools/bin/../lib/gcc/arm-none-eabi/12.2.1/../../../../arm-none-eabi/lib/thumb/v6-m/nofp/libcr_semihost_nf.a(__sys_istty.o)
 .ARM.attributes
                0x0000000000000834       0x1c /Applications/MCUXpressoIDE_11.8.0_1165/ide/plugins/com.nxp.mcuxpresso.tools.macosx_11.8.0.202306131047/tools/bin/../lib/gcc/arm-none-eabi/12.2.1/../../../../arm-none-eabi/lib/thumb/v6-m/nofp/libcr_semihost_nf.a(__sys_remove.o)
 .ARM.attributes
                0x0000000000000850       0x1c /Applications/MCUXpressoIDE_11.8.0_1165/ide/plugins/com.nxp.mcuxpresso.tools.macosx_11.8.0.202306131047/tools/bin/../lib/gcc/arm-none-eabi/12.2.1/../../../../arm-none-eabi/lib/thumb/v6-m/nofp/libcr_semihost_nf.a(__sys_seek.o)
 .ARM.attributes
                0x000000000000086c       0x1c /Applications/MCUXpressoIDE_11.8.0_1165/ide/plugins/com.nxp.mcuxpresso.tools.macosx_11.8.0.202306131047/tools/bin/../lib/gcc/arm-none-eabi/12.2.1/../../../../arm-none-eabi/lib/thumb/v6-m/nofp/libcr_semihost_nf.a(__sys_tmpnam.o)
 .ARM.attributes
                0x0000000000000888       0x1c /Applications/MCUXpressoIDE_11.8.0_1165/ide/plugins/com.nxp.mcuxpresso.tools.macosx_11.8.0.202306131047/tools/bin/../lib/gcc/arm-none-eabi/12.2.1/../../../../arm-none-eabi/lib/thumb/v6-m/nofp/libcr_semihost_nf.a(__sys_write.o)

.debug_frame    0x0000000000000000     0x14ec
 .debug_frame   0x0000000000000000       0x30 ./utilities/fsl_assert.o
 .debug_frame   0x0000000000000030      0x3a8 ./startup/startup_lpc865.o
 .debug_frame   0x00000000000003d8       0xac ./source/hello_p3t1755.o
 .debug_frame   0x0000000000000484      0x110 ./source/i2c.o
 .debug_frame   0x0000000000000594       0x20 ./source/semihost_hardfault.o
 .debug_frame   0x00000000000005b4       0x4c ./source/wait.o
 .debug_frame   0x0000000000000600      0x3c8 ./drivers/fsl_clock.o
 .debug_frame   0x00000000000009c8      0x370 ./drivers/fsl_i2c.o
 .debug_frame   0x0000000000000d38       0x70 ./drivers/fsl_reset.o
 .debug_frame   0x0000000000000da8       0x70 ./drivers/fsl_swm.o
 .debug_frame   0x0000000000000e18      0x404 ./drivers/fsl_usart.o
 .debug_frame   0x000000000000121c       0x64 ./device/system_LPC865.o
 .debug_frame   0x0000000000001280       0x2c ./board/board.o
 .debug_frame   0x00000000000012ac      0x194 ./board/clock_config.o
 .debug_frame   0x0000000000001440       0xac ./board/pin_mux.o

.debug_loclists
                0x0000000000000000      0x104
 .debug_loclists
                0x0000000000000000      0x104 ./startup/startup_lpc865.o

Cross Reference Table

Symbol                                            File
ACMP_DriverIRQHandler                             ./startup/startup_lpc865.o
ACMP_IRQHandler                                   ./startup/startup_lpc865.o
ADC0_OVR_DriverIRQHandler                         ./startup/startup_lpc865.o
ADC0_OVR_IRQHandler                               ./startup/startup_lpc865.o
ADC0_SEQA_DriverIRQHandler                        ./startup/startup_lpc865.o
ADC0_SEQA_IRQHandler                              ./startup/startup_lpc865.o
ADC0_SEQB_DriverIRQHandler                        ./startup/startup_lpc865.o
ADC0_SEQB_IRQHandler                              ./startup/startup_lpc865.o
ADC0_THCMP_DriverIRQHandler                       ./startup/startup_lpc865.o
ADC0_THCMP_IRQHandler                             ./startup/startup_lpc865.o
BOARD_BootClockFRO18M                             ./board/clock_config.o
BOARD_BootClockFRO24M                             ./board/clock_config.o
BOARD_BootClockFRO30M                             ./board/clock_config.o
BOARD_BootClockFRO36M                             ./board/clock_config.o
BOARD_BootClockFRO48M                             ./board/clock_config.o
                                                  ./source/hello_p3t1755.o
BOARD_BootClockFRO60M                             ./board/clock_config.o
BOARD_BootClockPll48M                             ./board/clock_config.o
BOARD_InitBootClocks                              ./board/clock_config.o
BOARD_InitBootPins                                ./board/pin_mux.o
                                                  ./source/hello_p3t1755.o
BOARD_InitDebugConsole                            ./board/board.o
                                                  ./source/hello_p3t1755.o
BOARD_InitPins                                    ./board/pin_mux.o
BOD_DriverIRQHandler                              ./startup/startup_lpc865.o
BOD_IRQHandler                                    ./startup/startup_lpc865.o
CLOCK_GetClockOutClkFreq                          ./drivers/fsl_clock.o
CLOCK_GetFRG0ClkFreq                              ./drivers/fsl_clock.o
CLOCK_GetFRG1ClkFreq                              ./drivers/fsl_clock.o
CLOCK_GetFreq                                     ./drivers/fsl_clock.o
CLOCK_GetFroFreq                                  ./drivers/fsl_clock.o
CLOCK_GetI3cClkFreq                               ./drivers/fsl_clock.o
CLOCK_GetLpOscClkFreq                             ./drivers/fsl_clock.o
CLOCK_GetMainClkFreq                              ./drivers/fsl_clock.o
                                                  ./source/i2c.o
CLOCK_GetSystemPLLInClockRate                     ./drivers/fsl_clock.o
CLOCK_GetUart0ClkFreq                             ./drivers/fsl_clock.o
CLOCK_GetUart1ClkFreq                             ./drivers/fsl_clock.o
CLOCK_GetUart2ClkFreq                             ./drivers/fsl_clock.o
CLOCK_GetUart3ClkFreq                             ./drivers/fsl_clock.o
CLOCK_GetUart4ClkFreq                             ./drivers/fsl_clock.o
CLOCK_InitExtClkin                                ./drivers/fsl_clock.o
CLOCK_InitSysOsc                                  ./drivers/fsl_clock.o
CLOCK_InitSystemPll                               ./drivers/fsl_clock.o
                                                  ./board/clock_config.o
CLOCK_InitXtalin                                  ./drivers/fsl_clock.o
CLOCK_SetFRG0ClkFreq                              ./drivers/fsl_clock.o
CLOCK_SetFRG1ClkFreq                              ./drivers/fsl_clock.o
CLOCK_SetFroOutClkSrc                             ./drivers/fsl_clock.o
                                                  ./board/clock_config.o
CLOCK_SetMainClkSrc                               ./drivers/fsl_clock.o
                                                  ./board/clock_config.o
CRP_WORD                                          ./startup/startup_lpc865.o
DMA0_DriverIRQHandler                             ./startup/startup_lpc865.o
DMA0_IRQHandler                                   ./startup/startup_lpc865.o
DisableDeepSleepIRQ                               ./drivers/fsl_power.o
EnableDeepSleepIRQ                                ./drivers/fsl_power.o
ExtClockIn                                        ./board/board.o
FLASH_DriverIRQHandler                            ./startup/startup_lpc865.o
FLASH_IRQHandler                                  ./startup/startup_lpc865.o
FTM0_DriverIRQHandler                             ./startup/startup_lpc865.o
FTM0_IRQHandler                                   ./startup/startup_lpc865.o
FTM1_DriverIRQHandler                             ./startup/startup_lpc865.o
FTM1_IRQHandler                                   ./startup/startup_lpc865.o
GPIO_HS_IRQ0_DriverIRQHandler                     ./startup/startup_lpc865.o
GPIO_HS_IRQ0_IRQHandler                           ./startup/startup_lpc865.o
GPIO_HS_IRQ1_DriverIRQHandler                     ./startup/startup_lpc865.o
GPIO_HS_IRQ1_IRQHandler                           ./startup/startup_lpc865.o
GPIO_PinInit                                      ./drivers/fsl_gpio.o
GPIO_PortInit                                     ./drivers/fsl_gpio.o
HAL_UartDeinit                                    ./component/uart/fsl_adapter_miniusart.o
HAL_UartEnterLowpower                             ./component/uart/fsl_adapter_miniusart.o
HAL_UartExitLowpower                              ./component/uart/fsl_adapter_miniusart.o
HAL_UartInit                                      ./component/uart/fsl_adapter_miniusart.o
HAL_UartReceiveBlocking                           ./component/uart/fsl_adapter_miniusart.o
HAL_UartSendBlocking                              ./component/uart/fsl_adapter_miniusart.o
HardFault_Handler                                 ./source/semihost_hardfault.o
                                                  ./startup/startup_lpc865.o
I2C0_DriverIRQHandler                             ./startup/startup_lpc865.o
I2C0_IRQHandler                                   ./startup/startup_lpc865.o
I2C_GetInstance                                   ./drivers/fsl_i2c.o
I2C_MasterDeinit                                  ./drivers/fsl_i2c.o
I2C_MasterGetDefaultConfig                        ./drivers/fsl_i2c.o
                                                  ./source/i2c.o
I2C_MasterInit                                    ./drivers/fsl_i2c.o
                                                  ./source/i2c.o
I2C_MasterReadBlocking                            ./drivers/fsl_i2c.o
                                                  ./source/i2c.o
I2C_MasterSetBaudRate                             ./drivers/fsl_i2c.o
I2C_MasterStart                                   ./drivers/fsl_i2c.o
                                                  ./source/i2c.o
I2C_MasterStop                                    ./drivers/fsl_i2c.o
I2C_MasterTransferBlocking                        ./drivers/fsl_i2c.o
I2C_MasterWriteBlocking                           ./drivers/fsl_i2c.o
                                                  ./source/i2c.o
I2C_SlaveDeinit                                   ./drivers/fsl_i2c.o
I2C_SlaveGetDefaultConfig                         ./drivers/fsl_i2c.o
I2C_SlaveInit                                     ./drivers/fsl_i2c.o
I2C_SlaveReadBlocking                             ./drivers/fsl_i2c.o
I2C_SlaveSetAddress                               ./drivers/fsl_i2c.o
I2C_SlaveWriteBlocking                            ./drivers/fsl_i2c.o
I3C0_DriverIRQHandler                             ./startup/startup_lpc865.o
I3C0_IRQHandler                                   ./startup/startup_lpc865.o
INPUTMUX_AttachSignal                             ./drivers/fsl_inputmux.o
INPUTMUX_Deinit                                   ./drivers/fsl_inputmux.o
INPUTMUX_Init                                     ./drivers/fsl_inputmux.o
IntDefaultHandler                                 ./startup/startup_lpc865.o
MRT0_DriverIRQHandler                             ./startup/startup_lpc865.o
MRT0_IRQHandler                                   ./startup/startup_lpc865.o
NMI_Handler                                       ./startup/startup_lpc865.o
PIN_INT0_DriverIRQHandler                         ./startup/startup_lpc865.o
PIN_INT0_IRQHandler                               ./startup/startup_lpc865.o
PIN_INT1_DriverIRQHandler                         ./startup/startup_lpc865.o
PIN_INT1_IRQHandler                               ./startup/startup_lpc865.o
PIN_INT2_DriverIRQHandler                         ./startup/startup_lpc865.o
PIN_INT2_IRQHandler                               ./startup/startup_lpc865.o
PIN_INT3_DriverIRQHandler                         ./startup/startup_lpc865.o
PIN_INT3_IRQHandler                               ./startup/startup_lpc865.o
PIN_INT4_DriverIRQHandler                         ./startup/startup_lpc865.o
PIN_INT4_IRQHandler                               ./startup/startup_lpc865.o
PIN_INT5_DriverIRQHandler                         ./startup/startup_lpc865.o
PIN_INT5_IRQHandler                               ./startup/startup_lpc865.o
PIN_INT6_DriverIRQHandler                         ./startup/startup_lpc865.o
PIN_INT6_IRQHandler                               ./startup/startup_lpc865.o
PIN_INT7_DriverIRQHandler                         ./startup/startup_lpc865.o
PIN_INT7_IRQHandler                               ./startup/startup_lpc865.o
POWER_EnterDeepPowerDownMode                      ./drivers/fsl_power.o
POWER_EnterDeepSleep                              ./drivers/fsl_power.o
POWER_EnterPowerDown                              ./drivers/fsl_power.o
POWER_EnterSleep                                  ./drivers/fsl_power.o
PendSV_Handler                                    ./startup/startup_lpc865.o
RESET_PeripheralReset                             ./drivers/fsl_reset.o
                                                  ./drivers/fsl_usart.o
                                                  ./drivers/fsl_i2c.o
                                                  ./drivers/fsl_gpio.o
Reserved18_DriverIRQHandler                       ./startup/startup_lpc865.o
Reserved18_IRQHandler                             ./startup/startup_lpc865.o
Reserved25_DriverIRQHandler                       ./startup/startup_lpc865.o
Reserved25_IRQHandler                             ./startup/startup_lpc865.o
ResetISR                                          ./startup/startup_lpc865.o
SDK_DelayAtLeastUs                                ./drivers/fsl_common_arm.o
                                                  ./drivers/fsl_clock.o
SDK_Free                                          ./drivers/fsl_common.o
SDK_Malloc                                        ./drivers/fsl_common.o
SPI0_DriverIRQHandler                             ./startup/startup_lpc865.o
SPI0_IRQHandler                                   ./startup/startup_lpc865.o
SPI1_DriverIRQHandler                             ./startup/startup_lpc865.o
SPI1_IRQHandler                                   ./startup/startup_lpc865.o
SVC_Handler                                       ./startup/startup_lpc865.o
SWM_SetFixedPinSelect                             ./drivers/fsl_swm.o
SWM_SetFlextimerPinSelect                         ./drivers/fsl_swm.o
SWM_SetMovablePinSelect                           ./drivers/fsl_swm.o
                                                  ./board/pin_mux.o
SYSCON_AttachSignal                               ./drivers/fsl_syscon.o
StrFormatPrintf                                   ./utilities/fsl_str.o
StrFormatScanf                                    ./utilities/fsl_str.o
SysTick_Handler                                   ./source/wait.o
                                                  ./startup/startup_lpc865.o
SystemCoreClock                                   ./device/system_LPC865.o
                                                  ./board/clock_config.o