Archive member included to satisfy reference by file (symbol)

/Applications/MCUXpressoIDE_11.8.0_1165/ide/plugins/com.nxp.mcuxpresso.tools.macosx_11.8.0.202306131047/tools/bin/../lib/gcc/arm-none-eabi/12.2.1/../../../../arm-none-eabi/lib/thumb/v6-m/nofp/libcr_nohost_nf.a(_cr__main.o)
                              ./startup/startup_lpc865.o (__main)
/Applications/MCUXpressoIDE_11.8.0_1165/ide/plugins/com.nxp.mcuxpresso.tools.macosx_11.8.0.202306131047/tools/bin/../lib/gcc/arm-none-eabi/12.2.1/../../../../arm-none-eabi/lib/thumb/v6-m/nofp/libcr_c.a(memcpy.o)
                              ./utilities/fsl_debug_console.o (memcpy)
/Applications/MCUXpressoIDE_11.8.0_1165/ide/plugins/com.nxp.mcuxpresso.tools.macosx_11.8.0.202306131047/tools/bin/../lib/gcc/arm-none-eabi/12.2.1/../../../../arm-none-eabi/lib/thumb/v6-m/nofp/libcr_c.a(memset.o)
                              ./drivers/fsl_i2c.o (memset)
/Applications/MCUXpressoIDE_11.8.0_1165/ide/plugins/com.nxp.mcuxpresso.tools.macosx_11.8.0.202306131047/tools/bin/../lib/gcc/arm-none-eabi/12.2.1/../../../../arm-none-eabi/lib/thumb/v6-m/nofp/libcr_c.a(alloc.o)
                              ./drivers/fsl_common.o (malloc)
/Applications/MCUXpressoIDE_11.8.0_1165/ide/plugins/com.nxp.mcuxpresso.tools.macosx_11.8.0.202306131047/tools/bin/../lib/gcc/arm-none-eabi/12.2.1/../../../../arm-none-eabi/lib/thumb/v6-m/nofp/libcr_c.a(errno.o)
                              ./utilities/fsl_str.o (errno)
/Applications/MCUXpressoIDE_11.8.0_1165/ide/plugins/com.nxp.mcuxpresso.tools.macosx_11.8.0.202306131047/tools/bin/../lib/gcc/arm-none-eabi/12.2.1/../../../../arm-none-eabi/lib/thumb/v6-m/nofp/libcr_c.a(initio.o)
                              /Applications/MCUXpressoIDE_11.8.0_1165/ide/plugins/com.nxp.mcuxpresso.tools.macosx_11.8.0.202306131047/tools/bin/../lib/gcc/arm-none-eabi/12.2.1/../../../../arm-none-eabi/lib/thumb/v6-m/nofp/libcr_nohost_nf.a(_cr__main.o) (_initio)
/Applications/MCUXpressoIDE_11.8.0_1165/ide/plugins/com.nxp.mcuxpresso.tools.macosx_11.8.0.202306131047/tools/bin/../lib/gcc/arm-none-eabi/12.2.1/../../../../arm-none-eabi/lib/thumb/v6-m/nofp/libcr_c.a(scanf.o)
                              ./utilities/fsl_str.o (strtoul)
/Applications/MCUXpressoIDE_11.8.0_1165/ide/plugins/com.nxp.mcuxpresso.tools.macosx_11.8.0.202306131047/tools/bin/../lib/gcc/arm-none-eabi/12.2.1/../../../../arm-none-eabi/lib/thumb/v6-m/nofp/libcr_c.a(setvbuf.o)
                              /Applications/MCUXpressoIDE_11.8.0_1165/ide/plugins/com.nxp.mcuxpresso.tools.macosx_11.8.0.202306131047/tools/bin/../lib/gcc/arm-none-eabi/12.2.1/../../../../arm-none-eabi/lib/thumb/v6-m/nofp/libcr_c.a(initio.o) (setvbuf)
/Applications/MCUXpressoIDE_11.8.0_1165/ide/plugins/com.nxp.mcuxpresso.tools.macosx_11.8.0.202306131047/tools/bin/../lib/gcc/arm-none-eabi/12.2.1/../../../../arm-none-eabi/lib/thumb/v6-m/nofp/libcr_c.a(strlen.o)
                              ./utilities/fsl_debug_console.o (strlen)
/Applications/MCUXpressoIDE_11.8.0_1165/ide/plugins/com.nxp.mcuxpresso.tools.macosx_11.8.0.202306131047/tools/bin/../lib/gcc/arm-none-eabi/12.2.1/../../../../arm-none-eabi/lib/thumb/v6-m/nofp/libcr_c.a(ungetc.o)
                              /Applications/MCUXpressoIDE_11.8.0_1165/ide/plugins/com.nxp.mcuxpresso.tools.macosx_11.8.0.202306131047/tools/bin/../lib/gcc/arm-none-eabi/12.2.1/../../../../arm-none-eabi/lib/thumb/v6-m/nofp/libcr_c.a(scanf.o) (ungetc)
/Applications/MCUXpressoIDE_11.8.0_1165/ide/plugins/com.nxp.mcuxpresso.tools.macosx_11.8.0.202306131047/tools/bin/../lib/gcc/arm-none-eabi/12.2.1/../../../../arm-none-eabi/lib/thumb/v6-m/nofp/libcr_c.a(__fillbuf.o)
                              /Applications/MCUXpressoIDE_11.8.0_1165/ide/plugins/com.nxp.mcuxpresso.tools.macosx_11.8.0.202306131047/tools/bin/../lib/gcc/arm-none-eabi/12.2.1/../../../../arm-none-eabi/lib/thumb/v6-m/nofp/libcr_c.a(scanf.o) (__filbuf)
/Applications/MCUXpressoIDE_11.8.0_1165/ide/plugins/com.nxp.mcuxpresso.tools.macosx_11.8.0.202306131047/tools/bin/../lib/gcc/arm-none-eabi/12.2.1/../../../../arm-none-eabi/lib/thumb/v6-m/nofp/libcr_c.a(__init_alloc.o)
                              /Applications/MCUXpressoIDE_11.8.0_1165/ide/plugins/com.nxp.mcuxpresso.tools.macosx_11.8.0.202306131047/tools/bin/../lib/gcc/arm-none-eabi/12.2.1/../../../../arm-none-eabi/lib/thumb/v6-m/nofp/libcr_c.a(alloc.o) (__heaps)
/Applications/MCUXpressoIDE_11.8.0_1165/ide/plugins/com.nxp.mcuxpresso.tools.macosx_11.8.0.202306131047/tools/bin/../lib/gcc/arm-none-eabi/12.2.1/../../../../arm-none-eabi/lib/thumb/v6-m/nofp/libcr_c.a(_cr_sbrk.o)
                              /Applications/MCUXpressoIDE_11.8.0_1165/ide/plugins/com.nxp.mcuxpresso.tools.macosx_11.8.0.202306131047/tools/bin/../lib/gcc/arm-none-eabi/12.2.1/../../../../arm-none-eabi/lib/thumb/v6-m/nofp/libcr_c.a(alloc.o) (_sbrk)
[...]
Memory Configuration

Name             Origin             Length             Attributes
PROGRAM_FLASH    0x0000000000000000 0x0000000000010000 xr
SRAM             0x0000000010000000 0x0000000000001fe0 xrw
IAP_SRAM         0x0000000010001fe0 0x0000000000000020 xrw
*default*        0x0000000000000000 0xffffffffffffffff

Linker script and memory map

LOAD ./utilities/fsl_assert.o
LOAD ./utilities/fsl_debug_console.o
LOAD ./utilities/fsl_str.o
LOAD ./startup/startup_lpc865.o
LOAD ./source/main.o
LOAD ./source/mtb.o
LOAD ./source/semihost_hardfault.o
LOAD ./drivers/fsl_clock.o
LOAD ./drivers/fsl_common.o
LOAD ./drivers/fsl_common_arm.o
LOAD ./drivers/fsl_gpio.o
LOAD ./drivers/fsl_i2c.o
LOAD ./drivers/fsl_inputmux.o
LOAD ./drivers/fsl_power.o
LOAD ./drivers/fsl_reset.o
LOAD ./drivers/fsl_swm.o
LOAD ./drivers/fsl_syscon.o
LOAD ./drivers/fsl_usart.o
LOAD ./device/system_LPC865.o
LOAD ./component/uart/fsl_adapter_miniusart.o
LOAD ./board/board.o
LOAD ./board/clock_config.o
LOAD ./board/pin_mux.o
START GROUP
LOAD /Applications/MCUXpressoIDE_11.8.0_1165/ide/plugins/com.nxp.mcuxpresso.tools.macosx_11.8.0.202306131047/tools/bin/../lib/gcc/arm-none-eabi/12.2.1/../../../../arm-none-eabi/lib/thumb/v6-m/nofp/libcr_nohost_nf.a
LOAD /Applications/MCUXpressoIDE_11.8.0_1165/ide/plugins/com.nxp.mcuxpresso.tools.macosx_11.8.0.202306131047/tools/bin/../lib/gcc/arm-none-eabi/12.2.1/../../../../arm-none-eabi/lib/thumb/v6-m/nofp/libcr_c.a
LOAD /Applications/MCUXpressoIDE_11.8.0_1165/ide/plugins/com.nxp.mcuxpresso.tools.macosx_11.8.0.202306131047/tools/bin/../lib/gcc/arm-none-eabi/12.2.1/thumb/v6-m/nofp/libcr_eabihelpers.a
LOAD /Applications/MCUXpressoIDE_11.8.0_1165/ide/plugins/com.nxp.mcuxpresso.tools.macosx_11.8.0.202306131047/tools/bin/../lib/gcc/arm-none-eabi/12.2.1/thumb/v6-m/nofp/libgcc.a
END GROUP
                0x0000000000000000                __base_PROGRAM_FLASH = 0x0
                0x0000000000000000                __base_Flash = 0x0
                0x0000000000010000                __top_PROGRAM_FLASH = 0x10000
                0x0000000000010000                __top_Flash = 0x10000
                0x0000000010000000                __base_SRAM = 0x10000000
                0x0000000010000000                __base_RAM = 0x10000000
                0x0000000010001fe0                __top_SRAM = 0x10001fe0
                0x0000000010001fe0                __top_RAM = 0x10001fe0
                0x0000000010001fe0                __base_IAP_SRAM = 0x10001fe0
                0x0000000010001fe0                __base_RAM2 = 0x10001fe0
                0x0000000010002000                __top_IAP_SRAM = 0x10002000
                0x0000000010002000                __top_RAM2 = 0x10002000

.text           0x0000000000000000     0x2c60
 FILL mask 0xff
                0x0000000000000000                __vectors_start__ = ABSOLUTE (.)
 *(SORT_BY_ALIGNMENT(.isr_vector))
 .isr_vector    0x0000000000000000       0xc0 ./startup/startup_lpc865.o
                0x0000000000000000                __Vectors
                0x0000000000000000                g_pfnVectors
                0x00000000000000c0                . = ALIGN (0x4)
                0x00000000000000c0                __section_table_start = .
                0x00000000000000c0                __data_section_table = .
                0x00000000000000c0        0x4 LONG 0x2c60 LOADADDR (.data)
                0x00000000000000c4        0x4 LONG 0x10000080 ADDR (.data)
                0x00000000000000c8        0x4 LONG 0x4 SIZEOF (.data)
                0x00000000000000cc        0x4 LONG 0x2c60 LOADADDR (.data_RAM2)
                0x00000000000000d0        0x4 LONG 0x10001fe0 ADDR (.data_RAM2)
                0x00000000000000d4        0x4 LONG 0x0 SIZEOF (.data_RAM2)
                0x00000000000000d8                __data_section_table_end = .
                0x00000000000000d8                __bss_section_table = .
                0x00000000000000d8        0x4 LONG 0x10000084 ADDR (.bss)
                0x00000000000000dc        0x4 LONG 0x128 SIZEOF (.bss)
                0x00000000000000e0        0x4 LONG 0x10001fe0 ADDR (.bss_RAM2)
                0x00000000000000e4        0x4 LONG 0x0 SIZEOF (.bss_RAM2)
                0x00000000000000e8                __bss_section_table_end = .
                0x00000000000000e8                __section_table_end = .
 *(SORT_BY_ALIGNMENT(.after_vectors*))
 .after_vectors.reset
                0x00000000000000e8       0x54 ./startup/startup_lpc865.o
                0x00000000000000e8                ResetISR
 .after_vectors.init_data
                0x000000000000013c       0x12 ./startup/startup_lpc865.o
                0x000000000000013c                data_init
 .after_vectors.init_bss
                0x000000000000014e       0x10 ./startup/startup_lpc865.o
                0x000000000000014e                bss_init
 .after_vectors
                0x000000000000015e      0x10c ./startup/startup_lpc865.o
                0x000000000000015e                NMI_Handler
                0x0000000000000162                SVC_Handler
                0x0000000000000164                PendSV_Handler
                0x0000000000000166                SysTick_Handler
                0x0000000000000168                ADC0_OVR_DriverIRQHandler
                0x0000000000000168                DMA0_DriverIRQHandler
                0x0000000000000168                ACMP_DriverIRQHandler
                0x0000000000000168                SPI1_DriverIRQHandler
                0x0000000000000168                Reserved18_DriverIRQHandler
                0x0000000000000168                I3C0_DriverIRQHandler
                0x0000000000000168                GPIO_HS_IRQ1_DriverIRQHandler
                0x0000000000000168                I2C0_DriverIRQHandler
                0x0000000000000168                WDT_DriverIRQHandler
                0x0000000000000168                PIN_INT7_DriverIRQHandler
                0x0000000000000168                FLASH_DriverIRQHandler
                0x0000000000000168                ADC0_SEQB_DriverIRQHandler
                0x0000000000000168                PIN_INT6_DriverIRQHandler
                0x0000000000000168                FTM1_DriverIRQHandler
                0x0000000000000168                PIN_INT3_DriverIRQHandler
                0x0000000000000168                PIN_INT2_DriverIRQHandler
                0x0000000000000168                SPI0_DriverIRQHandler
                0x0000000000000168                PIN_INT0_DriverIRQHandler
                0x0000000000000168                ADC0_SEQA_DriverIRQHandler
                0x0000000000000168                GPIO_HS_IRQ0_DriverIRQHandler
                0x0000000000000168                FTM0_DriverIRQHandler
                0x0000000000000168                BOD_DriverIRQHandler
                0x0000000000000168                IntDefaultHandler
                0x0000000000000168                Reserved25_DriverIRQHandler
                0x0000000000000168                WKT_DriverIRQHandler
                0x0000000000000168                PIN_INT1_DriverIRQHandler
                0x0000000000000168                MRT0_DriverIRQHandler
                0x0000000000000168                PIN_INT4_DriverIRQHandler
                0x0000000000000168                PIN_INT5_DriverIRQHandler
                0x0000000000000168                ADC0_THCMP_DriverIRQHandler
                0x000000000000016a                SPI0_IRQHandler
                0x0000000000000172                SPI1_IRQHandler
                0x000000000000017a                Reserved18_IRQHandler
                0x0000000000000182                USART0_IRQHandler
                0x000000000000018a                USART1_IRQHandler
                0x0000000000000192                USART2_IRQHandler
                0x000000000000019a                FTM0_IRQHandler
                0x00000000000001a2                FTM1_IRQHandler
                0x00000000000001aa                I2C0_IRQHandler
                0x00000000000001b2                Reserved25_IRQHandler
                0x00000000000001ba                MRT0_IRQHandler
                0x00000000000001c2                ACMP_IRQHandler
                0x00000000000001ca                WDT_IRQHandler
                0x00000000000001d2                BOD_IRQHandler
                0x00000000000001da                FLASH_IRQHandler
                0x00000000000001e2                WKT_IRQHandler
                0x00000000000001ea                ADC0_SEQA_IRQHandler
                0x00000000000001f2                ADC0_SEQB_IRQHandler
                0x00000000000001fa                ADC0_THCMP_IRQHandler
                0x0000000000000202                ADC0_OVR_IRQHandler
                0x000000000000020a                DMA0_IRQHandler
                0x0000000000000212                I3C0_IRQHandler
                0x000000000000021a                GPIO_HS_IRQ0_IRQHandler
                0x0000000000000222                GPIO_HS_IRQ1_IRQHandler
                0x000000000000022a                PIN_INT0_IRQHandler
                0x0000000000000232                PIN_INT1_IRQHandler
                0x000000000000023a                PIN_INT2_IRQHandler
                0x0000000000000242                PIN_INT3_IRQHandler
                0x000000000000024a                PIN_INT4_IRQHandler
                0x0000000000000252                PIN_INT5_IRQHandler
                0x000000000000025a                PIN_INT6_IRQHandler
                0x0000000000000262                PIN_INT7_IRQHandler
                0x00000000000002fc                . = 0x2fc
 *fill*         0x000000000000026a       0x92 ff
                0x00000000000002fc                PROVIDE (__CRP_WORD_START__ = .)
 *(SORT_BY_ALIGNMENT(.crp))
 .crp           0x00000000000002fc        0x4 ./startup/startup_lpc865.o
                0x00000000000002fc                CRP_WORD
                0x0000000000000300                PROVIDE (__CRP_WORD_END__ = .)
                0x0000000000000001                ASSERT (! ((__CRP_WORD_START__ == __CRP_WORD_END__)), Linker CRP Enabled, but no CRP_WORD provided within application)
 *(SORT_BY_ALIGNMENT(.text*))
 .text.__assertion_failed
                0x0000000000000300       0x1c ./utilities/fsl_assert.o
                0x0000000000000300                __assertion_failed
 .text.DbgConsole_Init
                0x000000000000031c       0xa8 ./utilities/fsl_debug_console.o
                0x000000000000031c                DbgConsole_Init
 .text.DbgConsole_Vprintf
                0x00000000000003c4       0x40 ./utilities/fsl_debug_console.o
                0x00000000000003c4                DbgConsole_Vprintf
 .text.DbgConsole_Putchar
                0x0000000000000404       0x30 ./utilities/fsl_debug_console.o
                0x0000000000000404                DbgConsole_Putchar
 .text.CLOCK_Select
                0x0000000000000434       0x38 ./source/main.o
 .text.i2c_init
                0x000000000000046c       0x34 ./source/main.o
                0x000000000000046c                i2c_init
 .text.i2c_send
                0x00000000000004a0       0x74 ./source/main.o
                0x00000000000004a0                i2c_send
 .text.i2c_receive
                0x0000000000000514       0x74 ./source/main.o
                0x0000000000000514                i2c_receive
 .text.main     0x0000000000000588       0xf0 ./source/main.o
                0x0000000000000588                main
 .text.HardFault_Handler
                0x0000000000000678       0x38 ./source/semihost_hardfault.o
                0x0000000000000678                HardFault_Handler
 .text.CLOCK_GetSystemPLLFreq
                0x00000000000006b0       0x20 ./drivers/fsl_clock.o
 .text.CLOCK_GetLpOscFreq
                0x00000000000006d0       0x10 ./drivers/fsl_clock.o
 .text.CLOCK_GetExtClkFreq
                0x00000000000006e0       0x14 ./drivers/fsl_clock.o
 .text.CLOCK_UpdateClkSrc
                0x00000000000006f4       0x4c ./drivers/fsl_clock.o
 .text.CLOCK_GetMainClkFreq
                0x0000000000000740       0x78 ./drivers/fsl_clock.o
                0x0000000000000740                CLOCK_GetMainClkFreq
 .text.CLOCK_GetFroFreq
                0x00000000000007b8       0x5c ./drivers/fsl_clock.o
                0x00000000000007b8                CLOCK_GetFroFreq
 .text.CLOCK_GetSystemPLLInClockRate
                0x0000000000000814       0x64 ./drivers/fsl_clock.o
                0x0000000000000814                CLOCK_GetSystemPLLInClockRate
 .text.CLOCK_SetMainClkSrc
                0x0000000000000878       0x9c ./drivers/fsl_clock.o
                0x0000000000000878                CLOCK_SetMainClkSrc
 .text.CLOCK_SetFroOutClkSrc
                0x0000000000000914       0x48 ./drivers/fsl_clock.o
                0x0000000000000914                CLOCK_SetFroOutClkSrc
 .text.CLOCK_EnableClock
                0x000000000000095c       0x2c ./drivers/fsl_i2c.o
 .text.I2C_GetInstance
                0x0000000000000988       0x48 ./drivers/fsl_i2c.o
                0x0000000000000988                I2C_GetInstance
 .text.I2C_MasterGetDefaultConfig
                0x00000000000009d0       0x34 ./drivers/fsl_i2c.o
                0x00000000000009d0                I2C_MasterGetDefaultConfig
 .text.I2C_MasterStart
                0x0000000000000a04       0x54 ./drivers/fsl_i2c.o
                0x0000000000000a04                I2C_MasterStart
 .text.I2C_MasterStop
                0x0000000000000a58       0x30 ./drivers/fsl_i2c.o
                0x0000000000000a58                I2C_MasterStop
 .text.I2C_MasterWriteBlocking
                0x0000000000000a88      0x114 ./drivers/fsl_i2c.o
                0x0000000000000a88                I2C_MasterWriteBlocking
 .text.I2C_MasterReadBlocking
                0x0000000000000b9c       0xf4 ./drivers/fsl_i2c.o
                0x0000000000000b9c                I2C_MasterReadBlocking
 .text.RESET_SetPeripheralReset
                0x0000000000000c90       0x70 ./drivers/fsl_reset.o
 .text.RESET_ClearPeripheralReset
                0x0000000000000d00       0x6c ./drivers/fsl_reset.o
 .text.SWM_SetMovablePinSelect
                0x0000000000000d6c       0x98 ./drivers/fsl_swm.o
                0x0000000000000d6c                SWM_SetMovablePinSelect
 .text.CLOCK_EnableClock
                0x0000000000000e04       0x2c ./drivers/fsl_usart.o
 .text.USART_EnableContinuousSCLK
                0x0000000000000e30       0x40 ./drivers/fsl_usart.o
 .text.USART_GetInstance
                0x0000000000000e70       0x4c ./drivers/fsl_usart.o
                0x0000000000000e70                USART_GetInstance
 .text.USART_Init
                0x0000000000000ebc      0x158 ./drivers/fsl_usart.o
                0x0000000000000ebc                USART_Init
 .text.USART_GetDefaultConfig
                0x0000000000001014       0x78 ./drivers/fsl_usart.o
                0x0000000000001014                USART_GetDefaultConfig
 .text.USART_SetBaudRate
                0x000000000000108c      0x148 ./drivers/fsl_usart.o
                0x000000000000108c                USART_SetBaudRate
 .text.USART_WriteBlocking
                0x00000000000011d4       0x64 ./drivers/fsl_usart.o
                0x00000000000011d4                USART_WriteBlocking
 .text.USART_ReadBlocking
                0x0000000000001238       0xc0 ./drivers/fsl_usart.o
                0x0000000000001238                USART_ReadBlocking
 .text.USART0_DriverIRQHandler
                0x00000000000012f8       0x24 ./drivers/fsl_usart.o
                0x00000000000012f8                USART0_DriverIRQHandler
 .text.USART1_DriverIRQHandler
                0x000000000000131c       0x24 ./drivers/fsl_usart.o
                0x000000000000131c                USART1_DriverIRQHandler
 .text.USART2_DriverIRQHandler
                0x0000000000001340       0x24 ./drivers/fsl_usart.o
                0x0000000000001340                USART2_DriverIRQHandler
 .text.SystemInit
                0x0000000000001364       0x2c ./device/system_LPC865.o
                0x0000000000001364                SystemInit
 .text.HAL_UartGetStatus
                0x0000000000001390       0x20 ./component/uart/fsl_adapter_miniusart.o
 .text.HAL_UartInit
                0x00000000000013b0      0x11c ./component/uart/fsl_adapter_miniusart.o
                0x00000000000013b0                HAL_UartInit
 .text.HAL_UartReceiveBlocking
                0x00000000000014cc       0x78 ./component/uart/fsl_adapter_miniusart.o
                0x00000000000014cc                HAL_UartReceiveBlocking
 .text.HAL_UartSendBlocking
                0x0000000000001544       0x6c ./component/uart/fsl_adapter_miniusart.o
                0x0000000000001544                HAL_UartSendBlocking
 .text.CLOCK_Select
                0x00000000000015b0       0x38 ./board/board.o
 .text.BOARD_InitDebugConsole
                0x00000000000015e8       0x4c ./board/board.o
                0x00000000000015e8                BOARD_InitDebugConsole
 .text.CLOCK_Select
                0x0000000000001634       0x38 ./board/clock_config.o
 .text.CLOCK_SetCoreSysClkDiv
                0x000000000000166c       0x3c ./board/clock_config.o
 .text.CLOCK_SetFroOscFreq
                0x00000000000016a8       0x24 ./board/clock_config.o
 .text.POWER_DisablePD
                0x00000000000016cc       0x2c ./board/clock_config.o
 .text.BOARD_BootClockFRO48M
                0x00000000000016f8       0x50 ./board/clock_config.o
                0x00000000000016f8                BOARD_BootClockFRO48M
 .text.CLOCK_EnableClock
                0x0000000000001748       0x2c ./board/pin_mux.o
 .text.CLOCK_DisableClock
                0x0000000000001774       0x30 ./board/pin_mux.o
 .text.BOARD_InitPins
                0x00000000000017a4       0x98 ./board/pin_mux.o
                0x00000000000017a4                BOARD_InitPins
 .text._initio  0x000000000000183c       0x7c /Applications/MCUXpressoIDE_11.8.0_1165/ide/plugins/com.nxp.mcuxpresso.tools.macosx_11.8.0.202306131047/tools/bin/../lib/gcc/arm-none-eabi/12.2.1/../../../../arm-none-eabi/lib/thumb/v6-m/nofp/libcr_c.a(initio.o)
                0x000000000000183c                _initio
 .text.setvbuf  0x00000000000018b8       0x4c /Applications/MCUXpressoIDE_11.8.0_1165/ide/plugins/com.nxp.mcuxpresso.tools.macosx_11.8.0.202306131047/tools/bin/../lib/gcc/arm-none-eabi/12.2.1/../../../../arm-none-eabi/lib/thumb/v6-m/nofp/libcr_c.a(setvbuf.o)
                0x00000000000018b8                setvbuf
 .text.strlen   0x0000000000001904       0x5c /Applications/MCUXpressoIDE_11.8.0_1165/ide/plugins/com.nxp.mcuxpresso.tools.macosx_11.8.0.202306131047/tools/bin/../lib/gcc/arm-none-eabi/12.2.1/../../../../arm-none-eabi/lib/thumb/v6-m/nofp/libcr_c.a(strlen.o)
                0x0000000000001904                strlen
 .text._deferredlazyseek
                0x0000000000001960       0x40 /Applications/MCUXpressoIDE_11.8.0_1165/ide/plugins/com.nxp.mcuxpresso.tools.macosx_11.8.0.202306131047/tools/bin/../lib/gcc/arm-none-eabi/12.2.1/../../../../arm-none-eabi/lib/thumb/v6-m/nofp/libcr_c.a(_deferredlazyseek.o)
                0x0000000000001960                _deferredlazyseek
 .text._fdopen  0x00000000000019a0       0x74 /Applications/MCUXpressoIDE_11.8.0_1165/ide/plugins/com.nxp.mcuxpresso.tools.macosx_11.8.0.202306131047/tools/bin/../lib/gcc/arm-none-eabi/12.2.1/../../../../arm-none-eabi/lib/thumb/v6-m/nofp/libcr_c.a(_fdopen.o)
                0x00000000000019a0                _fdopen
 .text._fflush  0x0000000000001a14       0x5c /Applications/MCUXpressoIDE_11.8.0_1165/ide/plugins/com.nxp.mcuxpresso.tools.macosx_11.8.0.202306131047/tools/bin/../lib/gcc/arm-none-eabi/12.2.1/../../../../arm-none-eabi/lib/thumb/v6-m/nofp/libcr_c.a(_fflush.o)
                0x0000000000001a14                _fflush
 .text._Cwritebuf
                0x0000000000001a70       0x68 /Applications/MCUXpressoIDE_11.8.0_1165/ide/plugins/com.nxp.mcuxpresso.tools.macosx_11.8.0.202306131047/tools/bin/../lib/gcc/arm-none-eabi/12.2.1/../../../../arm-none-eabi/lib/thumb/v6-m/nofp/libcr_c.a(_writebuf.o)
                0x0000000000001a70                _Cwritebuf
 .text.fclose   0x0000000000001ad8       0x5c /Applications/MCUXpressoIDE_11.8.0_1165/ide/plugins/com.nxp.mcuxpresso.tools.macosx_11.8.0.202306131047/tools/bin/../lib/gcc/arm-none-eabi/12.2.1/../../../../arm-none-eabi/lib/thumb/v6-m/nofp/libcr_c.a(fclose.o)
                0x0000000000001ad8                fclose
 .text.fflush   0x0000000000001b34       0x40 /Applications/MCUXpressoIDE_11.8.0_1165/ide/plugins/com.nxp.mcuxpresso.tools.macosx_11.8.0.202306131047/tools/bin/../lib/gcc/arm-none-eabi/12.2.1/../../../../arm-none-eabi/lib/thumb/v6-m/nofp/libcr_c.a(fflush.o)
                0x0000000000001b34                fflush
 .text.fseek    0x0000000000001b74       0xec /Applications/MCUXpressoIDE_11.8.0_1165/ide/plugins/com.nxp.mcuxpresso.tools.macosx_11.8.0.202306131047/tools/bin/../lib/gcc/arm-none-eabi/12.2.1/../../../../arm-none-eabi/lib/thumb/v6-m/nofp/libcr_c.a(fseek.o)
                0x0000000000001b74                fseek
 .text.ftell    0x0000000000001c60       0x4c /Applications/MCUXpressoIDE_11.8.0_1165/ide/plugins/com.nxp.mcuxpresso.tools.macosx_11.8.0.202306131047/tools/bin/../lib/gcc/arm-none-eabi/12.2.1/../../../../arm-none-eabi/lib/thumb/v6-m/nofp/libcr_c.a(ftell.o)
                0x0000000000001c60                ftell
 .text._do_fflush
                0x0000000000001cac       0x48 /Applications/MCUXpressoIDE_11.8.0_1165/ide/plugins/com.nxp.mcuxpresso.tools.macosx_11.8.0.202306131047/tools/bin/../lib/gcc/arm-none-eabi/12.2.1/../../../../arm-none-eabi/lib/thumb/v6-m/nofp/libcr_c.a(_do_fflush.o)
                0x0000000000001cac                _do_fflush
 .text.DbgConsole_Printf
                0x0000000000001cf4       0x32 ./utilities/fsl_debug_console.o
                0x0000000000001cf4                DbgConsole_Printf
 .text.DbgConsole_PrintfPaddingCharacter
                0x0000000000001d26       0x48 ./utilities/fsl_debug_console.o
 .text.DbgConsole_ConvertRadixNumToString
                0x0000000000001d6e       0xc2 ./utilities/fsl_debug_console.o
 .text.DbgConsole_PrintfFormattedData
                0x0000000000001e30      0x3da ./utilities/fsl_debug_console.o
 .text.I2C_MasterRepeatedStart
                0x000000000000220a       0x32 ./source/main.o
 .text.I2C_MasterEnable
                0x000000000000223c       0x3c ./drivers/fsl_i2c.o
 .text.I2C_GetStatusFlags
                0x0000000000002278       0x14 ./drivers/fsl_i2c.o
 .text.I2C_MasterClearStatusFlags
                0x000000000000228c       0x1c ./drivers/fsl_i2c.o
 .text.I2C_MasterInit
                0x00000000000022a8       0x50 ./drivers/fsl_i2c.o
                0x00000000000022a8                I2C_MasterInit
 .text.I2C_MasterSetBaudRate
                0x00000000000022f8       0xcc ./drivers/fsl_i2c.o
                0x00000000000022f8                I2C_MasterSetBaudRate
 .text.I2C_PendingStatusWait
                0x00000000000023c4       0x30 ./drivers/fsl_i2c.o
 .text.RESET_PeripheralReset
                0x00000000000023f4       0x20 ./drivers/fsl_reset.o
                0x00000000000023f4                RESET_PeripheralReset
 .text.USART_EnableTx
                0x0000000000002414       0x46 ./drivers/fsl_usart.o
 .text.USART_EnableRx
                0x000000000000245a       0x44 ./drivers/fsl_usart.o
 .text.SystemInitHook
                0x000000000000249e        0xa ./device/system_LPC865.o
                0x000000000000249e                SystemInitHook
 .text.IOCON_PinMuxSet
                0x00000000000024a8       0x26 ./board/pin_mux.o
 .text.BOARD_InitBootPins
                0x00000000000024ce        0xe ./board/pin_mux.o
                0x00000000000024ce                BOARD_InitBootPins
 .text.__main   0x00000000000024dc        0xc /Applications/MCUXpressoIDE_11.8.0_1165/ide/plugins/com.nxp.mcuxpresso.tools.macosx_11.8.0.202306131047/tools/bin/../lib/gcc/arm-none-eabi/12.2.1/../../../../arm-none-eabi/lib/thumb/v6-m/nofp/libcr_nohost_nf.a(_cr__main.o)
                0x00000000000024dc                __main
 .text.memcpy   0x00000000000024e8        0x8 /Applications/MCUXpressoIDE_11.8.0_1165/ide/plugins/com.nxp.mcuxpresso.tools.macosx_11.8.0.202306131047/tools/bin/../lib/gcc/arm-none-eabi/12.2.1/../../../../arm-none-eabi/lib/thumb/v6-m/nofp/libcr_c.a(memcpy.o)
                0x00000000000024e8                memcpy
 .text.memset   0x00000000000024f0        0x8 /Applications/MCUXpressoIDE_11.8.0_1165/ide/plugins/com.nxp.mcuxpresso.tools.macosx_11.8.0.202306131047/tools/bin/../lib/gcc/arm-none-eabi/12.2.1/../../../../arm-none-eabi/lib/thumb/v6-m/nofp/libcr_c.a(memset.o)
                0x00000000000024f0                memset
 .text.free     0x00000000000024f8       0x2c /Applications/MCUXpressoIDE_11.8.0_1165/ide/plugins/com.nxp.mcuxpresso.tools.macosx_11.8.0.202306131047/tools/bin/../lib/gcc/arm-none-eabi/12.2.1/../../../../arm-none-eabi/lib/thumb/v6-m/nofp/libcr_c.a(alloc.o)
                0x00000000000024f8                free
 .text.remove   0x0000000000002524       0x12 /Applications/MCUXpressoIDE_11.8.0_1165/ide/plugins/com.nxp.mcuxpresso.tools.macosx_11.8.0.202306131047/tools/bin/../lib/gcc/arm-none-eabi/12.2.1/../../../../arm-none-eabi/lib/thumb/v6-m/nofp/libcr_c.a(remove.o)
                0x0000000000002524                remove
 .text.__aeabi_division_idivmod
                0x0000000000002536       0x78 /Applications/MCUXpressoIDE_11.8.0_1165/ide/plugins/com.nxp.mcuxpresso.tools.macosx_11.8.0.202306131047/tools/bin/../lib/gcc/arm-none-eabi/12.2.1/thumb/v6-m/nofp/libcr_eabihelpers.a(division_32.o)
                0x0000000000002536                __aeabi_idiv
                0x0000000000002536                __aeabi_idivmod
                0x000000000000253c                __aeabi_uidiv
                0x000000000000253c                __aeabi_uidivmod
 .text.__aeabi_division_idiv0
                0x00000000000025ae        0x2 /Applications/MCUXpressoIDE_11.8.0_1165/ide/plugins/com.nxp.mcuxpresso.tools.macosx_11.8.0.202306131047/tools/bin/../lib/gcc/arm-none-eabi/12.2.1/thumb/v6-m/nofp/libcr_eabihelpers.a(division_idiv0.o)
                0x00000000000025ae                __aeabi_idiv0
 .text.__aeabi_memcpy
                0x00000000000025b0       0x2c /Applications/MCUXpressoIDE_11.8.0_1165/ide/plugins/com.nxp.mcuxpresso.tools.macosx_11.8.0.202306131047/tools/bin/../lib/gcc/arm-none-eabi/12.2.1/thumb/v6-m/nofp/libcr_eabihelpers.a(memcpy.o)
                0x00000000000025b0                __aeabi_memcpy
                0x00000000000025b0                __aeabi_memcpy4
                0x00000000000025b0                __aeabi_memcpy8
 .text.__aeabi_memset_lowlevel
                0x00000000000025dc       0x2a /Applications/MCUXpressoIDE_11.8.0_1165/ide/plugins/com.nxp.mcuxpresso.tools.macosx_11.8.0.202306131047/tools/bin/../lib/gcc/arm-none-eabi/12.2.1/thumb/v6-m/nofp/libcr_eabihelpers.a(memcpy.o)
                0x00000000000025dc                __aeabi_lowlevel_memset
 .text.__sys_close
                0x0000000000002606        0x6 /Applications/MCUXpressoIDE_11.8.0_1165/ide/plugins/com.nxp.mcuxpresso.tools.macosx_11.8.0.202306131047/tools/bin/../lib/gcc/arm-none-eabi/12.2.1/../../../../arm-none-eabi/lib/thumb/v6-m/nofp/libcr_nohost_nf.a(__sys_close.o)
                0x0000000000002606                __sys_close
 .text.__sys_flen
                0x000000000000260c        0x6 /Applications/MCUXpressoIDE_11.8.0_1165/ide/plugins/com.nxp.mcuxpresso.tools.macosx_11.8.0.202306131047/tools/bin/../lib/gcc/arm-none-eabi/12.2.1/../../../../arm-none-eabi/lib/thumb/v6-m/nofp/libcr_nohost_nf.a(__sys_flen.o)
                0x000000000000260c                __sys_flen
 .text.__sys_istty
                0x0000000000002612        0x6 /Applications/MCUXpressoIDE_11.8.0_1165/ide/plugins/com.nxp.mcuxpresso.tools.macosx_11.8.0.202306131047/tools/bin/../lib/gcc/arm-none-eabi/12.2.1/../../../../arm-none-eabi/lib/thumb/v6-m/nofp/libcr_nohost_nf.a(__sys_istty.o)
                0x0000000000002612                __sys_istty
 .text.__sys_remove
                0x0000000000002618        0x6 /Applications/MCUXpressoIDE_11.8.0_1165/ide/plugins/com.nxp.mcuxpresso.tools.macosx_11.8.0.202306131047/tools/bin/../lib/gcc/arm-none-eabi/12.2.1/../../../../arm-none-eabi/lib/thumb/v6-m/nofp/libcr_nohost_nf.a(__sys_remove.o)
                0x0000000000002618                __sys_remove
 .text.__sys_seek
                0x000000000000261e        0x6 /Applications/MCUXpressoIDE_11.8.0_1165/ide/plugins/com.nxp.mcuxpresso.tools.macosx_11.8.0.202306131047/tools/bin/../lib/gcc/arm-none-eabi/12.2.1/../../../../arm-none-eabi/lib/thumb/v6-m/nofp/libcr_nohost_nf.a(__sys_seek.o)
                0x000000000000261e                __sys_seek
 .text.__sys_tmpnam
                0x0000000000002624        0x6 /Applications/MCUXpressoIDE_11.8.0_1165/ide/plugins/com.nxp.mcuxpresso.tools.macosx_11.8.0.202306131047/tools/bin/../lib/gcc/arm-none-eabi/12.2.1/../../../../arm-none-eabi/lib/thumb/v6-m/nofp/libcr_nohost_nf.a(__sys_tmpnam.o)
                0x0000000000002624                __sys_tmpnam
 .text.__sys_write
                0x000000000000262a        0x4 /Applications/MCUXpressoIDE_11.8.0_1165/ide/plugins/com.nxp.mcuxpresso.tools.macosx_11.8.0.202306131047/tools/bin/../lib/gcc/arm-none-eabi/12.2.1/../../../../arm-none-eabi/lib/thumb/v6-m/nofp/libcr_nohost_nf.a(__sys_write.o)
                0x000000000000262a                __sys_write
 *(SORT_BY_ALIGNMENT(.rodata) SORT_BY_ALIGNMENT(.rodata.*) SORT_BY_ALIGNMENT(.constdata) SORT_BY_ALIGNMENT(.constdata.*))
 *fill*         0x000000000000262e        0x2 ff
 .rodata.__assertion_failed.str1.4
                0x0000000000002630       0x14 ./utilities/fsl_assert.o
 .rodata.main.str1.4
                0x0000000000002644       0x89 ./source/main.o
                                         0x8d (size before relaxing)
 *fill*         0x00000000000026cd        0x3 ff
 .rodata.CLOCK_UpdateClkSrc.str1.4
                0x00000000000026d0       0x16 ./drivers/fsl_clock.o
 *fill*         0x00000000000026e6        0x2 ff
 .rodata.I2C_GetInstance.str1.4
                0x00000000000026e8       0x32 ./drivers/fsl_i2c.o
 *fill*         0x000000000000271a        0x2 ff
 .rodata.I2C_MasterWriteBlocking.str1.4
                0x000000000000271c       0x1f ./drivers/fsl_i2c.o
 *fill*         0x000000000000273b        0x1 ff
 .rodata.I2C_MasterReadBlocking.str1.4
                0x000000000000273c       0x1f ./drivers/fsl_i2c.o
 *fill*         0x000000000000275b        0x1 ff
 .rodata.RESET_SetPeripheralReset.str1.4
                0x000000000000275c       0x1f ./drivers/fsl_reset.o
 *fill*         0x000000000000277b        0x1 ff
 .rodata.RESET_ClearPeripheralReset.str1.4
                0x000000000000277c       0x1f ./drivers/fsl_reset.o
 *fill*         0x000000000000279b        0x1 ff
 .rodata.SWM_SetMovablePinSelect.str1.4
                0x000000000000279c       0x49 ./drivers/fsl_swm.o
 *fill*         0x00000000000027e5        0x3 ff
 .rodata.s_usartBaseAddrs
                0x00000000000027e8        0xc ./drivers/fsl_usart.o
 .rodata.s_usartClock
                0x00000000000027f4        0x3 ./drivers/fsl_usart.o
 *fill*         0x00000000000027f7        0x1 ff
 .rodata.s_usartRest
                0x00000000000027f8        0xc ./drivers/fsl_usart.o
 .rodata.USART_GetInstance.str1.4
                0x0000000000002804       0x3b ./drivers/fsl_usart.o
 *fill*         0x000000000000283f        0x1 ff
 .rodata.USART_Init.str1.4
                0x0000000000002840       0x7d ./drivers/fsl_usart.o
 *fill*         0x00000000000028bd        0x3 ff
 .rodata.USART_GetDefaultConfig.str1.4
                0x00000000000028c0       0x21 ./drivers/fsl_usart.o
 *fill*         0x00000000000028e1        0x3 ff
 .rodata.USART_SetBaudRate.str1.4
                0x00000000000028e4       0x8f ./drivers/fsl_usart.o
 *fill*         0x0000000000002973        0x1 ff
 .rodata.USART_WriteBlocking.str1.4
                0x0000000000002974       0x36 ./drivers/fsl_usart.o
 *fill*         0x00000000000029aa        0x2 ff
 .rodata.USART_ReadBlocking.str1.4
                0x00000000000029ac       0x36 ./drivers/fsl_usart.o
 *fill*         0x00000000000029e2        0x2 ff
 .rodata.s_UsartAdapterBase
                0x00000000000029e4        0xc ./component/uart/fsl_adapter_miniusart.o
 .rodata.HAL_UartInit.str1.4
                0x00000000000029f0       0xfb ./component/uart/fsl_adapter_miniusart.o
 *fill*         0x0000000000002aeb        0x1 ff
 .rodata.HAL_UartReceiveBlocking.str1.4
                0x0000000000002aec       0x71 ./component/uart/fsl_adapter_miniusart.o
 *fill*         0x0000000000002b5d        0x3 ff
 .rodata.HAL_UartSendBlocking.str1.4
                0x0000000000002b60       0x71 ./component/uart/fsl_adapter_miniusart.o
 *fill*         0x0000000000002bd1        0x3 ff
 .rodata.BOARD_InitDebugConsole.str1.4
                0x0000000000002bd4       0x27 ./board/board.o
 *fill*         0x0000000000002bfb        0x1 ff
 .rodata.CLOCK_SetCoreSysClkDiv.str1.4
                0x0000000000002bfc       0x5a ./board/clock_config.o
 *fill*         0x0000000000002c56        0x2 ff
 .rodata.__num_Ciob_streams
                0x0000000000002c58        0x4 /Applications/MCUXpressoIDE_11.8.0_1165/ide/plugins/com.nxp.mcuxpresso.tools.macosx_11.8.0.202306131047/tools/bin/../lib/gcc/arm-none-eabi/12.2.1/../../../../arm-none-eabi/lib/thumb/v6-m/nofp/libcr_nohost_nf.a(__ciob.o)
                0x0000000000002c58                __num_Ciob_streams
 .rodata._initio.str1.1
                0x0000000000002c5c        0x4 /Applications/MCUXpressoIDE_11.8.0_1165/ide/plugins/com.nxp.mcuxpresso.tools.macosx_11.8.0.202306131047/tools/bin/../lib/gcc/arm-none-eabi/12.2.1/../../../../arm-none-eabi/lib/thumb/v6-m/nofp/libcr_c.a(initio.o)
                0x0000000000002c60                . = ALIGN (0x4)

.glue_7         0x0000000000002c60        0x0
 .glue_7        0x0000000000002c60        0x0 linker stubs

.glue_7t        0x0000000000002c60        0x0
 .glue_7t       0x0000000000002c60        0x0 linker stubs

.vfp11_veneer   0x0000000000002c60        0x0
 .vfp11_veneer  0x0000000000002c60        0x0 linker stubs

.v4_bx          0x0000000000002c60        0x0
 .v4_bx         0x0000000000002c60        0x0 linker stubs

.iplt           0x0000000000002c60        0x0
 .iplt          0x0000000000002c60        0x0 ./utilities/fsl_assert.o

.rel.dyn        0x0000000000002c60        0x0
 .rel.iplt      0x0000000000002c60        0x0 ./utilities/fsl_assert.o

.ARM.extab
 *(SORT_BY_ALIGNMENT(.ARM.extab*) SORT_BY_ALIGNMENT(.gnu.linkonce.armextab.*))

.ARM.exidx      0x0000000000002c60        0x0
                0x0000000000002c60                __exidx_start = .
 *(SORT_BY_ALIGNMENT(.ARM.exidx*) SORT_BY_ALIGNMENT(.gnu.linkonce.armexidx.*))
                0x0000000000002c60                __exidx_end = .
                0x0000000000002c60                _etext = .

.mtb_buffer_RAM2
 *(SORT_BY_ALIGNMENT(.mtb.$RAM2*))
 *(SORT_BY_ALIGNMENT(.mtb.$IAP_SRAM*))

.data_RAM2      0x0000000010001fe0        0x0 load address 0x0000000000002c60
 FILL mask 0xff
                [!provide]                        PROVIDE (__start_data_RAM2 = .)
                [!provide]                        PROVIDE (__start_data_IAP_SRAM = .)
 *(SORT_BY_ALIGNMENT(.ramfunc.$RAM2))
 *(SORT_BY_ALIGNMENT(.ramfunc.$IAP_SRAM))
 *(SORT_BY_ALIGNMENT(.data.$RAM2))
 *(SORT_BY_ALIGNMENT(.data.$IAP_SRAM))
 *(SORT_BY_ALIGNMENT(.data.$RAM2.*))
 *(SORT_BY_ALIGNMENT(.data.$IAP_SRAM.*))
                0x0000000010001fe0                . = ALIGN (0x4)
                [!provide]                        PROVIDE (__end_data_RAM2 = .)
                [!provide]                        PROVIDE (__end_data_IAP_SRAM = .)

.mtb_buffer_default
                0x0000000010000000       0x80
 *(SORT_BY_ALIGNMENT(.mtb*))
 .mtb.$RAM1     0x0000000010000000       0x80 ./source/mtb.o
                0x0000000010000000                __mtb_buffer__

.uninit_RESERVED
                0x0000000010000080        0x0
                0x0000000010000080                _start_uninit_RESERVED = .
 *(SORT_BY_ALIGNMENT(.bss.$RESERVED*))
                0x0000000010000080                . = ALIGN (0x4)
                0x0000000010000080                _end_uninit_RESERVED = .

.data           0x0000000010000080        0x4 load address 0x0000000000002c60
 FILL mask 0xff
                0x0000000010000080                _data = .
                [!provide]                        PROVIDE (__start_data_RAM = .)
                [!provide]                        PROVIDE (__start_data_SRAM = .)
 *(SORT_BY_ALIGNMENT(vtable))
 *(SORT_BY_ALIGNMENT(.ramfunc*))
 *(SORT_BY_ALIGNMENT(CodeQuickAccess))
 *(SORT_BY_ALIGNMENT(DataQuickAccess))
 *(SORT_BY_ALIGNMENT(RamFunction))
 *(SORT_BY_ALIGNMENT(.data*))
 .data.SystemCoreClock
                0x0000000010000080        0x4 ./device/system_LPC865.o
                0x0000000010000080                SystemCoreClock
                0x0000000010000084                . = ALIGN (0x4)
                0x0000000010000084                _edata = .
                [!provide]                        PROVIDE (__end_data_RAM = .)
                [!provide]                        PROVIDE (__end_data_SRAM = .)

.igot.plt       0x0000000010000084        0x0 load address 0x0000000000002c64
 .igot.plt      0x0000000010000084        0x0 ./utilities/fsl_assert.o

.bss_RAM2       0x0000000010001fe0        0x0
                [!provide]                        PROVIDE (__start_bss_RAM2 = .)
                [!provide]                        PROVIDE (__start_bss_IAP_SRAM = .)
 *(SORT_BY_ALIGNMENT(.bss.$RAM2))
 *(SORT_BY_ALIGNMENT(.bss.$IAP_SRAM))
 *(SORT_BY_ALIGNMENT(.bss.$RAM2.*))
 *(SORT_BY_ALIGNMENT(.bss.$IAP_SRAM.*))
                0x0000000010001fe0                . = ALIGN ((. != 0x0)?0x4:0x1)
                [!provide]                        PROVIDE (__end_bss_RAM2 = .)
                [!provide]                        PROVIDE (__end_bss_IAP_SRAM = .)

.bss            0x0000000010000084      0x128
                0x0000000010000084                _bss = .
                [!provide]                        PROVIDE (__start_bss_RAM = .)
                [!provide]                        PROVIDE (__start_bss_SRAM = .)
 *(SORT_BY_ALIGNMENT(.bss*))
 .bss.s_debugConsole
                0x0000000010000084       0x14 ./utilities/fsl_debug_console.o
 .bss.g_master_txBuff
                0x0000000010000098       0x21 ./source/main.o
                0x0000000010000098                g_master_txBuff
 *fill*         0x00000000100000b9        0x3 
 .bss.g_master_rxBuff
                0x00000000100000bc       0x21 ./source/main.o
                0x00000000100000bc                g_master_rxBuff
 *fill*         0x00000000100000dd        0x3 
 .bss.g_Ext_Clk_Freq
                0x00000000100000e0        0x4 ./drivers/fsl_clock.o
                0x00000000100000e0                g_Ext_Clk_Freq
 .bss.s_usartHandle
                0x00000000100000e4        0xc ./drivers/fsl_usart.o
 .bss.s_usartIsr
                0x00000000100000f0        0x4 ./drivers/fsl_usart.o
 .bss.errno     0x00000000100000f4        0x4 /Applications/MCUXpressoIDE_11.8.0_1165/ide/plugins/com.nxp.mcuxpresso.tools.macosx_11.8.0.202306131047/tools/bin/../lib/gcc/arm-none-eabi/12.2.1/../../../../arm-none-eabi/lib/thumb/v6-m/nofp/libcr_c.a(errno.o)
                0x00000000100000f4                errno
 .bss.__Ciob    0x00000000100000f8       0xb4 /Applications/MCUXpressoIDE_11.8.0_1165/ide/plugins/com.nxp.mcuxpresso.tools.macosx_11.8.0.202306131047/tools/bin/../lib/gcc/arm-none-eabi/12.2.1/../../../../arm-none-eabi/lib/thumb/v6-m/nofp/libcr_nohost_nf.a(__ciob.o)
                0x00000000100000f8                __Ciob
 *(SORT_BY_ALIGNMENT(COMMON))
                0x00000000100001ac                . = ALIGN (0x4)
                0x00000000100001ac                _ebss = .
                [!provide]                        PROVIDE (__end_bss_RAM = .)
                [!provide]                        PROVIDE (__end_bss_SRAM = .)
                [!provide]                        PROVIDE (end = .)

.noinit_RAM2    0x0000000010001fe0        0x0
                [!provide]                        PROVIDE (__start_noinit_RAM2 = .)
                [!provide]                        PROVIDE (__start_noinit_IAP_SRAM = .)
 *(SORT_BY_ALIGNMENT(.noinit.$RAM2))
 *(SORT_BY_ALIGNMENT(.noinit.$IAP_SRAM))
 *(SORT_BY_ALIGNMENT(.noinit.$RAM2.*))
 *(SORT_BY_ALIGNMENT(.noinit.$IAP_SRAM.*))
                0x0000000010001fe0                . = ALIGN (0x4)
                [!provide]                        PROVIDE (__end_noinit_RAM2 = .)
                [!provide]                        PROVIDE (__end_noinit_IAP_SRAM = .)

.noinit         0x00000000100001ac        0x0
                0x00000000100001ac                _noinit = .
                [!provide]                        PROVIDE (__start_noinit_RAM = .)
                [!provide]                        PROVIDE (__start_noinit_SRAM = .)
 *(SORT_BY_ALIGNMENT(.noinit*))
                0x00000000100001ac                . = ALIGN (0x4)
                0x00000000100001ac                _end_noinit = .
                [!provide]                        PROVIDE (__end_noinit_RAM = .)
                [!provide]                        PROVIDE (__end_noinit_SRAM = .)
                0x00000000000001f8                _HeapSize = 0x1f8

.heap           0x00000000100001ac      0x1f8
                0x00000000100001ac                _pvHeapStart = .
                0x00000000100003a4                . = (. + _HeapSize)
 *fill*         0x00000000100001ac      0x1f8 
                0x00000000100003a4                . = ALIGN (0x4)
                0x00000000100003a4                _pvHeapLimit = .
                0x00000000000001f8                _StackSize = 0x1f8

.heap2stackfill
                0x00000000100003a4      0x1f8
                0x000000001000059c                . = (. + _StackSize)
 *fill*         0x00000000100003a4      0x1f8 

.stack          0x0000000010001de8        0x0
                0x0000000010001de8                _vStackBase = .
                0x0000000010001de8                . = ALIGN (0x4)
                0x0000000010001fe0                _vStackTop = (. + _StackSize)
                0xffffffffefffd75f                PROVIDE (__valid_user_code_checksum = (0x0 - (((_vStackTop + (ResetISR + 0x1)) + (DEFINED (NMI_Handler)?NMI_Handler:M0_NMI_Handler + 0x1)) + (DEFINED (HardFault_Handler)?HardFault_Handler:M0_HardFault_Handler + 0x1))))
                0x0000000000000000                _image_start = LOADADDR (.text)
                0x0000000000002c64                _image_end = (LOADADDR (.data) + SIZEOF (.data))
                0x0000000000002c64                _image_size = (_image_end - _image_start)
OUTPUT(lpcxpresso860max_p3t1755_i2c.axf elf32-littlearm)
LOAD linker stubs

.debug_info     0x0000000000000000     0xb3c4
 .debug_info    0x0000000000000000       0xc4 ./utilities/fsl_assert.o
 .debug_info    0x00000000000000c4     0x113d ./utilities/fsl_debug_console.o
 .debug_info    0x0000000000001201      0x612 ./startup/startup_lpc865.o
 .debug_info    0x0000000000001813      0xedd ./source/main.o
 .debug_info    0x00000000000026f0       0x54 ./source/mtb.o
 .debug_info    0x0000000000002744       0x3d ./source/semihost_hardfault.o
 .debug_info    0x0000000000002781     0x10e8 ./drivers/fsl_clock.o
 .debug_info    0x0000000000003869     0x1751 ./drivers/fsl_i2c.o
 .debug_info    0x0000000000004fba      0x708 ./drivers/fsl_reset.o
 .debug_info    0x00000000000056c2      0xee1 ./drivers/fsl_swm.o
 .debug_info    0x00000000000065a3     0x1b7d ./drivers/fsl_usart.o
 .debug_info    0x0000000000008120      0x19b ./device/system_LPC865.o
 .debug_info    0x00000000000082bb      0xf52 ./component/uart/fsl_adapter_miniusart.o
 .debug_info    0x000000000000920d      0xc13 ./board/board.o
 .debug_info    0x0000000000009e20      0xab5 ./board/clock_config.o
 .debug_info    0x000000000000a8d5      0xaef ./board/pin_mux.o

.debug_abbrev   0x0000000000000000     0x1e9f
 .debug_abbrev  0x0000000000000000       0x8f ./utilities/fsl_assert.o
 .debug_abbrev  0x000000000000008f      0x2c6 ./utilities/fsl_debug_console.o
 .debug_abbrev  0x0000000000000355      0x175 ./startup/startup_lpc865.o
 .debug_abbrev  0x00000000000004ca      0x2bc ./source/main.o
 .debug_abbrev  0x0000000000000786       0x45 ./source/mtb.o
 .debug_abbrev  0x00000000000007cb       0x2f ./source/semihost_hardfault.o
 .debug_abbrev  0x00000000000007fa      0x34c ./drivers/fsl_clock.o
 .debug_abbrev  0x0000000000000b46      0x34e ./drivers/fsl_i2c.o
 .debug_abbrev  0x0000000000000e94      0x185 ./drivers/fsl_reset.o
 .debug_abbrev  0x0000000000001019      0x1af ./drivers/fsl_swm.o
 .debug_abbrev  0x00000000000011c8      0x365 ./drivers/fsl_usart.o
 .debug_abbrev  0x000000000000152d      0x10b ./device/system_LPC865.o
 .debug_abbrev  0x0000000000001638      0x225 ./component/uart/fsl_adapter_miniusart.o
 .debug_abbrev  0x000000000000185d      0x1dd ./board/board.o
 .debug_abbrev  0x0000000000001a3a      0x274 ./board/clock_config.o
 .debug_abbrev  0x0000000000001cae      0x1f1 ./board/pin_mux.o

.debug_aranges  0x0000000000000000      0x750
 .debug_aranges
                0x0000000000000000       0x20 ./utilities/fsl_assert.o
 .debug_aranges
                0x0000000000000020       0x78 ./utilities/fsl_debug_console.o
 .debug_aranges
                0x0000000000000098      0x160 ./startup/startup_lpc865.o
 .debug_aranges
                0x00000000000001f8       0x48 ./source/main.o
 .debug_aranges
                0x0000000000000240       0x18 ./source/mtb.o
 .debug_aranges
                0x0000000000000258       0x20 ./source/semihost_hardfault.o
 .debug_aranges
                0x0000000000000278      0x108 ./drivers/fsl_clock.o
 .debug_aranges
                0x0000000000000380       0xf0 ./drivers/fsl_i2c.o
 .debug_aranges
                0x0000000000000470       0x30 ./drivers/fsl_reset.o
 .debug_aranges
                0x00000000000004a0       0x30 ./drivers/fsl_swm.o
 .debug_aranges
                0x00000000000004d0      0x118 ./drivers/fsl_usart.o
 .debug_aranges
                0x00000000000005e8       0x30 ./device/system_LPC865.o
 .debug_aranges
                0x0000000000000618       0x50 ./component/uart/fsl_adapter_miniusart.o
 .debug_aranges
                0x0000000000000668       0x28 ./board/board.o
 .debug_aranges
                0x0000000000000690       0x80 ./board/clock_config.o
 .debug_aranges
                0x0000000000000710       0x40 ./board/pin_mux.o

.debug_rnglists
                0x0000000000000000      0x53e
 .debug_rnglists
                0x0000000000000000       0x13 ./utilities/fsl_assert.o
 .debug_rnglists
                0x0000000000000013       0x59 ./utilities/fsl_debug_console.o
 .debug_rnglists
                0x000000000000006c      0x103 ./startup/startup_lpc865.o
 .debug_rnglists
                0x000000000000016f       0x32 ./source/main.o
 .debug_rnglists
                0x00000000000001a1       0x13 ./source/semihost_hardfault.o
 .debug_rnglists
                0x00000000000001b4       0xc8 ./drivers/fsl_clock.o
 .debug_rnglists
                0x000000000000027c       0xb7 ./drivers/fsl_i2c.o
 .debug_rnglists
                0x0000000000000333       0x1f ./drivers/fsl_reset.o
 .debug_rnglists
                0x0000000000000352       0x21 ./drivers/fsl_swm.o
 .debug_rnglists
                0x0000000000000373       0xd4 ./drivers/fsl_usart.o
 .debug_rnglists
                0x0000000000000447       0x1f ./device/system_LPC865.o
 .debug_rnglists
                0x0000000000000466       0x38 ./component/uart/fsl_adapter_miniusart.o
 .debug_rnglists
                0x000000000000049e       0x19 ./board/board.o
 .debug_rnglists
                0x00000000000004b7       0x5b ./board/clock_config.o
 .debug_rnglists
                0x0000000000000512       0x2c ./board/pin_mux.o

.debug_macro    0x0000000000000000     0x9a47
 .debug_macro   0x0000000000000000      0x13b ./utilities/fsl_assert.o
 .debug_macro   0x000000000000013b      0xac0 ./utilities/fsl_assert.o
 .debug_macro   0x0000000000000bfb       0x10 ./utilities/fsl_assert.o
 .debug_macro   0x0000000000000c0b       0x1c ./utilities/fsl_assert.o
 .debug_macro   0x0000000000000c27       0x22 ./utilities/fsl_assert.o
 .debug_macro   0x0000000000000c49      0x12e ./utilities/fsl_assert.o
 .debug_macro   0x0000000000000d77      0x5b3 ./utilities/fsl_assert.o
 .debug_macro   0x000000000000132a       0x22 ./utilities/fsl_assert.o
 .debug_macro   0x000000000000134c       0x10 ./utilities/fsl_assert.o
 .debug_macro   0x000000000000135c       0x3f ./utilities/fsl_assert.o
 .debug_macro   0x000000000000139b       0x1c ./utilities/fsl_assert.o
 .debug_macro   0x00000000000013b7       0x22 ./utilities/fsl_assert.o
 .debug_macro   0x00000000000013d9       0xd1 ./utilities/fsl_assert.o
 .debug_macro   0x00000000000014aa      0x3ad ./utilities/fsl_assert.o
 .debug_macro   0x0000000000001857       0x22 ./utilities/fsl_assert.o
 .debug_macro   0x0000000000001879     0x669c ./utilities/fsl_assert.o
 .debug_macro   0x0000000000007f15      0x238 ./utilities/fsl_assert.o
 .debug_macro   0x000000000000814d       0x7a ./utilities/fsl_assert.o
 .debug_macro   0x00000000000081c7       0x9d ./utilities/fsl_assert.o
 .debug_macro   0x0000000000008264      0x116 ./utilities/fsl_assert.o
 .debug_macro   0x000000000000837a       0x16 ./utilities/fsl_assert.o
 .debug_macro   0x0000000000008390       0x72 ./utilities/fsl_assert.o
 .debug_macro   0x0000000000008402       0x1c ./utilities/fsl_assert.o
 .debug_macro   0x000000000000841e       0x1c ./utilities/fsl_assert.o
 .debug_macro   0x000000000000843a       0x34 ./utilities/fsl_assert.o
 .debug_macro   0x000000000000846e      0x16b ./utilities/fsl_debug_console.o
 .debug_macro   0x00000000000085d9       0x16 ./utilities/fsl_debug_console.o
 .debug_macro   0x00000000000085ef       0x10 ./utilities/fsl_debug_console.o
 .debug_macro   0x00000000000085ff       0x28 ./utilities/fsl_debug_console.o
 .debug_macro   0x0000000000008627       0xc4 ./utilities/fsl_debug_console.o
 .debug_macro   0x00000000000086eb       0x16 ./utilities/fsl_debug_console.o
 .debug_macro   0x0000000000008701       0x47 ./utilities/fsl_debug_console.o
 .debug_macro   0x0000000000008748       0x50 ./startup/startup_lpc865.o
 .debug_macro   0x0000000000008798       0x34 ./startup/startup_lpc865.o
 .debug_macro   0x00000000000087cc      0x1b1 ./source/main.o
 .debug_macro   0x000000000000897d       0xd8 ./source/main.o
 .debug_macro   0x0000000000008a55       0x34 ./source/main.o
 .debug_macro   0x0000000000008a89       0x3d ./source/main.o
 .debug_macro   0x0000000000008ac6       0x10 ./source/main.o
 .debug_macro   0x0000000000008ad6       0xf4 ./source/main.o
 .debug_macro   0x0000000000008bca       0x4c ./source/main.o
 .debug_macro   0x0000000000008c16       0x2f ./source/mtb.o
 .debug_macro   0x0000000000008c45       0x82 ./source/mtb.o
 .debug_macro   0x0000000000008cc7       0x10 ./source/mtb.o
 .debug_macro   0x0000000000008cd7       0x11 ./source/semihost_hardfault.o
 .debug_macro   0x0000000000008ce8      0x14e ./drivers/fsl_clock.o
 .debug_macro   0x0000000000008e36      0x138 ./drivers/fsl_i2c.o
 .debug_macro   0x0000000000008f6e       0x16 ./drivers/fsl_i2c.o
 .debug_macro   0x0000000000008f84       0x1c ./drivers/fsl_i2c.o
 .debug_macro   0x0000000000008fa0       0x46 ./drivers/fsl_i2c.o
 .debug_macro   0x0000000000008fe6      0x12a ./drivers/fsl_reset.o
 .debug_macro   0x0000000000009110      0x144 ./drivers/fsl_swm.o
 .debug_macro   0x0000000000009254      0x139 ./drivers/fsl_usart.o
 .debug_macro   0x000000000000938d       0x1c ./drivers/fsl_usart.o
 .debug_macro   0x00000000000093a9       0x97 ./device/system_LPC865.o
 .debug_macro   0x0000000000009440      0x136 ./component/uart/fsl_adapter_miniusart.o
 .debug_macro   0x0000000000009576       0x22 ./component/uart/fsl_adapter_miniusart.o
 .debug_macro   0x0000000000009598      0x162 ./board/board.o
 .debug_macro   0x00000000000096fa       0x43 ./board/board.o
 .debug_macro   0x000000000000973d      0x14a ./board/clock_config.o
 .debug_macro   0x0000000000009887      0x150 ./board/pin_mux.o
 .debug_macro   0x00000000000099d7       0x70 ./board/pin_mux.o

.debug_line     0x0000000000000000     0x5471
 .debug_line    0x0000000000000000      0x37e ./utilities/fsl_assert.o
 .debug_line    0x000000000000037e      0x855 ./utilities/fsl_debug_console.o
 .debug_line    0x0000000000000bd3      0x396 ./startup/startup_lpc865.o
 .debug_line    0x0000000000000f69      0x561 ./source/main.o
 .debug_line    0x00000000000014ca       0xd9 ./source/mtb.o
 .debug_line    0x00000000000015a3       0x59 ./source/semihost_hardfault.o
 .debug_line    0x00000000000015fc      0xa4e ./drivers/fsl_clock.o
 .debug_line    0x000000000000204a      0xa75 ./drivers/fsl_i2c.o
 .debug_line    0x0000000000002abf      0x391 ./drivers/fsl_reset.o
 .debug_line    0x0000000000002e50      0x43d ./drivers/fsl_swm.o
 .debug_line    0x000000000000328d      0xccf ./drivers/fsl_usart.o
 .debug_line    0x0000000000003f5c      0x298 ./device/system_LPC865.o
 .debug_line    0x00000000000041f4      0x516 ./component/uart/fsl_adapter_miniusart.o
 .debug_line    0x000000000000470a      0x40e ./board/board.o
 .debug_line    0x0000000000004b18      0x51d ./board/clock_config.o
 .debug_line    0x0000000000005035      0x43c ./board/pin_mux.o

.debug_str      0x0000000000000000    0x45693
 .debug_str     0x0000000000000000    0x3e486 ./utilities/fsl_assert.o
                                      0x3e522 (size before relaxing)
 .debug_str     0x000000000003e486     0x1a74 ./utilities/fsl_debug_console.o
                                      0x3ffe9 (size before relaxing)
 .debug_str     0x000000000003fefa      0x575 ./startup/startup_lpc865.o
                                       0x3388 (size before relaxing)
 .debug_str     0x000000000004046f     0x1853 ./source/main.o
                                      0x40b3e (size before relaxing)
 .debug_str     0x0000000000041cc2      0x532 ./source/mtb.o
                                       0x3314 (size before relaxing)
 .debug_str     0x00000000000421f4       0x1f ./source/semihost_hardfault.o
                                       0x2e01 (size before relaxing)
 .debug_str     0x0000000000042213      0x6f5 ./drivers/fsl_clock.o
                                      0x3f77c (size before relaxing)
 .debug_str     0x0000000000042908      0x9ea ./drivers/fsl_i2c.o
                                      0x3fe9d (size before relaxing)
 .debug_str     0x00000000000432f2       0x98 ./drivers/fsl_reset.o
                                      0x3e97c (size before relaxing)
 .debug_str     0x000000000004338a      0xad0 ./drivers/fsl_swm.o
                                      0x3fc1e (size before relaxing)
 .debug_str     0x0000000000043e5a      0xf24 ./drivers/fsl_usart.o
                                      0x404fe (size before relaxing)
 .debug_str     0x0000000000044d7e       0x74 ./device/system_LPC865.o
                                      0x3cb0a (size before relaxing)
 .debug_str     0x0000000000044df2       0x87 ./component/uart/fsl_adapter_miniusart.o
                                      0x3f9dd (size before relaxing)
 .debug_str     0x0000000000044e79       0x1c ./board/board.o
                                      0x40616 (size before relaxing)
 .debug_str     0x0000000000044e95      0x403 ./board/clock_config.o
                                      0x3f2a0 (size before relaxing)
 .debug_str     0x0000000000045298      0x3fb ./board/pin_mux.o
                                      0x3f464 (size before relaxing)

.comment        0x0000000000000000       0x85
 .comment       0x0000000000000000       0x40 ./utilities/fsl_assert.o
                                         0x41 (size before relaxing)
 .comment       0x0000000000000040       0x41 ./utilities/fsl_debug_console.o
 .comment       0x0000000000000040       0x41 ./startup/startup_lpc865.o
 .comment       0x0000000000000040       0x41 ./source/main.o
 .comment       0x0000000000000040       0x41 ./source/mtb.o
 .comment       0x0000000000000040       0x41 ./source/semihost_hardfault.o
 .comment       0x0000000000000040       0x41 ./drivers/fsl_clock.o
 .comment       0x0000000000000040       0x41 ./drivers/fsl_i2c.o
 .comment       0x0000000000000040       0x41 ./drivers/fsl_reset.o
 .comment       0x0000000000000040       0x41 ./drivers/fsl_swm.o
 .comment       0x0000000000000040       0x41 ./drivers/fsl_usart.o
 .comment       0x0000000000000040       0x41 ./device/system_LPC865.o
 .comment       0x0000000000000040       0x41 ./component/uart/fsl_adapter_miniusart.o
 .comment       0x0000000000000040       0x41 ./board/board.o
 .comment       0x0000000000000040       0x41 ./board/clock_config.o
 .comment       0x0000000000000040       0x41 ./board/pin_mux.o
 .comment       0x0000000000000040       0x45 /Applications/MCUXpressoIDE_11.8.0_1165/ide/plugins/com.nxp.mcuxpresso.tools.macosx_11.8.0.202306131047/tools/bin/../lib/gcc/arm-none-eabi/12.2.1/../../../../arm-none-eabi/lib/thumb/v6-m/nofp/libcr_nohost_nf.a(_cr__main.o)
                                         0x46 (size before relaxing)
 .comment       0x0000000000000085       0x46 /Applications/MCUXpressoIDE_11.8.0_1165/ide/plugins/com.nxp.mcuxpresso.tools.macosx_11.8.0.202306131047/tools/bin/../lib/gcc/arm-none-eabi/12.2.1/../../../../arm-none-eabi/lib/thumb/v6-m/nofp/libcr_c.a(memcpy.o)
 .comment       0x0000000000000085       0x46 /Applications/MCUXpressoIDE_11.8.0_1165/ide/plugins/com.nxp.mcuxpresso.tools.macosx_11.8.0.202306131047/tools/bin/../lib/gcc/arm-none-eabi/12.2.1/../../../../arm-none-eabi/lib/thumb/v6-m/nofp/libcr_c.a(memset.o)
 .comment       0x0000000000000085       0x46 /Applications/MCUXpressoIDE_11.8.0_1165/ide/plugins/com.nxp.mcuxpresso.tools.macosx_11.8.0.202306131047/tools/bin/../lib/gcc/arm-none-eabi/12.2.1/../../../../arm-none-eabi/lib/thumb/v6-m/nofp/libcr_c.a(alloc.o)
 .comment       0x0000000000000085       0x46 /Applications/MCUXpressoIDE_11.8.0_1165/ide/plugins/com.nxp.mcuxpresso.tools.macosx_11.8.0.202306131047/tools/bin/../lib/gcc/arm-none-eabi/12.2.1/../../../../arm-none-eabi/lib/thumb/v6-m/nofp/libcr_c.a(errno.o)
 .comment       0x0000000000000085       0x46 /Applications/MCUXpressoIDE_11.8.0_1165/ide/plugins/com.nxp.mcuxpresso.tools.macosx_11.8.0.202306131047/tools/bin/../lib/gcc/arm-none-eabi/12.2.1/../../../../arm-none-eabi/lib/thumb/v6-m/nofp/libcr_c.a(initio.o)
 .comment       0x0000000000000085       0x46 /Applications/MCUXpressoIDE_11.8.0_1165/ide/plugins/com.nxp.mcuxpresso.tools.macosx_11.8.0.202306131047/tools/bin/../lib/gcc/arm-none-eabi/12.2.1/../../../../arm-none-eabi/lib/thumb/v6-m/nofp/libcr_c.a(setvbuf.o)
 .comment       0x0000000000000085       0x46 /Applications/MCUXpressoIDE_11.8.0_1165/ide/plugins/com.nxp.mcuxpresso.tools.macosx_11.8.0.202306131047/tools/bin/../lib/gcc/arm-none-eabi/12.2.1/../../../../arm-none-eabi/lib/thumb/v6-m/nofp/libcr_c.a(strlen.o)
 .comment       0x0000000000000085       0x46 /Applications/MCUXpressoIDE_11.8.0_1165/ide/plugins/com.nxp.mcuxpresso.tools.macosx_11.8.0.202306131047/tools/bin/../lib/gcc/arm-none-eabi/12.2.1/../../../../arm-none-eabi/lib/thumb/v6-m/nofp/libcr_c.a(_deferredlazyseek.o)
 .comment       0x0000000000000085       0x46 /Applications/MCUXpressoIDE_11.8.0_1165/ide/plugins/com.nxp.mcuxpresso.tools.macosx_11.8.0.202306131047/tools/bin/../lib/gcc/arm-none-eabi/12.2.1/../../../../arm-none-eabi/lib/thumb/v6-m/nofp/libcr_c.a(_fdopen.o)
 .comment       0x0000000000000085       0x46 /Applications/MCUXpressoIDE_11.8.0_1165/ide/plugins/com.nxp.mcuxpresso.tools.macosx_11.8.0.202306131047/tools/bin/../lib/gcc/arm-none-eabi/12.2.1/../../../../arm-none-eabi/lib/thumb/v6-m/nofp/libcr_c.a(_fflush.o)
 .comment       0x0000000000000085       0x46 /Applications/MCUXpressoIDE_11.8.0_1165/ide/plugins/com.nxp.mcuxpresso.tools.macosx_11.8.0.202306131047/tools/bin/../lib/gcc/arm-none-eabi/12.2.1/../../../../arm-none-eabi/lib/thumb/v6-m/nofp/libcr_c.a(_writebuf.o)
 .comment       0x0000000000000085       0x46 /Applications/MCUXpressoIDE_11.8.0_1165/ide/plugins/com.nxp.mcuxpresso.tools.macosx_11.8.0.202306131047/tools/bin/../lib/gcc/arm-none-eabi/12.2.1/../../../../arm-none-eabi/lib/thumb/v6-m/nofp/libcr_c.a(fclose.o)
 .comment       0x0000000000000085       0x46 /Applications/MCUXpressoIDE_11.8.0_1165/ide/plugins/com.nxp.mcuxpresso.tools.macosx_11.8.0.202306131047/tools/bin/../lib/gcc/arm-none-eabi/12.2.1/../../../../arm-none-eabi/lib/thumb/v6-m/nofp/libcr_c.a(fflush.o)
 .comment       0x0000000000000085       0x46 /Applications/MCUXpressoIDE_11.8.0_1165/ide/plugins/com.nxp.mcuxpresso.tools.macosx_11.8.0.202306131047/tools/bin/../lib/gcc/arm-none-eabi/12.2.1/../../../../arm-none-eabi/lib/thumb/v6-m/nofp/libcr_c.a(fseek.o)
 .comment       0x0000000000000085       0x46 /Applications/MCUXpressoIDE_11.8.0_1165/ide/plugins/com.nxp.mcuxpresso.tools.macosx_11.8.0.202306131047/tools/bin/../lib/gcc/arm-none-eabi/12.2.1/../../../../arm-none-eabi/lib/thumb/v6-m/nofp/libcr_c.a(ftell.o)
 .comment       0x0000000000000085       0x46 /Applications/MCUXpressoIDE_11.8.0_1165/ide/plugins/com.nxp.mcuxpresso.tools.macosx_11.8.0.202306131047/tools/bin/../lib/gcc/arm-none-eabi/12.2.1/../../../../arm-none-eabi/lib/thumb/v6-m/nofp/libcr_c.a(remove.o)
 .comment       0x0000000000000085       0x46 /Applications/MCUXpressoIDE_11.8.0_1165/ide/plugins/com.nxp.mcuxpresso.tools.macosx_11.8.0.202306131047/tools/bin/../lib/gcc/arm-none-eabi/12.2.1/../../../../arm-none-eabi/lib/thumb/v6-m/nofp/libcr_c.a(_do_fflush.o)
 .comment       0x0000000000000085       0x46 /Applications/MCUXpressoIDE_11.8.0_1165/ide/plugins/com.nxp.mcuxpresso.tools.macosx_11.8.0.202306131047/tools/bin/../lib/gcc/arm-none-eabi/12.2.1/../../../../arm-none-eabi/lib/thumb/v6-m/nofp/libcr_nohost_nf.a(__ciob.o)
 .comment       0x0000000000000085       0x46 /Applications/MCUXpressoIDE_11.8.0_1165/ide/plugins/com.nxp.mcuxpresso.tools.macosx_11.8.0.202306131047/tools/bin/../lib/gcc/arm-none-eabi/12.2.1/../../../../arm-none-eabi/lib/thumb/v6-m/nofp/libcr_nohost_nf.a(__sys_close.o)
 .comment       0x0000000000000085       0x46 /Applications/MCUXpressoIDE_11.8.0_1165/ide/plugins/com.nxp.mcuxpresso.tools.macosx_11.8.0.202306131047/tools/bin/../lib/gcc/arm-none-eabi/12.2.1/../../../../arm-none-eabi/lib/thumb/v6-m/nofp/libcr_nohost_nf.a(__sys_flen.o)
 .comment       0x0000000000000085       0x46 /Applications/MCUXpressoIDE_11.8.0_1165/ide/plugins/com.nxp.mcuxpresso.tools.macosx_11.8.0.202306131047/tools/bin/../lib/gcc/arm-none-eabi/12.2.1/../../../../arm-none-eabi/lib/thumb/v6-m/nofp/libcr_nohost_nf.a(__sys_istty.o)
 .comment       0x0000000000000085       0x46 /Applications/MCUXpressoIDE_11.8.0_1165/ide/plugins/com.nxp.mcuxpresso.tools.macosx_11.8.0.202306131047/tools/bin/../lib/gcc/arm-none-eabi/12.2.1/../../../../arm-none-eabi/lib/thumb/v6-m/nofp/libcr_nohost_nf.a(__sys_remove.o)
 .comment       0x0000000000000085       0x46 /Applications/MCUXpressoIDE_11.8.0_1165/ide/plugins/com.nxp.mcuxpresso.tools.macosx_11.8.0.202306131047/tools/bin/../lib/gcc/arm-none-eabi/12.2.1/../../../../arm-none-eabi/lib/thumb/v6-m/nofp/libcr_nohost_nf.a(__sys_seek.o)
 .comment       0x0000000000000085       0x46 /Applications/MCUXpressoIDE_11.8.0_1165/ide/plugins/com.nxp.mcuxpresso.tools.macosx_11.8.0.202306131047/tools/bin/../lib/gcc/arm-none-eabi/12.2.1/../../../../arm-none-eabi/lib/thumb/v6-m/nofp/libcr_nohost_nf.a(__sys_tmpnam.o)
 .comment       0x0000000000000085       0x46 /Applications/MCUXpressoIDE_11.8.0_1165/ide/plugins/com.nxp.mcuxpresso.tools.macosx_11.8.0.202306131047/tools/bin/../lib/gcc/arm-none-eabi/12.2.1/../../../../arm-none-eabi/lib/thumb/v6-m/nofp/libcr_nohost_nf.a(__sys_write.o)

.ARM.attributes
                0x0000000000000000       0x2a
 .ARM.attributes
                0x0000000000000000       0x2c ./utilities/fsl_assert.o
 .ARM.attributes
                0x000000000000002c       0x2c ./utilities/fsl_debug_console.o
 .ARM.attributes
                0x0000000000000058       0x2c ./startup/startup_lpc865.o
 .ARM.attributes
                0x0000000000000084       0x2c ./source/main.o
 .ARM.attributes
                0x00000000000000b0       0x2c ./source/mtb.o
 .ARM.attributes
                0x00000000000000dc       0x2c ./source/semihost_hardfault.o
 .ARM.attributes
                0x0000000000000108       0x2c ./drivers/fsl_clock.o
 .ARM.attributes
                0x0000000000000134       0x2c ./drivers/fsl_i2c.o
 .ARM.attributes
                0x0000000000000160       0x2c ./drivers/fsl_reset.o
 .ARM.attributes
                0x000000000000018c       0x2c ./drivers/fsl_swm.o
 .ARM.attributes
                0x00000000000001b8       0x2c ./drivers/fsl_usart.o
 .ARM.attributes
                0x00000000000001e4       0x2c ./device/system_LPC865.o
 .ARM.attributes
                0x0000000000000210       0x2c ./component/uart/fsl_adapter_miniusart.o
 .ARM.attributes
                0x000000000000023c       0x2c ./board/board.o
 .ARM.attributes
                0x0000000000000268       0x2c ./board/clock_config.o
 .ARM.attributes
                0x0000000000000294       0x2c ./board/pin_mux.o
 .ARM.attributes
                0x00000000000002c0       0x2c /Applications/MCUXpressoIDE_11.8.0_1165/ide/plugins/com.nxp.mcuxpresso.tools.macosx_11.8.0.202306131047/tools/bin/../lib/gcc/arm-none-eabi/12.2.1/../../../../arm-none-eabi/lib/thumb/v6-m/nofp/libcr_nohost_nf.a(_cr__main.o)
 .ARM.attributes
                0x00000000000002ec       0x2c /Applications/MCUXpressoIDE_11.8.0_1165/ide/plugins/com.nxp.mcuxpresso.tools.macosx_11.8.0.202306131047/tools/bin/../lib/gcc/arm-none-eabi/12.2.1/../../../../arm-none-eabi/lib/thumb/v6-m/nofp/libcr_c.a(memcpy.o)
 .ARM.attributes
                0x0000000000000318       0x2c /Applications/MCUXpressoIDE_11.8.0_1165/ide/plugins/com.nxp.mcuxpresso.tools.macosx_11.8.0.202306131047/tools/bin/../lib/gcc/arm-none-eabi/12.2.1/../../../../arm-none-eabi/lib/thumb/v6-m/nofp/libcr_c.a(memset.o)
 .ARM.attributes
                0x0000000000000344       0x2c /Applications/MCUXpressoIDE_11.8.0_1165/ide/plugins/com.nxp.mcuxpresso.tools.macosx_11.8.0.202306131047/tools/bin/../lib/gcc/arm-none-eabi/12.2.1/../../../../arm-none-eabi/lib/thumb/v6-m/nofp/libcr_c.a(alloc.o)
 .ARM.attributes
                0x0000000000000370       0x2c /Applications/MCUXpressoIDE_11.8.0_1165/ide/plugins/com.nxp.mcuxpresso.tools.macosx_11.8.0.202306131047/tools/bin/../lib/gcc/arm-none-eabi/12.2.1/../../../../arm-none-eabi/lib/thumb/v6-m/nofp/libcr_c.a(errno.o)
 .ARM.attributes
                0x000000000000039c       0x2c /Applications/MCUXpressoIDE_11.8.0_1165/ide/plugins/com.nxp.mcuxpresso.tools.macosx_11.8.0.202306131047/tools/bin/../lib/gcc/arm-none-eabi/12.2.1/../../../../arm-none-eabi/lib/thumb/v6-m/nofp/libcr_c.a(initio.o)
 .ARM.attributes
                0x00000000000003c8       0x2c /Applications/MCUXpressoIDE_11.8.0_1165/ide/plugins/com.nxp.mcuxpresso.tools.macosx_11.8.0.202306131047/tools/bin/../lib/gcc/arm-none-eabi/12.2.1/../../../../arm-none-eabi/lib/thumb/v6-m/nofp/libcr_c.a(setvbuf.o)
 .ARM.attributes
                0x00000000000003f4       0x2c /Applications/MCUXpressoIDE_11.8.0_1165/ide/plugins/com.nxp.mcuxpresso.tools.macosx_11.8.0.202306131047/tools/bin/../lib/gcc/arm-none-eabi/12.2.1/../../../../arm-none-eabi/lib/thumb/v6-m/nofp/libcr_c.a(strlen.o)
 .ARM.attributes
                0x0000000000000420       0x2c /Applications/MCUXpressoIDE_11.8.0_1165/ide/plugins/com.nxp.mcuxpresso.tools.macosx_11.8.0.202306131047/tools/bin/../lib/gcc/arm-none-eabi/12.2.1/../../../../arm-none-eabi/lib/thumb/v6-m/nofp/libcr_c.a(_deferredlazyseek.o)
 .ARM.attributes
                0x000000000000044c       0x2c /Applications/MCUXpressoIDE_11.8.0_1165/ide/plugins/com.nxp.mcuxpresso.tools.macosx_11.8.0.202306131047/tools/bin/../lib/gcc/arm-none-eabi/12.2.1/../../../../arm-none-eabi/lib/thumb/v6-m/nofp/libcr_c.a(_fdopen.o)
 .ARM.attributes
                0x0000000000000478       0x2c /Applications/MCUXpressoIDE_11.8.0_1165/ide/plugins/com.nxp.mcuxpresso.tools.macosx_11.8.0.202306131047/tools/bin/../lib/gcc/arm-none-eabi/12.2.1/../../../../arm-none-eabi/lib/thumb/v6-m/nofp/libcr_c.a(_fflush.o)
 .ARM.attributes
                0x00000000000004a4       0x2c /Applications/MCUXpressoIDE_11.8.0_1165/ide/plugins/com.nxp.mcuxpresso.tools.macosx_11.8.0.202306131047/tools/bin/../lib/gcc/arm-none-eabi/12.2.1/../../../../arm-none-eabi/lib/thumb/v6-m/nofp/libcr_c.a(_writebuf.o)
 .ARM.attributes
                0x00000000000004d0       0x2c /Applications/MCUXpressoIDE_11.8.0_1165/ide/plugins/com.nxp.mcuxpresso.tools.macosx_11.8.0.202306131047/tools/bin/../lib/gcc/arm-none-eabi/12.2.1/../../../../arm-none-eabi/lib/thumb/v6-m/nofp/libcr_c.a(fclose.o)
 .ARM.attributes
                0x00000000000004fc       0x2c /Applications/MCUXpressoIDE_11.8.0_1165/ide/plugins/com.nxp.mcuxpresso.tools.macosx_11.8.0.202306131047/tools/bin/../lib/gcc/arm-none-eabi/12.2.1/../../../../arm-none-eabi/lib/thumb/v6-m/nofp/libcr_c.a(fflush.o)
 .ARM.attributes
                0x0000000000000528       0x2c /Applications/MCUXpressoIDE_11.8.0_1165/ide/plugins/com.nxp.mcuxpresso.tools.macosx_11.8.0.202306131047/tools/bin/../lib/gcc/arm-none-eabi/12.2.1/../../../../arm-none-eabi/lib/thumb/v6-m/nofp/libcr_c.a(fseek.o)
 .ARM.attributes
                0x0000000000000554       0x2c /Applications/MCUXpressoIDE_11.8.0_1165/ide/plugins/com.nxp.mcuxpresso.tools.macosx_11.8.0.202306131047/tools/bin/../lib/gcc/arm-none-eabi/12.2.1/../../../../arm-none-eabi/lib/thumb/v6-m/nofp/libcr_c.a(ftell.o)
 .ARM.attributes
                0x0000000000000580       0x2c /Applications/MCUXpressoIDE_11.8.0_1165/ide/plugins/com.nxp.mcuxpresso.tools.macosx_11.8.0.202306131047/tools/bin/../lib/gcc/arm-none-eabi/12.2.1/../../../../arm-none-eabi/lib/thumb/v6-m/nofp/libcr_c.a(remove.o)
 .ARM.attributes
                0x00000000000005ac       0x2c /Applications/MCUXpressoIDE_11.8.0_1165/ide/plugins/com.nxp.mcuxpresso.tools.macosx_11.8.0.202306131047/tools/bin/../lib/gcc/arm-none-eabi/12.2.1/../../../../arm-none-eabi/lib/thumb/v6-m/nofp/libcr_c.a(_do_fflush.o)
 .ARM.attributes
                0x00000000000005d8       0x1c /Applications/MCUXpressoIDE_11.8.0_1165/ide/plugins/com.nxp.mcuxpresso.tools.macosx_11.8.0.202306131047/tools/bin/../lib/gcc/arm-none-eabi/12.2.1/thumb/v6-m/nofp/libcr_eabihelpers.a(division_32.o)
 .ARM.attributes
                0x00000000000005f4       0x1c /Applications/MCUXpressoIDE_11.8.0_1165/ide/plugins/com.nxp.mcuxpresso.tools.macosx_11.8.0.202306131047/tools/bin/../lib/gcc/arm-none-eabi/12.2.1/thumb/v6-m/nofp/libcr_eabihelpers.a(division_idiv0.o)
 .ARM.attributes
                0x0000000000000610       0x1c /Applications/MCUXpressoIDE_11.8.0_1165/ide/plugins/com.nxp.mcuxpresso.tools.macosx_11.8.0.202306131047/tools/bin/../lib/gcc/arm-none-eabi/12.2.1/thumb/v6-m/nofp/libcr_eabihelpers.a(memcpy.o)
 .ARM.attributes
                0x000000000000062c       0x2c /Applications/MCUXpressoIDE_11.8.0_1165/ide/plugins/com.nxp.mcuxpresso.tools.macosx_11.8.0.202306131047/tools/bin/../lib/gcc/arm-none-eabi/12.2.1/../../../../arm-none-eabi/lib/thumb/v6-m/nofp/libcr_nohost_nf.a(__ciob.o)
 .ARM.attributes
                0x0000000000000658       0x2c /Applications/MCUXpressoIDE_11.8.0_1165/ide/plugins/com.nxp.mcuxpresso.tools.macosx_11.8.0.202306131047/tools/bin/../lib/gcc/arm-none-eabi/12.2.1/../../../../arm-none-eabi/lib/thumb/v6-m/nofp/libcr_nohost_nf.a(__sys_close.o)
 .ARM.attributes
                0x0000000000000684       0x2c /Applications/MCUXpressoIDE_11.8.0_1165/ide/plugins/com.nxp.mcuxpresso.tools.macosx_11.8.0.202306131047/tools/bin/../lib/gcc/arm-none-eabi/12.2.1/../../../../arm-none-eabi/lib/thumb/v6-m/nofp/libcr_nohost_nf.a(__sys_flen.o)
 .ARM.attributes
                0x00000000000006b0       0x2c /Applications/MCUXpressoIDE_11.8.0_1165/ide/plugins/com.nxp.mcuxpresso.tools.macosx_11.8.0.202306131047/tools/bin/../lib/gcc/arm-none-eabi/12.2.1/../../../../arm-none-eabi/lib/thumb/v6-m/nofp/libcr_nohost_nf.a(__sys_istty.o)
 .ARM.attributes
                0x00000000000006dc       0x2c /Applications/MCUXpressoIDE_11.8.0_1165/ide/plugins/com.nxp.mcuxpresso.tools.macosx_11.8.0.202306131047/tools/bin/../lib/gcc/arm-none-eabi/12.2.1/../../../../arm-none-eabi/lib/thumb/v6-m/nofp/libcr_nohost_nf.a(__sys_remove.o)
 .ARM.attributes
                0x0000000000000708       0x2c /Applications/MCUXpressoIDE_11.8.0_1165/ide/plugins/com.nxp.mcuxpresso.tools.macosx_11.8.0.202306131047/tools/bin/../lib/gcc/arm-none-eabi/12.2.1/../../../../arm-none-eabi/lib/thumb/v6-m/nofp/libcr_nohost_nf.a(__sys_seek.o)
 .ARM.attributes
                0x0000000000000734       0x2c /Applications/MCUXpressoIDE_11.8.0_1165/ide/plugins/com.nxp.mcuxpresso.tools.macosx_11.8.0.202306131047/tools/bin/../lib/gcc/arm-none-eabi/12.2.1/../../../../arm-none-eabi/lib/thumb/v6-m/nofp/libcr_nohost_nf.a(__sys_tmpnam.o)
 .ARM.attributes
                0x0000000000000760       0x2c /Applications/MCUXpressoIDE_11.8.0_1165/ide/plugins/com.nxp.mcuxpresso.tools.macosx_11.8.0.202306131047/tools/bin/../lib/gcc/arm-none-eabi/12.2.1/../../../../arm-none-eabi/lib/thumb/v6-m/nofp/libcr_nohost_nf.a(__sys_write.o)

.debug_frame    0x0000000000000000     0x1658
 .debug_frame   0x0000000000000000       0x30 ./utilities/fsl_assert.o
 .debug_frame   0x0000000000000030      0x190 ./utilities/fsl_debug_console.o
 .debug_frame   0x00000000000001c0      0x3a8 ./startup/startup_lpc865.o
 .debug_frame   0x0000000000000568       0xd0 ./source/main.o
 .debug_frame   0x0000000000000638       0x20 ./source/semihost_hardfault.o
 .debug_frame   0x0000000000000658      0x3c8 ./drivers/fsl_clock.o
 .debug_frame   0x0000000000000a20      0x370 ./drivers/fsl_i2c.o
 .debug_frame   0x0000000000000d90       0x70 ./drivers/fsl_reset.o
 .debug_frame   0x0000000000000e00       0x70 ./drivers/fsl_swm.o
 .debug_frame   0x0000000000000e70      0x404 ./drivers/fsl_usart.o
 .debug_frame   0x0000000000001274       0x64 ./device/system_LPC865.o
 .debug_frame   0x00000000000012d8       0xf0 ./component/uart/fsl_adapter_miniusart.o
 .debug_frame   0x00000000000013c8       0x50 ./board/board.o
 .debug_frame   0x0000000000001418      0x194 ./board/clock_config.o
 .debug_frame   0x00000000000015ac       0xac ./board/pin_mux.o

.debug_loclists
                0x0000000000000000      0x104
 .debug_loclists
                0x0000000000000000      0x104 ./startup/startup_lpc865.o

Cross Reference Table

Symbol                                            File
ACMP_DriverIRQHandler                             ./startup/startup_lpc865.o
ACMP_IRQHandler                                   ./startup/startup_lpc865.o
ADC0_OVR_DriverIRQHandler                         ./startup/startup_lpc865.o
ADC0_OVR_IRQHandler                               ./startup/startup_lpc865.o
ADC0_SEQA_DriverIRQHandler                        ./startup/startup_lpc865.o
ADC0_SEQA_IRQHandler                              ./startup/startup_lpc865.o
ADC0_SEQB_DriverIRQHandler                        ./startup/startup_lpc865.o
ADC0_SEQB_IRQHandler                              ./startup/startup_lpc865.o
ADC0_THCMP_DriverIRQHandler                       ./startup/startup_lpc865.o
ADC0_THCMP_IRQHandler                             ./startup/startup_lpc865.o
BOARD_BootClockFRO18M                             ./board/clock_config.o
BOARD_BootClockFRO24M                             ./board/clock_config.o
BOARD_BootClockFRO30M                             ./board/clock_config.o
BOARD_BootClockFRO36M                             ./board/clock_config.o
BOARD_BootClockFRO48M                             ./board/clock_config.o
                                                  ./source/main.o
BOARD_BootClockFRO60M                             ./board/clock_config.o
BOARD_BootClockPll48M                             ./board/clock_config.o
BOARD_InitBootClocks                              ./board/clock_config.o
BOARD_InitBootPins                                ./board/pin_mux.o
                                                  ./source/main.o
BOARD_InitDebugConsole                            ./board/board.o
                                                  ./source/main.o
BOARD_InitPins                                    ./board/pin_mux.o
BOD_DriverIRQHandler                              ./startup/startup_lpc865.o
BOD_IRQHandler                                    ./startup/startup_lpc865.o
CLOCK_GetClockOutClkFreq                          ./drivers/fsl_clock.o
CLOCK_GetFRG0ClkFreq                              ./drivers/fsl_clock.o
CLOCK_GetFRG1ClkFreq                              ./drivers/fsl_clock.o
CLOCK_GetFreq                                     ./drivers/fsl_clock.o
CLOCK_GetFroFreq                                  ./drivers/fsl_clock.o
CLOCK_GetI3cClkFreq                               ./drivers/fsl_clock.o
CLOCK_GetLpOscClkFreq                             ./drivers/fsl_clock.o
CLOCK_GetMainClkFreq                              ./drivers/fsl_clock.o
                                                  ./board/board.o
                                                  ./source/main.o
CLOCK_GetSystemPLLInClockRate                     ./drivers/fsl_clock.o
CLOCK_GetUart0ClkFreq                             ./drivers/fsl_clock.o
CLOCK_GetUart1ClkFreq                             ./drivers/fsl_clock.o
CLOCK_GetUart2ClkFreq                             ./drivers/fsl_clock.o
CLOCK_GetUart3ClkFreq                             ./drivers/fsl_clock.o
CLOCK_GetUart4ClkFreq                             ./drivers/fsl_clock.o
CLOCK_InitExtClkin                                ./drivers/fsl_clock.o
CLOCK_InitSysOsc                                  ./drivers/fsl_clock.o
CLOCK_InitSystemPll                               ./drivers/fsl_clock.o
                                                  ./board/clock_config.o
CLOCK_InitXtalin                                  ./drivers/fsl_clock.o
CLOCK_SetFRG0ClkFreq                              ./drivers/fsl_clock.o
CLOCK_SetFRG1ClkFreq                              ./drivers/fsl_clock.o
CLOCK_SetFroOutClkSrc                             ./drivers/fsl_clock.o
                                                  ./board/clock_config.o
CLOCK_SetMainClkSrc                               ./drivers/fsl_clock.o
                                                  ./board/clock_config.o
CRP_WORD                                          ./startup/startup_lpc865.o
DMA0_DriverIRQHandler                             ./startup/startup_lpc865.o
DMA0_IRQHandler                                   ./startup/startup_lpc865.o
DbgConsole_Deinit                                 ./utilities/fsl_debug_console.o
DbgConsole_EnterLowpower                          ./utilities/fsl_debug_console.o
DbgConsole_ExitLowpower                           ./utilities/fsl_debug_console.o
DbgConsole_Getchar                                ./utilities/fsl_debug_console.o
DbgConsole_Init                                   ./utilities/fsl_debug_console.o
                                                  ./board/board.o
DbgConsole_Printf                                 ./utilities/fsl_debug_console.o
                                                  ./source/main.o
                                                  ./utilities/fsl_assert.o
DbgConsole_Putchar                                ./utilities/fsl_debug_console.o
DbgConsole_Scanf                                  ./utilities/fsl_debug_console.o
DbgConsole_Vprintf                                ./utilities/fsl_debug_console.o
DisableDeepSleepIRQ                               ./drivers/fsl_power.o
EnableDeepSleepIRQ                                ./drivers/fsl_power.o
ExtClockIn                                        ./board/board.o
FLASH_DriverIRQHandler                            ./startup/startup_lpc865.o
FLASH_IRQHandler                                  ./startup/startup_lpc865.o
FTM0_DriverIRQHandler                             ./startup/startup_lpc865.o
FTM0_IRQHandler                                   ./startup/startup_lpc865.o
FTM1_DriverIRQHandler                             ./startup/startup_lpc865.o
FTM1_IRQHandler                                   ./startup/startup_lpc865.o
GPIO_HS_IRQ0_DriverIRQHandler                     ./startup/startup_lpc865.o
GPIO_HS_IRQ0_IRQHandler                           ./startup/startup_lpc865.o
GPIO_HS_IRQ1_DriverIRQHandler                     ./startup/startup_lpc865.o
GPIO_HS_IRQ1_IRQHandler                           ./startup/startup_lpc865.o
GPIO_PinInit                                      ./drivers/fsl_gpio.o
GPIO_PortInit                                     ./drivers/fsl_gpio.o
HAL_UartDeinit                                    ./component/uart/fsl_adapter_miniusart.o
                                                  ./utilities/fsl_debug_console.o
HAL_UartEnterLowpower                             ./component/uart/fsl_adapter_miniusart.o
                                                  ./utilities/fsl_debug_console.o
HAL_UartExitLowpower                              ./component/uart/fsl_adapter_miniusart.o
                                                  ./utilities/fsl_debug_console.o
HAL_UartInit                                      ./component/uart/fsl_adapter_miniusart.o
                                                  ./utilities/fsl_debug_console.o
HAL_UartReceiveBlocking                           ./component/uart/fsl_adapter_miniusart.o
                                                  ./utilities/fsl_debug_console.o
HAL_UartSendBlocking                              ./component/uart/fsl_adapter_miniusart.o
                                                  ./utilities/fsl_debug_console.o
HardFault_Handler                                 ./source/semihost_hardfault.o
                                                  ./startup/startup_lpc865.o
I2C0_DriverIRQHandler                             ./startup/startup_lpc865.o
I2C0_IRQHandler                                   ./startup/startup_lpc865.o
I2C_GetInstance                                   ./drivers/fsl_i2c.o
I2C_MasterDeinit                                  ./drivers/fsl_i2c.o
I2C_MasterGetDefaultConfig                        ./drivers/fsl_i2c.o
                                                  ./source/main.o
I2C_MasterInit                                    ./drivers/fsl_i2c.o
                                                  ./source/main.o
I2C_MasterReadBlocking                            ./drivers/fsl_i2c.o
                                                  ./source/main.o
I2C_MasterSetBaudRate                             ./drivers/fsl_i2c.o
I2C_MasterStart                                   ./drivers/fsl_i2c.o
                                                  ./source/main.o
I2C_MasterStop                                    ./drivers/fsl_i2c.o
                                                  ./source/main.o
I2C_MasterTransferBlocking                        ./drivers/fsl_i2c.o
I2C_MasterWriteBlocking                           ./drivers/fsl_i2c.o
                                                  ./source/main.o
I2C_SlaveDeinit                                   ./drivers/fsl_i2c.o
I2C_SlaveGetDefaultConfig                         ./drivers/fsl_i2c.o
I2C_SlaveInit                                     ./drivers/fsl_i2c.o
I2C_SlaveReadBlocking                             ./drivers/fsl_i2c.o
I2C_SlaveSetAddress                               ./drivers/fsl_i2c.o
I2C_SlaveWriteBlocking                            ./drivers/fsl_i2c.o
I3C0_DriverIRQHandler                             ./startup/startup_lpc865.o
I3C0_IRQHandler                                   ./startup/startup_lpc865.o
INPUTMUX_AttachSignal                             ./drivers/fsl_inputmux.o
INPUTMUX_Deinit                                   ./drivers/fsl_inputmux.o
INPUTMUX_Init                                     ./drivers/fsl_inputmux.o
IntDefaultHandler                                 ./startup/startup_lpc865.o
MRT0_DriverIRQHandler                             ./startup/startup_lpc865.o
MRT0_IRQHandler                                   ./startup/startup_lpc865.o
NMI_Handler                                       ./startup/startup_lpc865.o
PIN_INT0_DriverIRQHandler                         ./startup/startup_lpc865.o
PIN_INT0_IRQHandler                               ./startup/startup_lpc865.o
PIN_INT1_DriverIRQHandler                         ./startup/startup_lpc865.o
PIN_INT1_IRQHandler                               ./startup/startup_lpc865.o
PIN_INT2_DriverIRQHandler                         ./startup/startup_lpc865.o
PIN_INT2_IRQHandler                               ./startup/startup_lpc865.o
PIN_INT3_DriverIRQHandler                         ./startup/startup_lpc865.o
PIN_INT3_IRQHandler                               ./startup/startup_lpc865.o
PIN_INT4_DriverIRQHandler                         ./startup/startup_lpc865.o
PIN_INT4_IRQHandler                               ./startup/startup_lpc865.o
PIN_INT5_DriverIRQHandler                         ./startup/startup_lpc865.o
PIN_INT5_IRQHandler                               ./startup/startup_lpc865.o
PIN_INT6_DriverIRQHandler                         ./startup/startup_lpc865.o
PIN_INT6_IRQHandler                               ./startup/startup_lpc865.o
PIN_INT7_DriverIRQHandler                         ./startup/startup_lpc865.o
PIN_INT7_IRQHandler                               ./startup/startup_lpc865.o
POWER_EnterDeepPowerDownMode                      ./drivers/fsl_power.o
POWER_EnterDeepSleep                              ./drivers/fsl_power.o
POWER_EnterPowerDown                              ./drivers/fsl_power.o
POWER_EnterSleep                                  ./drivers/fsl_power.o
PendSV_Handler                                    ./startup/startup_lpc865.o
RESET_PeripheralReset                             ./drivers/fsl_reset.o
                                                  ./board/board.o
                                                  ./drivers/fsl_usart.o
                                                  ./drivers/fsl_i2c.o
                                                  ./drivers/fsl_gpio.o
Reserved18_DriverIRQHandler                       ./startup/startup_lpc865.o
Reserved18_IRQHandler                             ./startup/startup_lpc865.o
Reserved25_DriverIRQHandler                       ./startup/startup_lpc865.o
Reserved25_IRQHandler                             ./startup/startup_lpc865.o
ResetISR                                          ./startup/startup_lpc865.o
SDK_DelayAtLeastUs                                ./drivers/fsl_common_arm.o
                                                  ./drivers/fsl_clock.o
SDK_Free                                          ./drivers/fsl_common.o
SDK_Malloc                                        ./drivers/fsl_common.o
SPI0_DriverIRQHandler                             ./startup/startup_lpc865.o
SPI0_IRQHandler                                   ./startup/startup_lpc865.o
SPI1_DriverIRQHandler                             ./startup/startup_lpc865.o
SPI1_IRQHandler                                   ./startup/startup_lpc865.o
SVC_Handler                                       ./startup/startup_lpc865.o
SWM_SetFixedPinSelect                             ./drivers/fsl_swm.o
SWM_SetFlextimerPinSelect                         ./drivers/fsl_swm.o
SWM_SetMovablePinSelect                           ./drivers/fsl_swm.o
                                                  ./board/pin_mux.o
SYSCON_AttachSignal                               ./drivers/fsl_syscon.o
StrFormatPrintf                                   ./utilities/fsl_str.o
StrFormatScanf                                    ./utilities/fsl_str.o
                                                  ./utilities/fsl_debug_console.o
SysTick_Handler                                   ./startup/startup_lpc865.o
SystemCoreClock                                   ./device/system_LPC865.o
                                                  ./board/clock_config.o
SystemCoreClockUpdate                             ./device/system_LPC865.o
SystemInit                                        ./device/system_LPC865.o
                                                  ./startup/startup_lpc865.o
SystemInitHook                                    ./device/system_LPC865.o
USART0_DriverIRQHandler                           ./drivers/fsl_usart.o
                                                  ./startup/startup_lpc865.o
USART0_IRQHandler                                 ./startup/startup_lpc865.o
USART1_DriverIRQHandler                           ./drivers/fsl_usart.o
                                                  ./startup/startup_lpc865.o
USART1_IRQHandler                                 ./startup/startup_lpc865.o
USART2_DriverIRQHandler                           ./drivers/fsl_usart.o
                                                  ./startup/startup_lpc865.o
USART2_IRQHandler                                 ./startup/startup_lpc865.o
USART_Deinit                                      ./drivers/fsl_usart.o
                                                  ./component/uart/fsl_adapter_miniusart.o
USART_GetDefaultConfig                            ./drivers/fsl_usart.o
                                                  ./component/uart/fsl_adapter_miniusart.o
USART_GetInstance                                 ./drivers/fsl_usart.o
USART_Init                                        ./drivers/fsl_usart.o
                                                  ./component/uart/fsl_adapter_miniusart.o
USART_ReadBlocking                                ./drivers/fsl_usart.o
                                                  ./component/uart/fsl_adapter_miniusart.o
USART_SetBaudRate                                 ./drivers/fsl_usart.o
USART_TransferAbortReceive                        ./drivers/fsl_usart.o
USART_TransferAbortSend                           ./drivers/fsl_usart.o
USART_TransferCreateHandle                        ./drivers/fsl_usart.o
USART_TransferGetReceiveCount                     ./drivers/fsl_usart.o
USART_TransferGetRxRingBufferLength               ./drivers/fsl_usart.o
USART_TransferGetSendCount                        ./drivers/fsl_usart.o
USART_TransferHandleIRQ                           ./drivers/fsl_usart.o
USART_TransferReceiveNonBlocking                  ./drivers/fsl_usart.o
USART_TransferSendNonBlocking                     ./drivers/fsl_usart.o
USART_TransferStartRingBuffer                     ./drivers/fsl_usart.o
USART_TransferStopRingBuffer                      ./drivers/fsl_usart.o
USART_WriteBlocking                               ./drivers/fsl_usart.o
                                                  ./component/uart/fsl_adapter_miniusart.o
WDT_DriverIRQHandler                              ./startup/startup_lpc865.o
WDT_IRQHandler                                    ./startup/startup_lpc865.o
WKT_DriverIRQHandler                              ./startup/startup_lpc865.o
WKT_IRQHandler                                    ./startup/startup_lpc865.o
_Csys_alloc                                       /Applications/MCUXpressoIDE_11.8.0_1165/ide/plugins/com.nxp.mcuxpresso.tools.macosx_11.8.0.202306131047/tools/bin/../lib/gcc/arm-none-eabi/12.2.1/../../../../arm-none-eabi/lib/thumb/v6-m/nofp/libcr_c.a(alloc.o)
                                                  /Applications/MCUXpressoIDE_11.8.0_1165/ide/plugins/com.nxp.mcuxpresso.tools.macosx_11.8.0.202306131047/tools/bin/../lib/gcc/arm-none-eabi/12.2.1/../../../../arm-none-eabi/lib/thumb/v6-m/nofp/libcr_c.a(_deferredlazyseek.o)
                                                  /Applications/MCUXpressoIDE_11.8.0_1165/ide/plugins/com.nxp.mcuxpresso.tools.macosx_11.8.0.202306131047/tools/bin/../lib/gcc/arm-none-eabi/12.2.1/../../../../arm-none-eabi/lib/thumb/v6-m/nofp/libcr_c.a(__fillbuf.o)
_Csys_read_                                       /Applications/MCUXpressoIDE_11.8.0_1165/ide/plugins/com.nxp.mcuxpresso.tools.macosx_11.8.0.202306131047/tools/bin/../lib/gcc/arm-none-eabi/12.2.1/../../../../arm-none-eabi/lib/thumb/v6-m/nofp/libcr_c.a(__fillbuf.o)
_Cwritebuf                                        /Applications/MCUXpressoIDE_11.8.0_1165/ide/plugins/com.nxp.mcuxpresso.tools.macosx_11.8.0.202306131047/tools/bin/../lib/gcc/arm-none-eabi/12.2.1/../../../../arm-none-eabi/lib/thumb/v6-m/nofp/libcr_c.a(_writebuf.o)
                                                  /Applications/MCUXpressoIDE_11.8.0_1165/ide/plugins/com.nxp.mcuxpresso.tools.macosx_11.8.0.202306131047/tools/bin/../lib/gcc/arm-none-eabi/12.2.1/../../../../arm-none-eabi/lib/thumb/v6-m/nofp/libcr_c.a(_fflush.o)
                                                  /Applications/MCUXpressoIDE_11.8.0_1165/ide/plugins/com.nxp.mcuxpresso.tools.macosx_11.8.0.202306131047/tools/bin/../lib/gcc/arm-none-eabi/12.2.1/../../../../arm-none-eabi/lib/thumb/v6-m/nofp/libcr_c.a(_deferredlazyseek.o)
__Ciob                                            /Applications/MCUXpressoIDE_11.8.0_1165/ide/plugins/com.nxp.mcuxpresso.tools.macosx_11.8.0.202306131047/tools/bin/../lib/gcc/arm-none-eabi/12.2.1/../../../../arm-none-eabi/lib/thumb/v6-m/nofp/libcr_nohost_nf.a(__ciob.o)
                                                  /Applications/MCUXpressoIDE_11.8.0_1165/ide/plugins/com.nxp.mcuxpresso.tools.macosx_11.8.0.202306131047/tools/bin/../lib/gcc/arm-none-eabi/12.2.1/../../../../arm-none-eabi/lib/thumb/v6-m/nofp/libcr_c.a(fflush.o)
                                                  /Applications/MCUXpressoIDE_11.8.0_1165/ide/plugins/com.nxp.mcuxpresso.tools.macosx_11.8.0.202306131047/tools/bin/../lib/gcc/arm-none-eabi/12.2.1/../../../../arm-none-eabi/lib/thumb/v6-m/nofp/libcr_c.a(scanf.o)
                                                  /Applications/MCUXpressoIDE_11.8.0_1165/ide/plugins/com.nxp.mcuxpresso.tools.macosx_11.8.0.202306131047/tools/bin/../lib/gcc/arm-none-eabi/12.2.1/../../../../arm-none-eabi/lib/thumb/v6-m/nofp/libcr_c.a(initio.o)
__Vectors                                         ./startup/startup_lpc865.o
__aeabi_cdcmpeq                                   /Applications/MCUXpressoIDE_11.8.0_1165/ide/plugins/com.nxp.mcuxpresso.tools.macosx_11.8.0.202306131047/tools/bin/../lib/gcc/arm-none-eabi/12.2.1/thumb/v6-m/nofp/libcr_eabihelpers.a(double.o)