../drivers/fsl_clock.h:588:24:CLOCK_GetCoreSysClkFreq	8	static
../drivers/fsl_clock.h:646:24:CLOCK_GetSystemPLLFreq	8	static
../drivers/fsl_clock.h:654:24:CLOCK_GetLpOscFreq	8	static
../drivers/fsl_clock.h:662:24:CLOCK_GetExtClkFreq	8	static
../drivers/fsl_clock.c:59:17:CLOCK_GetFRGInputClkFreq	24	static
../drivers/fsl_clock.c:77:13:CLOCK_SetFRGClkFreq	56	static
../drivers/fsl_clock.c:97:13:CLOCK_UpdateClkSrc	16	static
../drivers/fsl_clock.c:113:6:CLOCK_SetFRG0ClkFreq	16	static
../drivers/fsl_clock.c:123:6:CLOCK_SetFRG1ClkFreq	16	static
../drivers/fsl_clock.c:131:10:CLOCK_GetFRG0ClkFreq	40	static
../drivers/fsl_clock.c:142:10:CLOCK_GetFRG1ClkFreq	40	static
../drivers/fsl_clock.c:153:10:CLOCK_GetMainClkFreq	16	static
../drivers/fsl_clock.c:190:10:CLOCK_GetFroFreq	16	static
../drivers/fsl_clock.c:219:10:CLOCK_GetClockOutClkFreq	16	static
../drivers/fsl_clock.c:256:10:CLOCK_GetUart0ClkFreq	16	static
../drivers/fsl_clock.c:289:10:CLOCK_GetUart1ClkFreq	16	static
../drivers/fsl_clock.c:322:10:CLOCK_GetUart2ClkFreq	16	static
../drivers/fsl_clock.c:355:10:CLOCK_GetUart3ClkFreq	16	static
../drivers/fsl_clock.c:388:10:CLOCK_GetUart4ClkFreq	16	static
../drivers/fsl_clock.c:421:10:CLOCK_GetI3cClkFreq	16	static
../drivers/fsl_clock.c:445:10:CLOCK_GetLpOscClkFreq	8	static
../drivers/fsl_clock.c:453:10:CLOCK_GetFreq	24	static
../drivers/fsl_clock.c:498:10:CLOCK_GetSystemPLLInClockRate	16	static
../drivers/fsl_clock.c:529:17:findSyestemPllPsel	24	static
../drivers/fsl_clock.c:556:6:CLOCK_InitSystemPll	32	static
../drivers/fsl_clock.c:594:6:CLOCK_InitExtClkin	16	static
../drivers/fsl_clock.c:611:6:CLOCK_InitXtalin	16	static
../drivers/fsl_clock.c:635:6:CLOCK_InitSysOsc	24	static
../drivers/fsl_clock.c:664:6:CLOCK_SetMainClkSrc	24	static
../drivers/fsl_clock.c:686:6:CLOCK_SetFroOutClkSrc	16	static
