../startup/startup_lpc865.c:258:6:data_init	8	static
../startup/startup_lpc865.c:267:6:bss_init	0	static
../startup/startup_lpc865.c:292:6:ResetISR	0	static
../startup/startup_lpc865.c:373:14:NMI_Handler	0	static
../startup/startup_lpc865.c:377:14:HardFault_Handler	0	static
../startup/startup_lpc865.c:381:14:SVC_Handler	0	static
../startup/startup_lpc865.c:385:14:PendSV_Handler	0	static
../startup/startup_lpc865.c:389:14:SysTick_Handler	0	static
../startup/startup_lpc865.c:397:14:IntDefaultHandler	0	static
../startup/startup_lpc865.c:407:14:SPI0_IRQHandler	8	static
../startup/startup_lpc865.c:411:14:SPI1_IRQHandler	8	static
../startup/startup_lpc865.c:415:14:Reserved18_IRQHandler	8	static
../startup/startup_lpc865.c:419:14:USART0_IRQHandler	8	static
../startup/startup_lpc865.c:423:14:USART1_IRQHandler	8	static
../startup/startup_lpc865.c:427:14:USART2_IRQHandler	8	static
../startup/startup_lpc865.c:431:14:FTM0_IRQHandler	8	static
../startup/startup_lpc865.c:435:14:FTM1_IRQHandler	8	static
../startup/startup_lpc865.c:439:14:I2C0_IRQHandler	8	static
../startup/startup_lpc865.c:443:14:Reserved25_IRQHandler	8	static
../startup/startup_lpc865.c:447:14:MRT0_IRQHandler	8	static
../startup/startup_lpc865.c:451:14:ACMP_IRQHandler	8	static
../startup/startup_lpc865.c:455:14:WDT_IRQHandler	8	static
../startup/startup_lpc865.c:459:14:BOD_IRQHandler	8	static
../startup/startup_lpc865.c:463:14:FLASH_IRQHandler	8	static
../startup/startup_lpc865.c:467:14:WKT_IRQHandler	8	static
../startup/startup_lpc865.c:471:14:ADC0_SEQA_IRQHandler	8	static
../startup/startup_lpc865.c:475:14:ADC0_SEQB_IRQHandler	8	static
../startup/startup_lpc865.c:479:14:ADC0_THCMP_IRQHandler	8	static
../startup/startup_lpc865.c:483:14:ADC0_OVR_IRQHandler	8	static
../startup/startup_lpc865.c:487:14:DMA0_IRQHandler	8	static
../startup/startup_lpc865.c:491:14:I3C0_IRQHandler	8	static
../startup/startup_lpc865.c:495:14:GPIO_HS_IRQ0_IRQHandler	8	static
../startup/startup_lpc865.c:499:14:GPIO_HS_IRQ1_IRQHandler	8	static
../startup/startup_lpc865.c:503:14:PIN_INT0_IRQHandler	8	static
../startup/startup_lpc865.c:507:14:PIN_INT1_IRQHandler	8	static
../startup/startup_lpc865.c:511:14:PIN_INT2_IRQHandler	8	static
../startup/startup_lpc865.c:515:14:PIN_INT3_IRQHandler	8	static
../startup/startup_lpc865.c:519:14:PIN_INT4_IRQHandler	8	static
../startup/startup_lpc865.c:523:14:PIN_INT5_IRQHandler	8	static
../startup/startup_lpc865.c:527:14:PIN_INT6_IRQHandler	8	static
../startup/startup_lpc865.c:531:14:PIN_INT7_IRQHandler	8	static
